Archive member included to satisfy reference by file (symbol)

d:/ti/ccs1031/ccs/tools/compiler/gcc-arm-none-eabi-7-2017-q4-major-win32/bin/../lib/gcc/arm-none-eabi/7.2.1/../../../../arm-none-eabi/lib/thumb/v7e-m/fpv4-sp/hard\libc.a(lib_a-exit.o)
                              d:/ti/ccs1031/ccs/tools/compiler/gcc-arm-none-eabi-7-2017-q4-major-win32/bin/../lib/gcc/arm-none-eabi/7.2.1/../../../../arm-none-eabi/lib/thumb/v7e-m/fpv4-sp/hard/crt0.o (exit)
d:/ti/ccs1031/ccs/tools/compiler/gcc-arm-none-eabi-7-2017-q4-major-win32/bin/../lib/gcc/arm-none-eabi/7.2.1/../../../../arm-none-eabi/lib/thumb/v7e-m/fpv4-sp/hard\libc.a(lib_a-impure.o)
                              d:/ti/ccs1031/ccs/tools/compiler/gcc-arm-none-eabi-7-2017-q4-major-win32/bin/../lib/gcc/arm-none-eabi/7.2.1/../../../../arm-none-eabi/lib/thumb/v7e-m/fpv4-sp/hard\libc.a(lib_a-exit.o) (_global_impure_ptr)
d:/ti/ccs1031/ccs/tools/compiler/gcc-arm-none-eabi-7-2017-q4-major-win32/bin/../lib/gcc/arm-none-eabi/7.2.1/../../../../arm-none-eabi/lib/thumb/v7e-m/fpv4-sp/hard\libc.a(lib_a-init.o)
                              d:/ti/ccs1031/ccs/tools/compiler/gcc-arm-none-eabi-7-2017-q4-major-win32/bin/../lib/gcc/arm-none-eabi/7.2.1/../../../../arm-none-eabi/lib/thumb/v7e-m/fpv4-sp/hard/crt0.o (__libc_init_array)
d:/ti/ccs1031/ccs/tools/compiler/gcc-arm-none-eabi-7-2017-q4-major-win32/bin/../lib/gcc/arm-none-eabi/7.2.1/../../../../arm-none-eabi/lib/thumb/v7e-m/fpv4-sp/hard\libc.a(lib_a-memset.o)
                              d:/ti/ccs1031/ccs/tools/compiler/gcc-arm-none-eabi-7-2017-q4-major-win32/bin/../lib/gcc/arm-none-eabi/7.2.1/../../../../arm-none-eabi/lib/thumb/v7e-m/fpv4-sp/hard/crt0.o (memset)
d:/ti/ccs1031/ccs/tools/compiler/gcc-arm-none-eabi-7-2017-q4-major-win32/bin/../lib/gcc/arm-none-eabi/7.2.1/../../../../arm-none-eabi/lib/thumb/v7e-m/fpv4-sp/hard\libc.a(lib_a-__call_atexit.o)
                              d:/ti/ccs1031/ccs/tools/compiler/gcc-arm-none-eabi-7-2017-q4-major-win32/bin/../lib/gcc/arm-none-eabi/7.2.1/../../../../arm-none-eabi/lib/thumb/v7e-m/fpv4-sp/hard\libc.a(lib_a-exit.o) (__call_exitprocs)
d:/ti/ccs1031/ccs/tools/compiler/gcc-arm-none-eabi-7-2017-q4-major-win32/bin/../lib/gcc/arm-none-eabi/7.2.1/../../../../arm-none-eabi/lib/thumb/v7e-m/fpv4-sp/hard\libc.a(lib_a-atexit.o)
                              d:/ti/ccs1031/ccs/tools/compiler/gcc-arm-none-eabi-7-2017-q4-major-win32/bin/../lib/gcc/arm-none-eabi/7.2.1/../../../../arm-none-eabi/lib/thumb/v7e-m/fpv4-sp/hard\libc.a(lib_a-__call_atexit.o) (atexit)
d:/ti/ccs1031/ccs/tools/compiler/gcc-arm-none-eabi-7-2017-q4-major-win32/bin/../lib/gcc/arm-none-eabi/7.2.1/../../../../arm-none-eabi/lib/thumb/v7e-m/fpv4-sp/hard\libc.a(lib_a-fini.o)
                              d:/ti/ccs1031/ccs/tools/compiler/gcc-arm-none-eabi-7-2017-q4-major-win32/bin/../lib/gcc/arm-none-eabi/7.2.1/../../../../arm-none-eabi/lib/thumb/v7e-m/fpv4-sp/hard\libc.a(lib_a-__call_atexit.o) (__libc_fini_array)
d:/ti/ccs1031/ccs/tools/compiler/gcc-arm-none-eabi-7-2017-q4-major-win32/bin/../lib/gcc/arm-none-eabi/7.2.1/../../../../arm-none-eabi/lib/thumb/v7e-m/fpv4-sp/hard\libc.a(lib_a-lock.o)
                              d:/ti/ccs1031/ccs/tools/compiler/gcc-arm-none-eabi-7-2017-q4-major-win32/bin/../lib/gcc/arm-none-eabi/7.2.1/../../../../arm-none-eabi/lib/thumb/v7e-m/fpv4-sp/hard\libc.a(lib_a-__call_atexit.o) (__retarget_lock_acquire_recursive)
d:/ti/ccs1031/ccs/tools/compiler/gcc-arm-none-eabi-7-2017-q4-major-win32/bin/../lib/gcc/arm-none-eabi/7.2.1/../../../../arm-none-eabi/lib/thumb/v7e-m/fpv4-sp/hard\libc.a(lib_a-__atexit.o)
                              d:/ti/ccs1031/ccs/tools/compiler/gcc-arm-none-eabi-7-2017-q4-major-win32/bin/../lib/gcc/arm-none-eabi/7.2.1/../../../../arm-none-eabi/lib/thumb/v7e-m/fpv4-sp/hard\libc.a(lib_a-atexit.o) (__register_exitproc)
d:/ti/ccs1031/ccs/tools/compiler/gcc-arm-none-eabi-7-2017-q4-major-win32/bin/../lib/gcc/arm-none-eabi/7.2.1/../../../../arm-none-eabi/lib/thumb/v7e-m/fpv4-sp/hard\libnosys.a(_exit.o)
                              d:/ti/ccs1031/ccs/tools/compiler/gcc-arm-none-eabi-7-2017-q4-major-win32/bin/../lib/gcc/arm-none-eabi/7.2.1/../../../../arm-none-eabi/lib/thumb/v7e-m/fpv4-sp/hard\libc.a(lib_a-exit.o) (_exit)

Allocating common symbols
Common symbol       size              file

__lock___atexit_recursive_mutex
                    0x1               d:/ti/ccs1031/ccs/tools/compiler/gcc-arm-none-eabi-7-2017-q4-major-win32/bin/../lib/gcc/arm-none-eabi/7.2.1/../../../../arm-none-eabi/lib/thumb/v7e-m/fpv4-sp/hard\libc.a(lib_a-lock.o)
__lock___arc4random_mutex
                    0x1               d:/ti/ccs1031/ccs/tools/compiler/gcc-arm-none-eabi-7-2017-q4-major-win32/bin/../lib/gcc/arm-none-eabi/7.2.1/../../../../arm-none-eabi/lib/thumb/v7e-m/fpv4-sp/hard\libc.a(lib_a-lock.o)
__lock___env_recursive_mutex
                    0x1               d:/ti/ccs1031/ccs/tools/compiler/gcc-arm-none-eabi-7-2017-q4-major-win32/bin/../lib/gcc/arm-none-eabi/7.2.1/../../../../arm-none-eabi/lib/thumb/v7e-m/fpv4-sp/hard\libc.a(lib_a-lock.o)
__lock___sinit_recursive_mutex
                    0x1               d:/ti/ccs1031/ccs/tools/compiler/gcc-arm-none-eabi-7-2017-q4-major-win32/bin/../lib/gcc/arm-none-eabi/7.2.1/../../../../arm-none-eabi/lib/thumb/v7e-m/fpv4-sp/hard\libc.a(lib_a-lock.o)
__lock___malloc_recursive_mutex
                    0x1               d:/ti/ccs1031/ccs/tools/compiler/gcc-arm-none-eabi-7-2017-q4-major-win32/bin/../lib/gcc/arm-none-eabi/7.2.1/../../../../arm-none-eabi/lib/thumb/v7e-m/fpv4-sp/hard\libc.a(lib_a-lock.o)
__lock___at_quick_exit_mutex
                    0x1               d:/ti/ccs1031/ccs/tools/compiler/gcc-arm-none-eabi-7-2017-q4-major-win32/bin/../lib/gcc/arm-none-eabi/7.2.1/../../../../arm-none-eabi/lib/thumb/v7e-m/fpv4-sp/hard\libc.a(lib_a-lock.o)
__lock___dd_hash_mutex
                    0x1               d:/ti/ccs1031/ccs/tools/compiler/gcc-arm-none-eabi-7-2017-q4-major-win32/bin/../lib/gcc/arm-none-eabi/7.2.1/../../../../arm-none-eabi/lib/thumb/v7e-m/fpv4-sp/hard\libc.a(lib_a-lock.o)
__lock___tz_mutex   0x1               d:/ti/ccs1031/ccs/tools/compiler/gcc-arm-none-eabi-7-2017-q4-major-win32/bin/../lib/gcc/arm-none-eabi/7.2.1/../../../../arm-none-eabi/lib/thumb/v7e-m/fpv4-sp/hard\libc.a(lib_a-lock.o)
__lock___sfp_recursive_mutex
                    0x1               d:/ti/ccs1031/ccs/tools/compiler/gcc-arm-none-eabi-7-2017-q4-major-win32/bin/../lib/gcc/arm-none-eabi/7.2.1/../../../../arm-none-eabi/lib/thumb/v7e-m/fpv4-sp/hard\libc.a(lib_a-lock.o)

Discarded input sections

 .debug_frame   0x00000000       0x28 d:/ti/ccs1031/ccs/tools/compiler/gcc-arm-none-eabi-7-2017-q4-major-win32/bin/../lib/gcc/arm-none-eabi/7.2.1/../../../../arm-none-eabi/lib/thumb/v7e-m/fpv4-sp/hard\libc.a(lib_a-exit.o)
 .ARM.attributes
                0x00000000       0x34 d:/ti/ccs1031/ccs/tools/compiler/gcc-arm-none-eabi-7-2017-q4-major-win32/bin/../lib/gcc/arm-none-eabi/7.2.1/../../../../arm-none-eabi/lib/thumb/v7e-m/fpv4-sp/hard\libc.a(lib_a-exit.o)
 .ARM.attributes
                0x00000000       0x34 d:/ti/ccs1031/ccs/tools/compiler/gcc-arm-none-eabi-7-2017-q4-major-win32/bin/../lib/gcc/arm-none-eabi/7.2.1/../../../../arm-none-eabi/lib/thumb/v7e-m/fpv4-sp/hard\libc.a(lib_a-impure.o)
 .debug_frame   0x00000000       0x2c d:/ti/ccs1031/ccs/tools/compiler/gcc-arm-none-eabi-7-2017-q4-major-win32/bin/../lib/gcc/arm-none-eabi/7.2.1/../../../../arm-none-eabi/lib/thumb/v7e-m/fpv4-sp/hard\libc.a(lib_a-init.o)
 .ARM.attributes
                0x00000000       0x34 d:/ti/ccs1031/ccs/tools/compiler/gcc-arm-none-eabi-7-2017-q4-major-win32/bin/../lib/gcc/arm-none-eabi/7.2.1/../../../../arm-none-eabi/lib/thumb/v7e-m/fpv4-sp/hard\libc.a(lib_a-init.o)
 .debug_frame   0x00000000       0x38 d:/ti/ccs1031/ccs/tools/compiler/gcc-arm-none-eabi-7-2017-q4-major-win32/bin/../lib/gcc/arm-none-eabi/7.2.1/../../../../arm-none-eabi/lib/thumb/v7e-m/fpv4-sp/hard\libc.a(lib_a-memset.o)
 .ARM.attributes
                0x00000000       0x34 d:/ti/ccs1031/ccs/tools/compiler/gcc-arm-none-eabi-7-2017-q4-major-win32/bin/../lib/gcc/arm-none-eabi/7.2.1/../../../../arm-none-eabi/lib/thumb/v7e-m/fpv4-sp/hard\libc.a(lib_a-memset.o)
 .debug_frame   0x00000000       0x5c d:/ti/ccs1031/ccs/tools/compiler/gcc-arm-none-eabi-7-2017-q4-major-win32/bin/../lib/gcc/arm-none-eabi/7.2.1/../../../../arm-none-eabi/lib/thumb/v7e-m/fpv4-sp/hard\libc.a(lib_a-__call_atexit.o)
 .ARM.attributes
                0x00000000       0x34 d:/ti/ccs1031/ccs/tools/compiler/gcc-arm-none-eabi-7-2017-q4-major-win32/bin/../lib/gcc/arm-none-eabi/7.2.1/../../../../arm-none-eabi/lib/thumb/v7e-m/fpv4-sp/hard\libc.a(lib_a-__call_atexit.o)
 .debug_frame   0x00000000       0x20 d:/ti/ccs1031/ccs/tools/compiler/gcc-arm-none-eabi-7-2017-q4-major-win32/bin/../lib/gcc/arm-none-eabi/7.2.1/../../../../arm-none-eabi/lib/thumb/v7e-m/fpv4-sp/hard\libc.a(lib_a-atexit.o)
 .ARM.attributes
                0x00000000       0x34 d:/ti/ccs1031/ccs/tools/compiler/gcc-arm-none-eabi-7-2017-q4-major-win32/bin/../lib/gcc/arm-none-eabi/7.2.1/../../../../arm-none-eabi/lib/thumb/v7e-m/fpv4-sp/hard\libc.a(lib_a-atexit.o)
 .debug_frame   0x00000000       0x34 d:/ti/ccs1031/ccs/tools/compiler/gcc-arm-none-eabi-7-2017-q4-major-win32/bin/../lib/gcc/arm-none-eabi/7.2.1/../../../../arm-none-eabi/lib/thumb/v7e-m/fpv4-sp/hard\libc.a(lib_a-fini.o)
 .ARM.attributes
                0x00000000       0x34 d:/ti/ccs1031/ccs/tools/compiler/gcc-arm-none-eabi-7-2017-q4-major-win32/bin/../lib/gcc/arm-none-eabi/7.2.1/../../../../arm-none-eabi/lib/thumb/v7e-m/fpv4-sp/hard\libc.a(lib_a-fini.o)
 .debug_frame   0x00000000       0xb0 d:/ti/ccs1031/ccs/tools/compiler/gcc-arm-none-eabi-7-2017-q4-major-win32/bin/../lib/gcc/arm-none-eabi/7.2.1/../../../../arm-none-eabi/lib/thumb/v7e-m/fpv4-sp/hard\libc.a(lib_a-lock.o)
 .ARM.attributes
                0x00000000       0x34 d:/ti/ccs1031/ccs/tools/compiler/gcc-arm-none-eabi-7-2017-q4-major-win32/bin/../lib/gcc/arm-none-eabi/7.2.1/../../../../arm-none-eabi/lib/thumb/v7e-m/fpv4-sp/hard\libc.a(lib_a-lock.o)
 .debug_frame   0x00000000       0x34 d:/ti/ccs1031/ccs/tools/compiler/gcc-arm-none-eabi-7-2017-q4-major-win32/bin/../lib/gcc/arm-none-eabi/7.2.1/../../../../arm-none-eabi/lib/thumb/v7e-m/fpv4-sp/hard\libc.a(lib_a-__atexit.o)
 .ARM.attributes
                0x00000000       0x34 d:/ti/ccs1031/ccs/tools/compiler/gcc-arm-none-eabi-7-2017-q4-major-win32/bin/../lib/gcc/arm-none-eabi/7.2.1/../../../../arm-none-eabi/lib/thumb/v7e-m/fpv4-sp/hard\libc.a(lib_a-__atexit.o)

Memory Configuration

Name             Origin             Length             Attributes
ROM              0x00000000         0x00040000         xr
RAM              0x20000000         0x00008000         xrw
*default*        0x00000000         0xffffffff

Linker script and memory map

LOAD d:/ti/ccs1031/ccs/tools/compiler/gcc-arm-none-eabi-7-2017-q4-major-win32/bin/../lib/gcc/arm-none-eabi/7.2.1/thumb/v7e-m/fpv4-sp/hard/crti.o
LOAD d:/ti/ccs1031/ccs/tools/compiler/gcc-arm-none-eabi-7-2017-q4-major-win32/bin/../lib/gcc/arm-none-eabi/7.2.1/thumb/v7e-m/fpv4-sp/hard/crtbegin.o
LOAD d:/ti/ccs1031/ccs/tools/compiler/gcc-arm-none-eabi-7-2017-q4-major-win32/bin/../lib/gcc/arm-none-eabi/7.2.1/../../../../arm-none-eabi/lib/thumb/v7e-m/fpv4-sp/hard/crt0.o
LOAD ./bsp.o
LOAD ./main.o
LOAD ./php.o
LOAD ./php_keypad.o
LOAD ./php_lcd.o
LOAD ./php_timer.o
LOAD ./php_uart.o
LOAD ./startup_tm4c_gnu.o
                0x00000200                STACK_SIZE = 0x200
                0x00000000                HEAP_SIZE = 0x0

.isr_vector     0x00000000      0x26c
 *(.isr_vector)
 .isr_vector    0x00000000      0x26c ./startup_tm4c_gnu.o
                0x00000000                g_pfnVectors
                0x0000026c                . = ALIGN (0x4)

.eh_frame       0x0000026c        0x4
 .eh_frame      0x0000026c        0x0 d:/ti/ccs1031/ccs/tools/compiler/gcc-arm-none-eabi-7-2017-q4-major-win32/bin/../lib/gcc/arm-none-eabi/7.2.1/thumb/v7e-m/fpv4-sp/hard/crtbegin.o
 .eh_frame      0x0000026c        0x4 d:/ti/ccs1031/ccs/tools/compiler/gcc-arm-none-eabi-7-2017-q4-major-win32/bin/../lib/gcc/arm-none-eabi/7.2.1/thumb/v7e-m/fpv4-sp/hard/crtend.o

.ARM.extab      0x00000270        0x0
 .ARM.extab     0x00000270        0x0 d:/ti/ccs1031/ccs/tools/compiler/gcc-arm-none-eabi-7-2017-q4-major-win32/bin/../lib/gcc/arm-none-eabi/7.2.1/../../../../arm-none-eabi/lib/thumb/v7e-m/fpv4-sp/hard/crt0.o

.ARM.exidx      0x00000270        0x8
 .ARM.exidx     0x00000270        0x8 d:/ti/ccs1031/ccs/tools/compiler/gcc-arm-none-eabi-7-2017-q4-major-win32/bin/../lib/gcc/arm-none-eabi/7.2.1/../../../../arm-none-eabi/lib/thumb/v7e-m/fpv4-sp/hard/crt0.o

.text           0x00000278     0x14a8
                0x00000278                . = ALIGN (0x4)
 *(.text)
 .text          0x00000278        0x0 d:/ti/ccs1031/ccs/tools/compiler/gcc-arm-none-eabi-7-2017-q4-major-win32/bin/../lib/gcc/arm-none-eabi/7.2.1/thumb/v7e-m/fpv4-sp/hard/crti.o
 .text          0x00000278       0x40 d:/ti/ccs1031/ccs/tools/compiler/gcc-arm-none-eabi-7-2017-q4-major-win32/bin/../lib/gcc/arm-none-eabi/7.2.1/thumb/v7e-m/fpv4-sp/hard/crtbegin.o
 .text          0x000002b8       0x74 d:/ti/ccs1031/ccs/tools/compiler/gcc-arm-none-eabi-7-2017-q4-major-win32/bin/../lib/gcc/arm-none-eabi/7.2.1/../../../../arm-none-eabi/lib/thumb/v7e-m/fpv4-sp/hard/crt0.o
                0x000002b8                _start
                0x000002b8                _mainCRTStartup
 .text          0x0000032c        0x0 ./bsp.o
 .text          0x0000032c        0x0 ./main.o
 .text          0x0000032c        0x0 ./php.o
 .text          0x0000032c        0x0 ./php_keypad.o
 .text          0x0000032c        0x0 ./php_lcd.o
 .text          0x0000032c        0x0 ./php_timer.o
 .text          0x0000032c        0x0 ./php_uart.o
 .text          0x0000032c        0x0 ./startup_tm4c_gnu.o
 .text          0x0000032c        0x0 d:/ti/ccs1031/ccs/tools/compiler/gcc-arm-none-eabi-7-2017-q4-major-win32/bin/../lib/gcc/arm-none-eabi/7.2.1/../../../../arm-none-eabi/lib/thumb/v7e-m/fpv4-sp/hard\libc.a(lib_a-exit.o)
 .text          0x0000032c        0x0 d:/ti/ccs1031/ccs/tools/compiler/gcc-arm-none-eabi-7-2017-q4-major-win32/bin/../lib/gcc/arm-none-eabi/7.2.1/../../../../arm-none-eabi/lib/thumb/v7e-m/fpv4-sp/hard\libc.a(lib_a-impure.o)
 .text          0x0000032c        0x0 d:/ti/ccs1031/ccs/tools/compiler/gcc-arm-none-eabi-7-2017-q4-major-win32/bin/../lib/gcc/arm-none-eabi/7.2.1/../../../../arm-none-eabi/lib/thumb/v7e-m/fpv4-sp/hard\libc.a(lib_a-init.o)
 .text          0x0000032c        0x0 d:/ti/ccs1031/ccs/tools/compiler/gcc-arm-none-eabi-7-2017-q4-major-win32/bin/../lib/gcc/arm-none-eabi/7.2.1/../../../../arm-none-eabi/lib/thumb/v7e-m/fpv4-sp/hard\libc.a(lib_a-memset.o)
 .text          0x0000032c        0x0 d:/ti/ccs1031/ccs/tools/compiler/gcc-arm-none-eabi-7-2017-q4-major-win32/bin/../lib/gcc/arm-none-eabi/7.2.1/../../../../arm-none-eabi/lib/thumb/v7e-m/fpv4-sp/hard\libc.a(lib_a-__call_atexit.o)
 .text          0x0000032c        0x0 d:/ti/ccs1031/ccs/tools/compiler/gcc-arm-none-eabi-7-2017-q4-major-win32/bin/../lib/gcc/arm-none-eabi/7.2.1/../../../../arm-none-eabi/lib/thumb/v7e-m/fpv4-sp/hard\libc.a(lib_a-atexit.o)
 .text          0x0000032c        0x0 d:/ti/ccs1031/ccs/tools/compiler/gcc-arm-none-eabi-7-2017-q4-major-win32/bin/../lib/gcc/arm-none-eabi/7.2.1/../../../../arm-none-eabi/lib/thumb/v7e-m/fpv4-sp/hard\libc.a(lib_a-fini.o)
 .text          0x0000032c        0x0 d:/ti/ccs1031/ccs/tools/compiler/gcc-arm-none-eabi-7-2017-q4-major-win32/bin/../lib/gcc/arm-none-eabi/7.2.1/../../../../arm-none-eabi/lib/thumb/v7e-m/fpv4-sp/hard\libc.a(lib_a-lock.o)
 .text          0x0000032c        0x0 d:/ti/ccs1031/ccs/tools/compiler/gcc-arm-none-eabi-7-2017-q4-major-win32/bin/../lib/gcc/arm-none-eabi/7.2.1/../../../../arm-none-eabi/lib/thumb/v7e-m/fpv4-sp/hard\libc.a(lib_a-__atexit.o)
 .text          0x0000032c        0x0 d:/ti/ccs1031/ccs/tools/compiler/gcc-arm-none-eabi-7-2017-q4-major-win32/bin/../lib/gcc/arm-none-eabi/7.2.1/../../../../arm-none-eabi/lib/thumb/v7e-m/fpv4-sp/hard\libnosys.a(_exit.o)
 .text          0x0000032c        0x0 d:/ti/ccs1031/ccs/tools/compiler/gcc-arm-none-eabi-7-2017-q4-major-win32/bin/../lib/gcc/arm-none-eabi/7.2.1/thumb/v7e-m/fpv4-sp/hard/crtend.o
 .text          0x0000032c        0x0 d:/ti/ccs1031/ccs/tools/compiler/gcc-arm-none-eabi-7-2017-q4-major-win32/bin/../lib/gcc/arm-none-eabi/7.2.1/thumb/v7e-m/fpv4-sp/hard/crtn.o
 *(.text*)
 .text.__NVIC_SystemReset
                0x0000032c       0x28 ./bsp.o
 .text.BSP_init
                0x00000354       0x14 ./bsp.o
                0x00000354                BSP_init
 .text.BSP_LCD_ReturnHome
                0x00000368        0xe ./bsp.o
                0x00000368                BSP_LCD_ReturnHome
 .text.BSP_LCD_ClearDisplay
                0x00000376        0xe ./bsp.o
                0x00000376                BSP_LCD_ClearDisplay
 .text.BSP_LCD_DisplayOff
                0x00000384        0xe ./bsp.o
                0x00000384                BSP_LCD_DisplayOff
 .text.BSP_LCD_PrintStringData
                0x00000392       0x28 ./bsp.o
                0x00000392                BSP_LCD_PrintStringData
 *fill*         0x000003ba        0x2 
 .text.BSP_LCD_NibbleWrite
                0x000003bc       0x64 ./bsp.o
                0x000003bc                BSP_LCD_NibbleWrite
 .text.BSP_LCD_Command
                0x00000420       0x44 ./bsp.o
                0x00000420                BSP_LCD_Command
 .text.BSP_LCD_Data
                0x00000464       0x36 ./bsp.o
                0x00000464                BSP_LCD_Data
 .text.BSP_LCD_Init
                0x0000049a       0x7c ./bsp.o
                0x0000049a                BSP_LCD_Init
 *fill*         0x00000516        0x2 
 .text.BSP_LCD_Test
                0x00000518       0x3c ./bsp.o
                0x00000518                BSP_LCD_Test
 .text.BSP_UART_Test
                0x00000554       0x50 ./bsp.o
                0x00000554                BSP_UART_Test
 .text.BSP_TIMER_SYSTICK_Test_01
                0x000005a4       0x24 ./bsp.o
                0x000005a4                BSP_TIMER_SYSTICK_Test_01
 .text.BSP_TIMER_SYSTICK_Test_02
                0x000005c8       0x24 ./bsp.o
                0x000005c8                BSP_TIMER_SYSTICK_Test_02
 .text.BSP_TIMER_A_Test_03
                0x000005ec       0x34 ./bsp.o
                0x000005ec                BSP_TIMER_A_Test_03
 .text.BSP_TIMER_A_Test_04
                0x00000620       0x38 ./bsp.o
                0x00000620                BSP_TIMER_A_Test_04
 .text.BSP_TIMER_A_Test_05
                0x00000658       0x28 ./bsp.o
                0x00000658                BSP_TIMER_A_Test_05
 .text.BSP_DelayUs
                0x00000680       0x3a ./bsp.o
                0x00000680                BSP_DelayUs
 .text.BSP_DelayMs
                0x000006ba       0x3e ./bsp.o
                0x000006ba                BSP_DelayMs
 .text.BSP_DelaySec
                0x000006f8       0x20 ./bsp.o
                0x000006f8                BSP_DelaySec
 .text.Q_onAssert
                0x00000718        0xe ./bsp.o
                0x00000718                Q_onAssert
 .text.assert_failed
                0x00000726        0x4 ./bsp.o
                0x00000726                assert_failed
 .text.main     0x0000072a        0xe ./main.o
                0x0000072a                main
 .text.PHP_DelayUs
                0x00000738       0x3a ./php.o
                0x00000738                PHP_DelayUs
 .text.PHP_DelayMs
                0x00000772       0x3e ./php.o
                0x00000772                PHP_DelayMs
 .text.PHP_KEYPAD_Init
                0x000007b0       0xcc ./php_keypad.o
                0x000007b0                PHP_KEYPAD_Init
 .text.PHP_KEYPAD_GetKey
                0x0000087c      0x140 ./php_keypad.o
                0x0000087c                PHP_KEYPAD_GetKey
 .text.PHP_KEYPAD_GetChar
                0x000009bc       0x42 ./php_keypad.o
                0x000009bc                PHP_KEYPAD_GetChar
 *fill*         0x000009fe        0x2 
 .text.PHP_LCD_Init
                0x00000a00       0x68 ./php_lcd.o
                0x00000a00                PHP_LCD_Init
 .text.PHP_LED_Init
                0x00000a68       0x68 ./php_timer.o
                0x00000a68                PHP_LED_Init
 .text.PHP_TIMER_SYSTICK_Init
                0x00000ad0       0x30 ./php_timer.o
                0x00000ad0                PHP_TIMER_SYSTICK_Init
 .text.PHP_TIMER_SYSTICK_DelayMs
                0x00000b00       0x48 ./php_timer.o
                0x00000b00                PHP_TIMER_SYSTICK_DelayMs
 .text.PHP_TIMER_A_OneShotMode_DelayMs
                0x00000b48       0x8c ./php_timer.o
                0x00000b48                PHP_TIMER_A_OneShotMode_DelayMs
 .text.PHP_TIMER_B_OneShotMode_DelayMs
                0x00000bd4       0x88 ./php_timer.o
                0x00000bd4                PHP_TIMER_B_OneShotMode_DelayMs
 .text.PHP_TIMER_A_PeriodicMode_DelayMs
                0x00000c5c       0xa0 ./php_timer.o
                0x00000c5c                PHP_TIMER_A_PeriodicMode_DelayMs
 .text.PHP_TIMER_B_PeriodicMode_DelayMs
                0x00000cfc       0xa0 ./php_timer.o
                0x00000cfc                PHP_TIMER_B_PeriodicMode_DelayMs
 .text.PHP_TIMER0_A_CaptureMode_EdgeTime_Init
                0x00000d9c       0xcc ./php_timer.o
                0x00000d9c                PHP_TIMER0_A_CaptureMode_EdgeTime_Init
 .text.PHP_TIMER0_A_EdgeTimeCapture
                0x00000e68       0x60 ./php_timer.o
                0x00000e68                PHP_TIMER0_A_EdgeTimeCapture
 .text.PHP_TIMER3_A_CaptureMode_EdgeCount_Init
                0x00000ec8       0xd8 ./php_timer.o
                0x00000ec8                PHP_TIMER3_A_CaptureMode_EdgeCount_Init
 .text.PHP_TIMER3_A_EdgeCountCapture
                0x00000fa0       0x18 ./php_timer.o
                0x00000fa0                PHP_TIMER3_A_EdgeCountCapture
 .text.PHP_TIMER_WIDE_A_OneShotMode_DelaySec
                0x00000fb8       0x8c ./php_timer.o
                0x00000fb8                PHP_TIMER_WIDE_A_OneShotMode_DelaySec
 .text.PHP_UART0_Init
                0x00001044       0xc8 ./php_uart.o
                0x00001044                PHP_UART0_Init
 .text.PHP_UART1_Init
                0x0000110c       0xe8 ./php_uart.o
                0x0000110c                PHP_UART1_Init
 .text.PHP_UART_Rx
                0x000011f4       0x2a ./php_uart.o
                0x000011f4                PHP_UART_Rx
 .text.PHP_UART_Tx
                0x0000121e       0x2c ./php_uart.o
                0x0000121e                PHP_UART_Tx
 .text.PHP_UART_TxString
                0x0000124a       0x2c ./php_uart.o
                0x0000124a                PHP_UART_TxString
 *fill*         0x00001276        0x2 
 .text.Reset_Handler
                0x00001278       0x88 ./startup_tm4c_gnu.o
                0x00001278                Reset_Handler
 .text.NMI_Handler
                0x00001300       0x18 ./startup_tm4c_gnu.o
                0x00001300                NMI_Handler
 .text.MemManage_Handler
                0x00001318       0x1c ./startup_tm4c_gnu.o
                0x00001318                MemManage_Handler
 .text.HardFault_Handler
                0x00001334       0x1c ./startup_tm4c_gnu.o
                0x00001334                HardFault_Handler
 .text.BusFault_Handler
                0x00001350       0x1c ./startup_tm4c_gnu.o
                0x00001350                BusFault_Handler
 .text.UsageFault_Handler
                0x0000136c       0x20 ./startup_tm4c_gnu.o
                0x0000136c                UsageFault_Handler
 .text.Default_Handler
                0x0000138c       0x1c ./startup_tm4c_gnu.o
                0x0000138c                uDMAST_IRQHandler
                0x0000138c                GPIOPortP4_IRQHandler
                0x0000138c                PWM1Gen3_IRQHandler
                0x0000138c                WideTimer5B_IRQHandler
                0x0000138c                DebugMon_Handler
                0x0000138c                QEI2_IRQHandler
                0x0000138c                FlashCtrl_IRQHandler
                0x0000138c                GPIOPortP7_IRQHandler
                0x0000138c                Timer0B_IRQHandler
                0x0000138c                I2C0_IRQHandler
                0x0000138c                SysTick_Handler
                0x0000138c                WideTimer4B_IRQHandler
                0x0000138c                PendSV_Handler
                0x0000138c                I2C1_IRQHandler
                0x0000138c                GPIOPortP5_IRQHandler
                0x0000138c                PWMGen0_IRQHandler
                0x0000138c                UART1_IRQHandler
                0x0000138c                CAN1_IRQHandler
                0x0000138c                Timer1B_IRQHandler
                0x0000138c                Watchdog_IRQHandler
                0x0000138c                GPIOPortS_IRQHandler
                0x0000138c                GPIOPortQ7_IRQHandler
                0x0000138c                PWM1Gen2_IRQHandler
                0x0000138c                UART0_IRQHandler
                0x0000138c                GPIOPortL_IRQHandler
                0x0000138c                SSI0_IRQHandler
                0x0000138c                GPIOPortM_IRQHandler
                0x0000138c                FPU_IRQHandler
                0x0000138c                ADCSeq1_IRQHandler
                0x0000138c                GPIOPortP0_IRQHandler
                0x0000138c                WideTimer0B_IRQHandler
                0x0000138c                PWMFault_IRQHandler
                0x0000138c                WideTimer1A_IRQHandler
                0x0000138c                I2C5_IRQHandler
                0x0000138c                I2C4_IRQHandler
                0x0000138c                GPIOPortQ5_IRQHandler
                0x0000138c                PWMGen1_IRQHandler
                0x0000138c                SSI1_IRQHandler
                0x0000138c                I2C2_IRQHandler
                0x0000138c                UART5_IRQHandler
                0x0000138c                GPIOPortC_IRQHandler
                0x0000138c                GPIOPortK_IRQHandler
                0x0000138c                ADCSeq2_IRQHandler
                0x0000138c                PWMGen2_IRQHandler
                0x0000138c                UART2_IRQHandler
                0x0000138c                GPIOPortP3_IRQHandler
                0x0000138c                ADC1Seq0_IRQHandler
                0x0000138c                UART4_IRQHandler
                0x0000138c                GPIOPortJ_IRQHandler
                0x0000138c                Default_Handler
                0x0000138c                WideTimer0A_IRQHandler
                0x0000138c                Timer5A_IRQHandler
                0x0000138c                WideTimer3B_IRQHandler
                0x0000138c                WideTimer2B_IRQHandler
                0x0000138c                WideTimer5A_IRQHandler
                0x0000138c                Timer4A_IRQHandler
                0x0000138c                QEI1_IRQHandler
                0x0000138c                PWM1Fault_IRQHandler
                0x0000138c                GPIOPortP6_IRQHandler
                0x0000138c                QEI0_IRQHandler
                0x0000138c                ADC1Seq2_IRQHandler
                0x0000138c                ADC1Seq1_IRQHandler
                0x0000138c                PWMGen3_IRQHandler
                0x0000138c                GPIOPortD_IRQHandler
                0x0000138c                USB0_IRQHandler
                0x0000138c                I2C3_IRQHandler
                0x0000138c                SVC_Handler
                0x0000138c                GPIOPortP2_IRQHandler
                0x0000138c                GPIOPortQ4_IRQHandler
                0x0000138c                Timer3B_IRQHandler
                0x0000138c                Timer3A_IRQHandler
                0x0000138c                GPIOPortA_IRQHandler
                0x0000138c                ADC1Seq3_IRQHandler
                0x0000138c                Timer0A_IRQHandler
                0x0000138c                GPIOPortP1_IRQHandler
                0x0000138c                ADCSeq0_IRQHandler
                0x0000138c                Timer1A_IRQHandler
                0x0000138c                GPIOPortG_IRQHandler
                0x0000138c                GPIOPortQ3_IRQHandler
                0x0000138c                GPIOPortQ1_IRQHandler
                0x0000138c                Timer5B_IRQHandler
                0x0000138c                ADCSeq3_IRQHandler
                0x0000138c                WideTimer4A_IRQHandler
                0x0000138c                GPIOPortE_IRQHandler
                0x0000138c                CAN0_IRQHandler
                0x0000138c                GPIOPortQ0_IRQHandler
                0x0000138c                Comp0_IRQHandler
                0x0000138c                Comp1_IRQHandler
                0x0000138c                Comp2_IRQHandler
                0x0000138c                GPIOPortQ6_IRQHandler
                0x0000138c                SSI2_IRQHandler
                0x0000138c                PWM1Gen0_IRQHandler
                0x0000138c                GPIOPortF_IRQHandler
                0x0000138c                UART7_IRQHandler
                0x0000138c                UART6_IRQHandler
                0x0000138c                WideTimer2A_IRQHandler
                0x0000138c                GPIOPortB_IRQHandler
                0x0000138c                WideTimer3A_IRQHandler
                0x0000138c                CAN2_IRQHandler
                0x0000138c                WideTimer1B_IRQHandler
                0x0000138c                GPIOPortH_IRQHandler
                0x0000138c                GPIOPortQ2_IRQHandler
                0x0000138c                GPIOPortR_IRQHandler
                0x0000138c                Timer4B_IRQHandler
                0x0000138c                Timer2A_IRQHandler
                0x0000138c                SSI3_IRQHandler
                0x0000138c                Timer2B_IRQHandler
                0x0000138c                uDMAError_IRQHandler
                0x0000138c                GPIOPortN_IRQHandler
                0x0000138c                UART3_IRQHandler
                0x0000138c                SysCtrl_IRQHandler
                0x0000138c                Hibernate_IRQHandler
                0x0000138c                PWM1Gen1_IRQHandler
 .text.exit     0x000013a8       0x20 d:/ti/ccs1031/ccs/tools/compiler/gcc-arm-none-eabi-7-2017-q4-major-win32/bin/../lib/gcc/arm-none-eabi/7.2.1/../../../../arm-none-eabi/lib/thumb/v7e-m/fpv4-sp/hard\libc.a(lib_a-exit.o)
                0x000013a8                exit
 .text.__libc_init_array
                0x000013c8       0x48 d:/ti/ccs1031/ccs/tools/compiler/gcc-arm-none-eabi-7-2017-q4-major-win32/bin/../lib/gcc/arm-none-eabi/7.2.1/../../../../arm-none-eabi/lib/thumb/v7e-m/fpv4-sp/hard\libc.a(lib_a-init.o)
                0x000013c8                __libc_init_array
 .text.memset   0x00001410       0x94 d:/ti/ccs1031/ccs/tools/compiler/gcc-arm-none-eabi-7-2017-q4-major-win32/bin/../lib/gcc/arm-none-eabi/7.2.1/../../../../arm-none-eabi/lib/thumb/v7e-m/fpv4-sp/hard\libc.a(lib_a-memset.o)
                0x00001410                memset
 .text.startup.register_fini
                0x000014a4       0x14 d:/ti/ccs1031/ccs/tools/compiler/gcc-arm-none-eabi-7-2017-q4-major-win32/bin/../lib/gcc/arm-none-eabi/7.2.1/../../../../arm-none-eabi/lib/thumb/v7e-m/fpv4-sp/hard\libc.a(lib_a-__call_atexit.o)
 .text.__call_exitprocs
                0x000014b8       0xe8 d:/ti/ccs1031/ccs/tools/compiler/gcc-arm-none-eabi-7-2017-q4-major-win32/bin/../lib/gcc/arm-none-eabi/7.2.1/../../../../arm-none-eabi/lib/thumb/v7e-m/fpv4-sp/hard\libc.a(lib_a-__call_atexit.o)
                0x000014b8                __call_exitprocs
 .text.atexit   0x000015a0        0xc d:/ti/ccs1031/ccs/tools/compiler/gcc-arm-none-eabi-7-2017-q4-major-win32/bin/../lib/gcc/arm-none-eabi/7.2.1/../../../../arm-none-eabi/lib/thumb/v7e-m/fpv4-sp/hard\libc.a(lib_a-atexit.o)
                0x000015a0                atexit
 .text.__libc_fini_array
                0x000015ac       0x34 d:/ti/ccs1031/ccs/tools/compiler/gcc-arm-none-eabi-7-2017-q4-major-win32/bin/../lib/gcc/arm-none-eabi/7.2.1/../../../../arm-none-eabi/lib/thumb/v7e-m/fpv4-sp/hard\libc.a(lib_a-fini.o)
                0x000015ac                __libc_fini_array
 .text.__retarget_lock_init
                0x000015e0        0x4 d:/ti/ccs1031/ccs/tools/compiler/gcc-arm-none-eabi-7-2017-q4-major-win32/bin/../lib/gcc/arm-none-eabi/7.2.1/../../../../arm-none-eabi/lib/thumb/v7e-m/fpv4-sp/hard\libc.a(lib_a-lock.o)
                0x000015e0                __retarget_lock_init
 .text.__retarget_lock_init_recursive
                0x000015e4        0x4 d:/ti/ccs1031/ccs/tools/compiler/gcc-arm-none-eabi-7-2017-q4-major-win32/bin/../lib/gcc/arm-none-eabi/7.2.1/../../../../arm-none-eabi/lib/thumb/v7e-m/fpv4-sp/hard\libc.a(lib_a-lock.o)
                0x000015e4                __retarget_lock_init_recursive
 .text.__retarget_lock_close
                0x000015e8        0x4 d:/ti/ccs1031/ccs/tools/compiler/gcc-arm-none-eabi-7-2017-q4-major-win32/bin/../lib/gcc/arm-none-eabi/7.2.1/../../../../arm-none-eabi/lib/thumb/v7e-m/fpv4-sp/hard\libc.a(lib_a-lock.o)
                0x000015e8                __retarget_lock_close
 .text.__retarget_lock_close_recursive
                0x000015ec        0x4 d:/ti/ccs1031/ccs/tools/compiler/gcc-arm-none-eabi-7-2017-q4-major-win32/bin/../lib/gcc/arm-none-eabi/7.2.1/../../../../arm-none-eabi/lib/thumb/v7e-m/fpv4-sp/hard\libc.a(lib_a-lock.o)
                0x000015ec                __retarget_lock_close_recursive
 .text.__retarget_lock_acquire
                0x000015f0        0x4 d:/ti/ccs1031/ccs/tools/compiler/gcc-arm-none-eabi-7-2017-q4-major-win32/bin/../lib/gcc/arm-none-eabi/7.2.1/../../../../arm-none-eabi/lib/thumb/v7e-m/fpv4-sp/hard\libc.a(lib_a-lock.o)
                0x000015f0                __retarget_lock_acquire
 .text.__retarget_lock_acquire_recursive
                0x000015f4        0x4 d:/ti/ccs1031/ccs/tools/compiler/gcc-arm-none-eabi-7-2017-q4-major-win32/bin/../lib/gcc/arm-none-eabi/7.2.1/../../../../arm-none-eabi/lib/thumb/v7e-m/fpv4-sp/hard\libc.a(lib_a-lock.o)
                0x000015f4                __retarget_lock_acquire_recursive
 .text.__retarget_lock_try_acquire
                0x000015f8        0x4 d:/ti/ccs1031/ccs/tools/compiler/gcc-arm-none-eabi-7-2017-q4-major-win32/bin/../lib/gcc/arm-none-eabi/7.2.1/../../../../arm-none-eabi/lib/thumb/v7e-m/fpv4-sp/hard\libc.a(lib_a-lock.o)
                0x000015f8                __retarget_lock_try_acquire
 .text.__retarget_lock_try_acquire_recursive
                0x000015fc        0x4 d:/ti/ccs1031/ccs/tools/compiler/gcc-arm-none-eabi-7-2017-q4-major-win32/bin/../lib/gcc/arm-none-eabi/7.2.1/../../../../arm-none-eabi/lib/thumb/v7e-m/fpv4-sp/hard\libc.a(lib_a-lock.o)
                0x000015fc                __retarget_lock_try_acquire_recursive
 .text.__retarget_lock_release
                0x00001600        0x4 d:/ti/ccs1031/ccs/tools/compiler/gcc-arm-none-eabi-7-2017-q4-major-win32/bin/../lib/gcc/arm-none-eabi/7.2.1/../../../../arm-none-eabi/lib/thumb/v7e-m/fpv4-sp/hard\libc.a(lib_a-lock.o)
                0x00001600                __retarget_lock_release
 .text.__retarget_lock_release_recursive
                0x00001604        0x4 d:/ti/ccs1031/ccs/tools/compiler/gcc-arm-none-eabi-7-2017-q4-major-win32/bin/../lib/gcc/arm-none-eabi/7.2.1/../../../../arm-none-eabi/lib/thumb/v7e-m/fpv4-sp/hard\libc.a(lib_a-lock.o)
                0x00001604                __retarget_lock_release_recursive
 .text.__register_exitproc
                0x00001608       0xc0 d:/ti/ccs1031/ccs/tools/compiler/gcc-arm-none-eabi-7-2017-q4-major-win32/bin/../lib/gcc/arm-none-eabi/7.2.1/../../../../arm-none-eabi/lib/thumb/v7e-m/fpv4-sp/hard\libc.a(lib_a-__atexit.o)
                0x00001608                __register_exitproc
 .text._exit    0x000016c8        0x4 d:/ti/ccs1031/ccs/tools/compiler/gcc-arm-none-eabi-7-2017-q4-major-win32/bin/../lib/gcc/arm-none-eabi/7.2.1/../../../../arm-none-eabi/lib/thumb/v7e-m/fpv4-sp/hard\libnosys.a(_exit.o)
                0x000016c8                _exit
 *(.rodata)
 .rodata        0x000016cc       0x17 ./bsp.o
 *fill*         0x000016e3        0x1 
 .rodata        0x000016e4       0x10 ./php_keypad.o
 .rodata        0x000016f4        0xe ./startup_tm4c_gnu.o
 *(.rodata*)
 *fill*         0x00001702        0x2 
 .rodata._global_impure_ptr
                0x00001704        0x4 d:/ti/ccs1031/ccs/tools/compiler/gcc-arm-none-eabi-7-2017-q4-major-win32/bin/../lib/gcc/arm-none-eabi/7.2.1/../../../../arm-none-eabi/lib/thumb/v7e-m/fpv4-sp/hard\libc.a(lib_a-impure.o)
                0x00001704                _global_impure_ptr
 *(.init)
 .init          0x00001708        0x4 d:/ti/ccs1031/ccs/tools/compiler/gcc-arm-none-eabi-7-2017-q4-major-win32/bin/../lib/gcc/arm-none-eabi/7.2.1/thumb/v7e-m/fpv4-sp/hard/crti.o
                0x00001708                _init
 .init          0x0000170c        0x8 d:/ti/ccs1031/ccs/tools/compiler/gcc-arm-none-eabi-7-2017-q4-major-win32/bin/../lib/gcc/arm-none-eabi/7.2.1/thumb/v7e-m/fpv4-sp/hard/crtn.o
 *(.fini)
 .fini          0x00001714        0x4 d:/ti/ccs1031/ccs/tools/compiler/gcc-arm-none-eabi-7-2017-q4-major-win32/bin/../lib/gcc/arm-none-eabi/7.2.1/thumb/v7e-m/fpv4-sp/hard/crti.o
                0x00001714                _fini
 .fini          0x00001718        0x8 d:/ti/ccs1031/ccs/tools/compiler/gcc-arm-none-eabi-7-2017-q4-major-win32/bin/../lib/gcc/arm-none-eabi/7.2.1/thumb/v7e-m/fpv4-sp/hard/crtn.o
                0x00001720                . = ALIGN (0x4)

.glue_7         0x00001720        0x0
 .glue_7        0x00001720        0x0 linker stubs

.glue_7t        0x00001720        0x0
 .glue_7t       0x00001720        0x0 linker stubs

.vfp11_veneer   0x00001720        0x0
 .vfp11_veneer  0x00001720        0x0 linker stubs

.v4_bx          0x00001720        0x0
 .v4_bx         0x00001720        0x0 linker stubs

.iplt           0x00001720        0x0
 .iplt          0x00001720        0x0 d:/ti/ccs1031/ccs/tools/compiler/gcc-arm-none-eabi-7-2017-q4-major-win32/bin/../lib/gcc/arm-none-eabi/7.2.1/thumb/v7e-m/fpv4-sp/hard/crtbegin.o

.rel.dyn        0x00001720        0x0
 .rel.iplt      0x00001720        0x0 d:/ti/ccs1031/ccs/tools/compiler/gcc-arm-none-eabi-7-2017-q4-major-win32/bin/../lib/gcc/arm-none-eabi/7.2.1/thumb/v7e-m/fpv4-sp/hard/crtbegin.o

.preinit_array  0x00001720        0x0
                0x00001720                PROVIDE (__preinit_array_start, .)
 *(.preinit_array*)
                0x00001720                PROVIDE (__preinit_array_end, .)

.init_array     0x00001720        0x8
                0x00001720                PROVIDE (__init_array_start, .)
 *(SORT_BY_NAME(.init_array.*))
 .init_array.00000
                0x00001720        0x4 d:/ti/ccs1031/ccs/tools/compiler/gcc-arm-none-eabi-7-2017-q4-major-win32/bin/../lib/gcc/arm-none-eabi/7.2.1/../../../../arm-none-eabi/lib/thumb/v7e-m/fpv4-sp/hard\libc.a(lib_a-__call_atexit.o)
 *(.init_array*)
 .init_array    0x00001724        0x4 d:/ti/ccs1031/ccs/tools/compiler/gcc-arm-none-eabi-7-2017-q4-major-win32/bin/../lib/gcc/arm-none-eabi/7.2.1/thumb/v7e-m/fpv4-sp/hard/crtbegin.o
                0x00001728                PROVIDE (__init_array_end, .)

.fini_array     0x00001728        0x4
                0x00001728                PROVIDE (__fini_array_start, .)
 *(.fini_array*)
 .fini_array    0x00001728        0x4 d:/ti/ccs1031/ccs/tools/compiler/gcc-arm-none-eabi-7-2017-q4-major-win32/bin/../lib/gcc/arm-none-eabi/7.2.1/thumb/v7e-m/fpv4-sp/hard/crtbegin.o
 *(SORT_BY_NAME(.fini_array.*))
                0x0000172c                PROVIDE (__fini_array_end, .)
                0x0000172c                _etext = .

.stack          0x20000000      0x200
                0x20000000                __stack_start__ = .
                0x20000200                . = (. + STACK_SIZE)
 *fill*         0x20000000      0x200 
                0x20000200                . = ALIGN (0x4)
                0x20000200                __stack_end__ = .

.data           0x20000200      0x434 load address 0x0000172c
                0x0000172c                __data_load = LOADADDR (.data)
                0x20000200                __data_start = .
 *(.data)
 .data          0x20000200        0x0 d:/ti/ccs1031/ccs/tools/compiler/gcc-arm-none-eabi-7-2017-q4-major-win32/bin/../lib/gcc/arm-none-eabi/7.2.1/thumb/v7e-m/fpv4-sp/hard/crti.o
 .data          0x20000200        0x4 d:/ti/ccs1031/ccs/tools/compiler/gcc-arm-none-eabi-7-2017-q4-major-win32/bin/../lib/gcc/arm-none-eabi/7.2.1/thumb/v7e-m/fpv4-sp/hard/crtbegin.o
                0x20000200                __dso_handle
 .data          0x20000204        0x0 d:/ti/ccs1031/ccs/tools/compiler/gcc-arm-none-eabi-7-2017-q4-major-win32/bin/../lib/gcc/arm-none-eabi/7.2.1/../../../../arm-none-eabi/lib/thumb/v7e-m/fpv4-sp/hard/crt0.o
 .data          0x20000204        0x0 ./bsp.o
 .data          0x20000204        0x0 ./main.o
 .data          0x20000204        0x0 ./php.o
 .data          0x20000204        0x0 ./php_keypad.o
 .data          0x20000204        0x0 ./php_lcd.o
 .data          0x20000204        0x0 ./php_timer.o
 .data          0x20000204        0x0 ./php_uart.o
 .data          0x20000204        0x0 ./startup_tm4c_gnu.o
 .data          0x20000204        0x0 d:/ti/ccs1031/ccs/tools/compiler/gcc-arm-none-eabi-7-2017-q4-major-win32/bin/../lib/gcc/arm-none-eabi/7.2.1/../../../../arm-none-eabi/lib/thumb/v7e-m/fpv4-sp/hard\libc.a(lib_a-exit.o)
 .data          0x20000204        0x0 d:/ti/ccs1031/ccs/tools/compiler/gcc-arm-none-eabi-7-2017-q4-major-win32/bin/../lib/gcc/arm-none-eabi/7.2.1/../../../../arm-none-eabi/lib/thumb/v7e-m/fpv4-sp/hard\libc.a(lib_a-impure.o)
 .data          0x20000204        0x0 d:/ti/ccs1031/ccs/tools/compiler/gcc-arm-none-eabi-7-2017-q4-major-win32/bin/../lib/gcc/arm-none-eabi/7.2.1/../../../../arm-none-eabi/lib/thumb/v7e-m/fpv4-sp/hard\libc.a(lib_a-init.o)
 .data          0x20000204        0x0 d:/ti/ccs1031/ccs/tools/compiler/gcc-arm-none-eabi-7-2017-q4-major-win32/bin/../lib/gcc/arm-none-eabi/7.2.1/../../../../arm-none-eabi/lib/thumb/v7e-m/fpv4-sp/hard\libc.a(lib_a-memset.o)
 .data          0x20000204        0x0 d:/ti/ccs1031/ccs/tools/compiler/gcc-arm-none-eabi-7-2017-q4-major-win32/bin/../lib/gcc/arm-none-eabi/7.2.1/../../../../arm-none-eabi/lib/thumb/v7e-m/fpv4-sp/hard\libc.a(lib_a-__call_atexit.o)
 .data          0x20000204        0x0 d:/ti/ccs1031/ccs/tools/compiler/gcc-arm-none-eabi-7-2017-q4-major-win32/bin/../lib/gcc/arm-none-eabi/7.2.1/../../../../arm-none-eabi/lib/thumb/v7e-m/fpv4-sp/hard\libc.a(lib_a-atexit.o)
 .data          0x20000204        0x0 d:/ti/ccs1031/ccs/tools/compiler/gcc-arm-none-eabi-7-2017-q4-major-win32/bin/../lib/gcc/arm-none-eabi/7.2.1/../../../../arm-none-eabi/lib/thumb/v7e-m/fpv4-sp/hard\libc.a(lib_a-fini.o)
 .data          0x20000204        0x0 d:/ti/ccs1031/ccs/tools/compiler/gcc-arm-none-eabi-7-2017-q4-major-win32/bin/../lib/gcc/arm-none-eabi/7.2.1/../../../../arm-none-eabi/lib/thumb/v7e-m/fpv4-sp/hard\libc.a(lib_a-lock.o)
 .data          0x20000204        0x0 d:/ti/ccs1031/ccs/tools/compiler/gcc-arm-none-eabi-7-2017-q4-major-win32/bin/../lib/gcc/arm-none-eabi/7.2.1/../../../../arm-none-eabi/lib/thumb/v7e-m/fpv4-sp/hard\libc.a(lib_a-__atexit.o)
 .data          0x20000204        0x0 d:/ti/ccs1031/ccs/tools/compiler/gcc-arm-none-eabi-7-2017-q4-major-win32/bin/../lib/gcc/arm-none-eabi/7.2.1/../../../../arm-none-eabi/lib/thumb/v7e-m/fpv4-sp/hard\libnosys.a(_exit.o)
 .data          0x20000204        0x0 d:/ti/ccs1031/ccs/tools/compiler/gcc-arm-none-eabi-7-2017-q4-major-win32/bin/../lib/gcc/arm-none-eabi/7.2.1/thumb/v7e-m/fpv4-sp/hard/crtend.o
 .data          0x20000204        0x0 d:/ti/ccs1031/ccs/tools/compiler/gcc-arm-none-eabi-7-2017-q4-major-win32/bin/../lib/gcc/arm-none-eabi/7.2.1/thumb/v7e-m/fpv4-sp/hard/crtn.o
 *(.data*)
 .data._impure_ptr
                0x20000204        0x4 d:/ti/ccs1031/ccs/tools/compiler/gcc-arm-none-eabi-7-2017-q4-major-win32/bin/../lib/gcc/arm-none-eabi/7.2.1/../../../../arm-none-eabi/lib/thumb/v7e-m/fpv4-sp/hard\libc.a(lib_a-impure.o)
                0x20000204                _impure_ptr
 .data.impure_data
                0x20000208      0x428 d:/ti/ccs1031/ccs/tools/compiler/gcc-arm-none-eabi-7-2017-q4-major-win32/bin/../lib/gcc/arm-none-eabi/7.2.1/../../../../arm-none-eabi/lib/thumb/v7e-m/fpv4-sp/hard\libc.a(lib_a-impure.o)
 .data.__atexit_recursive_mutex
                0x20000630        0x4 d:/ti/ccs1031/ccs/tools/compiler/gcc-arm-none-eabi-7-2017-q4-major-win32/bin/../lib/gcc/arm-none-eabi/7.2.1/../../../../arm-none-eabi/lib/thumb/v7e-m/fpv4-sp/hard\libc.a(lib_a-__call_atexit.o)
                0x20000630                __atexit_recursive_mutex
                0x20000634                . = ALIGN (0x4)
                0x20000634                __data_end__ = .
                0x20000634                _edata = __data_end__

.igot.plt       0x20000634        0x0 load address 0x00001b60
 .igot.plt      0x20000634        0x0 d:/ti/ccs1031/ccs/tools/compiler/gcc-arm-none-eabi-7-2017-q4-major-win32/bin/../lib/gcc/arm-none-eabi/7.2.1/thumb/v7e-m/fpv4-sp/hard/crtbegin.o

.bss            0x20000634       0x40 load address 0x00001b60
                0x20000634                __bss_start__ = .
 *(.bss)
 .bss           0x20000634        0x0 d:/ti/ccs1031/ccs/tools/compiler/gcc-arm-none-eabi-7-2017-q4-major-win32/bin/../lib/gcc/arm-none-eabi/7.2.1/thumb/v7e-m/fpv4-sp/hard/crti.o
 .bss           0x20000634       0x1c d:/ti/ccs1031/ccs/tools/compiler/gcc-arm-none-eabi-7-2017-q4-major-win32/bin/../lib/gcc/arm-none-eabi/7.2.1/thumb/v7e-m/fpv4-sp/hard/crtbegin.o
 .bss           0x20000650        0x0 d:/ti/ccs1031/ccs/tools/compiler/gcc-arm-none-eabi-7-2017-q4-major-win32/bin/../lib/gcc/arm-none-eabi/7.2.1/../../../../arm-none-eabi/lib/thumb/v7e-m/fpv4-sp/hard/crt0.o
 .bss           0x20000650        0x0 ./bsp.o
 .bss           0x20000650        0x0 ./main.o
 .bss           0x20000650        0x0 ./php.o
 .bss           0x20000650        0x0 ./php_keypad.o
 .bss           0x20000650        0x0 ./php_lcd.o
 .bss           0x20000650        0x0 ./php_timer.o
 .bss           0x20000650        0x0 ./php_uart.o
 .bss           0x20000650        0x0 ./startup_tm4c_gnu.o
 .bss           0x20000650        0x0 d:/ti/ccs1031/ccs/tools/compiler/gcc-arm-none-eabi-7-2017-q4-major-win32/bin/../lib/gcc/arm-none-eabi/7.2.1/../../../../arm-none-eabi/lib/thumb/v7e-m/fpv4-sp/hard\libc.a(lib_a-exit.o)
 .bss           0x20000650        0x0 d:/ti/ccs1031/ccs/tools/compiler/gcc-arm-none-eabi-7-2017-q4-major-win32/bin/../lib/gcc/arm-none-eabi/7.2.1/../../../../arm-none-eabi/lib/thumb/v7e-m/fpv4-sp/hard\libc.a(lib_a-impure.o)
 .bss           0x20000650        0x0 d:/ti/ccs1031/ccs/tools/compiler/gcc-arm-none-eabi-7-2017-q4-major-win32/bin/../lib/gcc/arm-none-eabi/7.2.1/../../../../arm-none-eabi/lib/thumb/v7e-m/fpv4-sp/hard\libc.a(lib_a-init.o)
 .bss           0x20000650        0x0 d:/ti/ccs1031/ccs/tools/compiler/gcc-arm-none-eabi-7-2017-q4-major-win32/bin/../lib/gcc/arm-none-eabi/7.2.1/../../../../arm-none-eabi/lib/thumb/v7e-m/fpv4-sp/hard\libc.a(lib_a-memset.o)
 .bss           0x20000650        0x0 d:/ti/ccs1031/ccs/tools/compiler/gcc-arm-none-eabi-7-2017-q4-major-win32/bin/../lib/gcc/arm-none-eabi/7.2.1/../../../../arm-none-eabi/lib/thumb/v7e-m/fpv4-sp/hard\libc.a(lib_a-__call_atexit.o)
 .bss           0x20000650        0x0 d:/ti/ccs1031/ccs/tools/compiler/gcc-arm-none-eabi-7-2017-q4-major-win32/bin/../lib/gcc/arm-none-eabi/7.2.1/../../../../arm-none-eabi/lib/thumb/v7e-m/fpv4-sp/hard\libc.a(lib_a-atexit.o)
 .bss           0x20000650        0x0 d:/ti/ccs1031/ccs/tools/compiler/gcc-arm-none-eabi-7-2017-q4-major-win32/bin/../lib/gcc/arm-none-eabi/7.2.1/../../../../arm-none-eabi/lib/thumb/v7e-m/fpv4-sp/hard\libc.a(lib_a-fini.o)
 .bss           0x20000650        0x0 d:/ti/ccs1031/ccs/tools/compiler/gcc-arm-none-eabi-7-2017-q4-major-win32/bin/../lib/gcc/arm-none-eabi/7.2.1/../../../../arm-none-eabi/lib/thumb/v7e-m/fpv4-sp/hard\libc.a(lib_a-lock.o)
 .bss           0x20000650        0x0 d:/ti/ccs1031/ccs/tools/compiler/gcc-arm-none-eabi-7-2017-q4-major-win32/bin/../lib/gcc/arm-none-eabi/7.2.1/../../../../arm-none-eabi/lib/thumb/v7e-m/fpv4-sp/hard\libc.a(lib_a-__atexit.o)
 .bss           0x20000650        0x0 d:/ti/ccs1031/ccs/tools/compiler/gcc-arm-none-eabi-7-2017-q4-major-win32/bin/../lib/gcc/arm-none-eabi/7.2.1/../../../../arm-none-eabi/lib/thumb/v7e-m/fpv4-sp/hard\libnosys.a(_exit.o)
 .bss           0x20000650        0x0 d:/ti/ccs1031/ccs/tools/compiler/gcc-arm-none-eabi-7-2017-q4-major-win32/bin/../lib/gcc/arm-none-eabi/7.2.1/thumb/v7e-m/fpv4-sp/hard/crtend.o
 .bss           0x20000650        0x0 d:/ti/ccs1031/ccs/tools/compiler/gcc-arm-none-eabi-7-2017-q4-major-win32/bin/../lib/gcc/arm-none-eabi/7.2.1/thumb/v7e-m/fpv4-sp/hard/crtn.o
 *(.bss*)
 *(COMMON)
 COMMON         0x20000650       0x21 d:/ti/ccs1031/ccs/tools/compiler/gcc-arm-none-eabi-7-2017-q4-major-win32/bin/../lib/gcc/arm-none-eabi/7.2.1/../../../../arm-none-eabi/lib/thumb/v7e-m/fpv4-sp/hard\libc.a(lib_a-lock.o)
                0x20000650                __lock___atexit_recursive_mutex
                0x20000654                __lock___arc4random_mutex
                0x20000658                __lock___env_recursive_mutex
                0x2000065c                __lock___sinit_recursive_mutex
                0x20000660                __lock___malloc_recursive_mutex
                0x20000664                __lock___at_quick_exit_mutex
                0x20000668                __lock___dd_hash_mutex
                0x2000066c                __lock___tz_mutex
                0x20000670                __lock___sfp_recursive_mutex
                0x20000674                . = ALIGN (0x4)
 *fill*         0x20000671        0x3 
                0x20000674                _ebss = .
                0x20000674                __bss_end__ = .
                [!provide]                PROVIDE (end, _ebss)
                [!provide]                PROVIDE (_end, _ebss)
                [!provide]                PROVIDE (__end__, _ebss)

.heap           0x20000674        0x0
                0x20000674                __heap_start__ = .
                0x20000674                . = (. + HEAP_SIZE)
                0x20000674                . = ALIGN (0x4)
                0x20000674                __heap_end__ = .

/DISCARD/
 libc.a(*)
 libm.a(*)
 libgcc.a(*)
START GROUP
LOAD d:/ti/ccs1031/ccs/tools/compiler/gcc-arm-none-eabi-7-2017-q4-major-win32/bin/../lib/gcc/arm-none-eabi/7.2.1/thumb/v7e-m/fpv4-sp/hard\libgcc.a
LOAD d:/ti/ccs1031/ccs/tools/compiler/gcc-arm-none-eabi-7-2017-q4-major-win32/bin/../lib/gcc/arm-none-eabi/7.2.1/../../../../arm-none-eabi/lib/thumb/v7e-m/fpv4-sp/hard\libg.a
LOAD d:/ti/ccs1031/ccs/tools/compiler/gcc-arm-none-eabi-7-2017-q4-major-win32/bin/../lib/gcc/arm-none-eabi/7.2.1/../../../../arm-none-eabi/lib/thumb/v7e-m/fpv4-sp/hard\libc.a
END GROUP
START GROUP
LOAD d:/ti/ccs1031/ccs/tools/compiler/gcc-arm-none-eabi-7-2017-q4-major-win32/bin/../lib/gcc/arm-none-eabi/7.2.1/thumb/v7e-m/fpv4-sp/hard\libgcc.a
LOAD d:/ti/ccs1031/ccs/tools/compiler/gcc-arm-none-eabi-7-2017-q4-major-win32/bin/../lib/gcc/arm-none-eabi/7.2.1/../../../../arm-none-eabi/lib/thumb/v7e-m/fpv4-sp/hard\libc.a
LOAD d:/ti/ccs1031/ccs/tools/compiler/gcc-arm-none-eabi-7-2017-q4-major-win32/bin/../lib/gcc/arm-none-eabi/7.2.1/../../../../arm-none-eabi/lib/thumb/v7e-m/fpv4-sp/hard\libnosys.a
END GROUP
LOAD d:/ti/ccs1031/ccs/tools/compiler/gcc-arm-none-eabi-7-2017-q4-major-win32/bin/../lib/gcc/arm-none-eabi/7.2.1/thumb/v7e-m/fpv4-sp/hard/crtend.o
LOAD d:/ti/ccs1031/ccs/tools/compiler/gcc-arm-none-eabi-7-2017-q4-major-win32/bin/../lib/gcc/arm-none-eabi/7.2.1/thumb/v7e-m/fpv4-sp/hard/crtn.o
OUTPUT(03_Peripheral_TIMER.out elf32-littlearm)

.ARM.attributes
                0x00000000       0x30
 .ARM.attributes
                0x00000000       0x22 d:/ti/ccs1031/ccs/tools/compiler/gcc-arm-none-eabi-7-2017-q4-major-win32/bin/../lib/gcc/arm-none-eabi/7.2.1/thumb/v7e-m/fpv4-sp/hard/crti.o
 .ARM.attributes
                0x00000022       0x34 d:/ti/ccs1031/ccs/tools/compiler/gcc-arm-none-eabi-7-2017-q4-major-win32/bin/../lib/gcc/arm-none-eabi/7.2.1/thumb/v7e-m/fpv4-sp/hard/crtbegin.o
 .ARM.attributes
                0x00000056       0x20 d:/ti/ccs1031/ccs/tools/compiler/gcc-arm-none-eabi-7-2017-q4-major-win32/bin/../lib/gcc/arm-none-eabi/7.2.1/../../../../arm-none-eabi/lib/thumb/v7e-m/fpv4-sp/hard/crt0.o
 .ARM.attributes
                0x00000076       0x39 ./bsp.o
 .ARM.attributes
                0x000000af       0x39 ./main.o
 .ARM.attributes
                0x000000e8       0x39 ./php.o
 .ARM.attributes
                0x00000121       0x39 ./php_keypad.o
 .ARM.attributes
                0x0000015a       0x39 ./php_lcd.o
 .ARM.attributes
                0x00000193       0x39 ./php_timer.o
 .ARM.attributes
                0x000001cc       0x39 ./php_uart.o
 .ARM.attributes
                0x00000205       0x39 ./startup_tm4c_gnu.o
 .ARM.attributes
                0x0000023e       0x34 d:/ti/ccs1031/ccs/tools/compiler/gcc-arm-none-eabi-7-2017-q4-major-win32/bin/../lib/gcc/arm-none-eabi/7.2.1/../../../../arm-none-eabi/lib/thumb/v7e-m/fpv4-sp/hard\libnosys.a(_exit.o)
 .ARM.attributes
                0x00000272       0x34 d:/ti/ccs1031/ccs/tools/compiler/gcc-arm-none-eabi-7-2017-q4-major-win32/bin/../lib/gcc/arm-none-eabi/7.2.1/thumb/v7e-m/fpv4-sp/hard/crtend.o
 .ARM.attributes
                0x000002a6       0x22 d:/ti/ccs1031/ccs/tools/compiler/gcc-arm-none-eabi-7-2017-q4-major-win32/bin/../lib/gcc/arm-none-eabi/7.2.1/thumb/v7e-m/fpv4-sp/hard/crtn.o

.comment        0x00000000       0x7e
 .comment       0x00000000       0x7e ./bsp.o
                                 0x7f (size before relaxing)
 .comment       0x0000007e       0x7f ./main.o
 .comment       0x0000007e       0x7f ./php.o
 .comment       0x0000007e       0x7f ./php_keypad.o
 .comment       0x0000007e       0x7f ./php_lcd.o
 .comment       0x0000007e       0x7f ./php_timer.o
 .comment       0x0000007e       0x7f ./php_uart.o
 .comment       0x0000007e       0x7f ./startup_tm4c_gnu.o

.debug_info     0x00000000     0x5062
 .debug_info    0x00000000      0xc5c ./bsp.o
 .debug_info    0x00000c5c       0xd5 ./main.o
 .debug_info    0x00000d31      0x130 ./php.o
 .debug_info    0x00000e61      0xe7d ./php_keypad.o
 .debug_info    0x00001cde      0xded ./php_lcd.o
 .debug_info    0x00002acb     0x13a6 ./php_timer.o
 .debug_info    0x00003e71     0x1048 ./php_uart.o
 .debug_info    0x00004eb9      0x1a9 ./startup_tm4c_gnu.o

.debug_abbrev   0x00000000      0x8af
 .debug_abbrev  0x00000000      0x1b9 ./bsp.o
 .debug_abbrev  0x000001b9       0x75 ./main.o
 .debug_abbrev  0x0000022e       0xaa ./php.o
 .debug_abbrev  0x000002d8      0x11b ./php_keypad.o
 .debug_abbrev  0x000003f3       0xe4 ./php_lcd.o
 .debug_abbrev  0x000004d7      0x177 ./php_timer.o
 .debug_abbrev  0x0000064e      0x183 ./php_uart.o
 .debug_abbrev  0x000007d1       0xde ./startup_tm4c_gnu.o

.debug_aranges  0x00000000      0x268
 .debug_aranges
                0x00000000       0xc8 ./bsp.o
 .debug_aranges
                0x000000c8       0x20 ./main.o
 .debug_aranges
                0x000000e8       0x28 ./php.o
 .debug_aranges
                0x00000110       0x30 ./php_keypad.o
 .debug_aranges
                0x00000140       0x20 ./php_lcd.o
 .debug_aranges
                0x00000160       0x78 ./php_timer.o
 .debug_aranges
                0x000001d8       0x40 ./php_uart.o
 .debug_aranges
                0x00000218       0x50 ./startup_tm4c_gnu.o

.debug_ranges   0x00000000      0x1e8
 .debug_ranges  0x00000000       0xb8 ./bsp.o
 .debug_ranges  0x000000b8       0x10 ./main.o
 .debug_ranges  0x000000c8       0x18 ./php.o
 .debug_ranges  0x000000e0       0x20 ./php_keypad.o
 .debug_ranges  0x00000100       0x10 ./php_lcd.o
 .debug_ranges  0x00000110       0x68 ./php_timer.o
 .debug_ranges  0x00000178       0x30 ./php_uart.o
 .debug_ranges  0x000001a8       0x40 ./startup_tm4c_gnu.o

.debug_line     0x00000000     0x117d
 .debug_line    0x00000000      0x3d4 ./bsp.o
 .debug_line    0x000003d4      0x1b7 ./main.o
 .debug_line    0x0000058b      0x1d9 ./php.o
 .debug_line    0x00000764      0x23d ./php_keypad.o
 .debug_line    0x000009a1      0x1d3 ./php_lcd.o
 .debug_line    0x00000b74      0x306 ./php_timer.o
 .debug_line    0x00000e7a      0x23c ./php_uart.o
 .debug_line    0x000010b6       0xc7 ./startup_tm4c_gnu.o

.debug_str      0x00000000      0xe42
 .debug_str     0x00000000      0x4fb ./bsp.o
                                0x563 (size before relaxing)
 .debug_str     0x000004fb        0xf ./main.o
                                0x1ee (size before relaxing)
 .debug_str     0x0000050a       0x21 ./php.o
                                0x201 (size before relaxing)
 .debug_str     0x0000052b      0x5c7 ./php_keypad.o
                                0x82a (size before relaxing)
 .debug_str     0x00000af2       0x1a ./php_lcd.o
                                0x7f8 (size before relaxing)
 .debug_str     0x00000b0c      0x1c8 ./php_timer.o
                                0xa39 (size before relaxing)
 .debug_str     0x00000cd4       0x56 ./php_uart.o
                                0x889 (size before relaxing)
 .debug_str     0x00000d2a      0x118 ./startup_tm4c_gnu.o
                                0x23d (size before relaxing)

.debug_frame    0x00000000      0x738
 .debug_frame   0x00000000      0x2c0 ./bsp.o
 .debug_frame   0x000002c0       0x2c ./main.o
 .debug_frame   0x000002ec       0x60 ./php.o
 .debug_frame   0x0000034c       0x7c ./php_keypad.o
 .debug_frame   0x000003c8       0x30 ./php_lcd.o
 .debug_frame   0x000003f8      0x1cc ./php_timer.o
 .debug_frame   0x000005c4       0xc0 ./php_uart.o
 .debug_frame   0x00000684       0x94 ./startup_tm4c_gnu.o
 .debug_frame   0x00000718       0x20 d:/ti/ccs1031/ccs/tools/compiler/gcc-arm-none-eabi-7-2017-q4-major-win32/bin/../lib/gcc/arm-none-eabi/7.2.1/../../../../arm-none-eabi/lib/thumb/v7e-m/fpv4-sp/hard\libnosys.a(_exit.o)
