Archive member included to satisfy reference by file (symbol)

d:/ti/ccs1031/ccs/tools/compiler/gcc-arm-none-eabi-7-2017-q4-major-win32/bin/../lib/gcc/arm-none-eabi/7.2.1/../../../../arm-none-eabi/lib/thumb/v7e-m/fpv4-sp/hard\libc.a(lib_a-exit.o)
                              d:/ti/ccs1031/ccs/tools/compiler/gcc-arm-none-eabi-7-2017-q4-major-win32/bin/../lib/gcc/arm-none-eabi/7.2.1/../../../../arm-none-eabi/lib/thumb/v7e-m/fpv4-sp/hard/crt0.o (exit)
d:/ti/ccs1031/ccs/tools/compiler/gcc-arm-none-eabi-7-2017-q4-major-win32/bin/../lib/gcc/arm-none-eabi/7.2.1/../../../../arm-none-eabi/lib/thumb/v7e-m/fpv4-sp/hard\libc.a(lib_a-impure.o)
                              d:/ti/ccs1031/ccs/tools/compiler/gcc-arm-none-eabi-7-2017-q4-major-win32/bin/../lib/gcc/arm-none-eabi/7.2.1/../../../../arm-none-eabi/lib/thumb/v7e-m/fpv4-sp/hard\libc.a(lib_a-exit.o) (_global_impure_ptr)
d:/ti/ccs1031/ccs/tools/compiler/gcc-arm-none-eabi-7-2017-q4-major-win32/bin/../lib/gcc/arm-none-eabi/7.2.1/../../../../arm-none-eabi/lib/thumb/v7e-m/fpv4-sp/hard\libc.a(lib_a-init.o)
                              d:/ti/ccs1031/ccs/tools/compiler/gcc-arm-none-eabi-7-2017-q4-major-win32/bin/../lib/gcc/arm-none-eabi/7.2.1/../../../../arm-none-eabi/lib/thumb/v7e-m/fpv4-sp/hard/crt0.o (__libc_init_array)
d:/ti/ccs1031/ccs/tools/compiler/gcc-arm-none-eabi-7-2017-q4-major-win32/bin/../lib/gcc/arm-none-eabi/7.2.1/../../../../arm-none-eabi/lib/thumb/v7e-m/fpv4-sp/hard\libc.a(lib_a-memset.o)
                              d:/ti/ccs1031/ccs/tools/compiler/gcc-arm-none-eabi-7-2017-q4-major-win32/bin/../lib/gcc/arm-none-eabi/7.2.1/../../../../arm-none-eabi/lib/thumb/v7e-m/fpv4-sp/hard/crt0.o (memset)
d:/ti/ccs1031/ccs/tools/compiler/gcc-arm-none-eabi-7-2017-q4-major-win32/bin/../lib/gcc/arm-none-eabi/7.2.1/../../../../arm-none-eabi/lib/thumb/v7e-m/fpv4-sp/hard\libc.a(lib_a-__call_atexit.o)
                              d:/ti/ccs1031/ccs/tools/compiler/gcc-arm-none-eabi-7-2017-q4-major-win32/bin/../lib/gcc/arm-none-eabi/7.2.1/../../../../arm-none-eabi/lib/thumb/v7e-m/fpv4-sp/hard\libc.a(lib_a-exit.o) (__call_exitprocs)
d:/ti/ccs1031/ccs/tools/compiler/gcc-arm-none-eabi-7-2017-q4-major-win32/bin/../lib/gcc/arm-none-eabi/7.2.1/../../../../arm-none-eabi/lib/thumb/v7e-m/fpv4-sp/hard\libc.a(lib_a-atexit.o)
                              d:/ti/ccs1031/ccs/tools/compiler/gcc-arm-none-eabi-7-2017-q4-major-win32/bin/../lib/gcc/arm-none-eabi/7.2.1/../../../../arm-none-eabi/lib/thumb/v7e-m/fpv4-sp/hard\libc.a(lib_a-__call_atexit.o) (atexit)
d:/ti/ccs1031/ccs/tools/compiler/gcc-arm-none-eabi-7-2017-q4-major-win32/bin/../lib/gcc/arm-none-eabi/7.2.1/../../../../arm-none-eabi/lib/thumb/v7e-m/fpv4-sp/hard\libc.a(lib_a-fini.o)
                              d:/ti/ccs1031/ccs/tools/compiler/gcc-arm-none-eabi-7-2017-q4-major-win32/bin/../lib/gcc/arm-none-eabi/7.2.1/../../../../arm-none-eabi/lib/thumb/v7e-m/fpv4-sp/hard\libc.a(lib_a-__call_atexit.o) (__libc_fini_array)
d:/ti/ccs1031/ccs/tools/compiler/gcc-arm-none-eabi-7-2017-q4-major-win32/bin/../lib/gcc/arm-none-eabi/7.2.1/../../../../arm-none-eabi/lib/thumb/v7e-m/fpv4-sp/hard\libc.a(lib_a-lock.o)
                              d:/ti/ccs1031/ccs/tools/compiler/gcc-arm-none-eabi-7-2017-q4-major-win32/bin/../lib/gcc/arm-none-eabi/7.2.1/../../../../arm-none-eabi/lib/thumb/v7e-m/fpv4-sp/hard\libc.a(lib_a-__call_atexit.o) (__retarget_lock_acquire_recursive)
d:/ti/ccs1031/ccs/tools/compiler/gcc-arm-none-eabi-7-2017-q4-major-win32/bin/../lib/gcc/arm-none-eabi/7.2.1/../../../../arm-none-eabi/lib/thumb/v7e-m/fpv4-sp/hard\libc.a(lib_a-__atexit.o)
                              d:/ti/ccs1031/ccs/tools/compiler/gcc-arm-none-eabi-7-2017-q4-major-win32/bin/../lib/gcc/arm-none-eabi/7.2.1/../../../../arm-none-eabi/lib/thumb/v7e-m/fpv4-sp/hard\libc.a(lib_a-atexit.o) (__register_exitproc)
d:/ti/ccs1031/ccs/tools/compiler/gcc-arm-none-eabi-7-2017-q4-major-win32/bin/../lib/gcc/arm-none-eabi/7.2.1/../../../../arm-none-eabi/lib/thumb/v7e-m/fpv4-sp/hard\libnosys.a(_exit.o)
                              d:/ti/ccs1031/ccs/tools/compiler/gcc-arm-none-eabi-7-2017-q4-major-win32/bin/../lib/gcc/arm-none-eabi/7.2.1/../../../../arm-none-eabi/lib/thumb/v7e-m/fpv4-sp/hard\libc.a(lib_a-exit.o) (_exit)

Allocating common symbols
Common symbol       size              file

__lock___atexit_recursive_mutex
                    0x1               d:/ti/ccs1031/ccs/tools/compiler/gcc-arm-none-eabi-7-2017-q4-major-win32/bin/../lib/gcc/arm-none-eabi/7.2.1/../../../../arm-none-eabi/lib/thumb/v7e-m/fpv4-sp/hard\libc.a(lib_a-lock.o)
__lock___arc4random_mutex
                    0x1               d:/ti/ccs1031/ccs/tools/compiler/gcc-arm-none-eabi-7-2017-q4-major-win32/bin/../lib/gcc/arm-none-eabi/7.2.1/../../../../arm-none-eabi/lib/thumb/v7e-m/fpv4-sp/hard\libc.a(lib_a-lock.o)
__lock___env_recursive_mutex
                    0x1               d:/ti/ccs1031/ccs/tools/compiler/gcc-arm-none-eabi-7-2017-q4-major-win32/bin/../lib/gcc/arm-none-eabi/7.2.1/../../../../arm-none-eabi/lib/thumb/v7e-m/fpv4-sp/hard\libc.a(lib_a-lock.o)
__lock___sinit_recursive_mutex
                    0x1               d:/ti/ccs1031/ccs/tools/compiler/gcc-arm-none-eabi-7-2017-q4-major-win32/bin/../lib/gcc/arm-none-eabi/7.2.1/../../../../arm-none-eabi/lib/thumb/v7e-m/fpv4-sp/hard\libc.a(lib_a-lock.o)
__lock___malloc_recursive_mutex
                    0x1               d:/ti/ccs1031/ccs/tools/compiler/gcc-arm-none-eabi-7-2017-q4-major-win32/bin/../lib/gcc/arm-none-eabi/7.2.1/../../../../arm-none-eabi/lib/thumb/v7e-m/fpv4-sp/hard\libc.a(lib_a-lock.o)
__lock___at_quick_exit_mutex
                    0x1               d:/ti/ccs1031/ccs/tools/compiler/gcc-arm-none-eabi-7-2017-q4-major-win32/bin/../lib/gcc/arm-none-eabi/7.2.1/../../../../arm-none-eabi/lib/thumb/v7e-m/fpv4-sp/hard\libc.a(lib_a-lock.o)
__lock___dd_hash_mutex
                    0x1               d:/ti/ccs1031/ccs/tools/compiler/gcc-arm-none-eabi-7-2017-q4-major-win32/bin/../lib/gcc/arm-none-eabi/7.2.1/../../../../arm-none-eabi/lib/thumb/v7e-m/fpv4-sp/hard\libc.a(lib_a-lock.o)
__lock___tz_mutex   0x1               d:/ti/ccs1031/ccs/tools/compiler/gcc-arm-none-eabi-7-2017-q4-major-win32/bin/../lib/gcc/arm-none-eabi/7.2.1/../../../../arm-none-eabi/lib/thumb/v7e-m/fpv4-sp/hard\libc.a(lib_a-lock.o)
__lock___sfp_recursive_mutex
                    0x1               d:/ti/ccs1031/ccs/tools/compiler/gcc-arm-none-eabi-7-2017-q4-major-win32/bin/../lib/gcc/arm-none-eabi/7.2.1/../../../../arm-none-eabi/lib/thumb/v7e-m/fpv4-sp/hard\libc.a(lib_a-lock.o)

Discarded input sections

 .debug_frame   0x00000000       0x28 d:/ti/ccs1031/ccs/tools/compiler/gcc-arm-none-eabi-7-2017-q4-major-win32/bin/../lib/gcc/arm-none-eabi/7.2.1/../../../../arm-none-eabi/lib/thumb/v7e-m/fpv4-sp/hard\libc.a(lib_a-exit.o)
 .ARM.attributes
                0x00000000       0x34 d:/ti/ccs1031/ccs/tools/compiler/gcc-arm-none-eabi-7-2017-q4-major-win32/bin/../lib/gcc/arm-none-eabi/7.2.1/../../../../arm-none-eabi/lib/thumb/v7e-m/fpv4-sp/hard\libc.a(lib_a-exit.o)
 .ARM.attributes
                0x00000000       0x34 d:/ti/ccs1031/ccs/tools/compiler/gcc-arm-none-eabi-7-2017-q4-major-win32/bin/../lib/gcc/arm-none-eabi/7.2.1/../../../../arm-none-eabi/lib/thumb/v7e-m/fpv4-sp/hard\libc.a(lib_a-impure.o)
 .debug_frame   0x00000000       0x2c d:/ti/ccs1031/ccs/tools/compiler/gcc-arm-none-eabi-7-2017-q4-major-win32/bin/../lib/gcc/arm-none-eabi/7.2.1/../../../../arm-none-eabi/lib/thumb/v7e-m/fpv4-sp/hard\libc.a(lib_a-init.o)
 .ARM.attributes
                0x00000000       0x34 d:/ti/ccs1031/ccs/tools/compiler/gcc-arm-none-eabi-7-2017-q4-major-win32/bin/../lib/gcc/arm-none-eabi/7.2.1/../../../../arm-none-eabi/lib/thumb/v7e-m/fpv4-sp/hard\libc.a(lib_a-init.o)
 .debug_frame   0x00000000       0x38 d:/ti/ccs1031/ccs/tools/compiler/gcc-arm-none-eabi-7-2017-q4-major-win32/bin/../lib/gcc/arm-none-eabi/7.2.1/../../../../arm-none-eabi/lib/thumb/v7e-m/fpv4-sp/hard\libc.a(lib_a-memset.o)
 .ARM.attributes
                0x00000000       0x34 d:/ti/ccs1031/ccs/tools/compiler/gcc-arm-none-eabi-7-2017-q4-major-win32/bin/../lib/gcc/arm-none-eabi/7.2.1/../../../../arm-none-eabi/lib/thumb/v7e-m/fpv4-sp/hard\libc.a(lib_a-memset.o)
 .debug_frame   0x00000000       0x5c d:/ti/ccs1031/ccs/tools/compiler/gcc-arm-none-eabi-7-2017-q4-major-win32/bin/../lib/gcc/arm-none-eabi/7.2.1/../../../../arm-none-eabi/lib/thumb/v7e-m/fpv4-sp/hard\libc.a(lib_a-__call_atexit.o)
 .ARM.attributes
                0x00000000       0x34 d:/ti/ccs1031/ccs/tools/compiler/gcc-arm-none-eabi-7-2017-q4-major-win32/bin/../lib/gcc/arm-none-eabi/7.2.1/../../../../arm-none-eabi/lib/thumb/v7e-m/fpv4-sp/hard\libc.a(lib_a-__call_atexit.o)
 .debug_frame   0x00000000       0x20 d:/ti/ccs1031/ccs/tools/compiler/gcc-arm-none-eabi-7-2017-q4-major-win32/bin/../lib/gcc/arm-none-eabi/7.2.1/../../../../arm-none-eabi/lib/thumb/v7e-m/fpv4-sp/hard\libc.a(lib_a-atexit.o)
 .ARM.attributes
                0x00000000       0x34 d:/ti/ccs1031/ccs/tools/compiler/gcc-arm-none-eabi-7-2017-q4-major-win32/bin/../lib/gcc/arm-none-eabi/7.2.1/../../../../arm-none-eabi/lib/thumb/v7e-m/fpv4-sp/hard\libc.a(lib_a-atexit.o)
 .debug_frame   0x00000000       0x34 d:/ti/ccs1031/ccs/tools/compiler/gcc-arm-none-eabi-7-2017-q4-major-win32/bin/../lib/gcc/arm-none-eabi/7.2.1/../../../../arm-none-eabi/lib/thumb/v7e-m/fpv4-sp/hard\libc.a(lib_a-fini.o)
 .ARM.attributes
                0x00000000       0x34 d:/ti/ccs1031/ccs/tools/compiler/gcc-arm-none-eabi-7-2017-q4-major-win32/bin/../lib/gcc/arm-none-eabi/7.2.1/../../../../arm-none-eabi/lib/thumb/v7e-m/fpv4-sp/hard\libc.a(lib_a-fini.o)
 .debug_frame   0x00000000       0xb0 d:/ti/ccs1031/ccs/tools/compiler/gcc-arm-none-eabi-7-2017-q4-major-win32/bin/../lib/gcc/arm-none-eabi/7.2.1/../../../../arm-none-eabi/lib/thumb/v7e-m/fpv4-sp/hard\libc.a(lib_a-lock.o)
 .ARM.attributes
                0x00000000       0x34 d:/ti/ccs1031/ccs/tools/compiler/gcc-arm-none-eabi-7-2017-q4-major-win32/bin/../lib/gcc/arm-none-eabi/7.2.1/../../../../arm-none-eabi/lib/thumb/v7e-m/fpv4-sp/hard\libc.a(lib_a-lock.o)
 .debug_frame   0x00000000       0x34 d:/ti/ccs1031/ccs/tools/compiler/gcc-arm-none-eabi-7-2017-q4-major-win32/bin/../lib/gcc/arm-none-eabi/7.2.1/../../../../arm-none-eabi/lib/thumb/v7e-m/fpv4-sp/hard\libc.a(lib_a-__atexit.o)
 .ARM.attributes
                0x00000000       0x34 d:/ti/ccs1031/ccs/tools/compiler/gcc-arm-none-eabi-7-2017-q4-major-win32/bin/../lib/gcc/arm-none-eabi/7.2.1/../../../../arm-none-eabi/lib/thumb/v7e-m/fpv4-sp/hard\libc.a(lib_a-__atexit.o)

Memory Configuration

Name             Origin             Length             Attributes
ROM              0x00000000         0x00040000         xr
RAM              0x20000000         0x00008000         xrw
*default*        0x00000000         0xffffffff

Linker script and memory map

LOAD d:/ti/ccs1031/ccs/tools/compiler/gcc-arm-none-eabi-7-2017-q4-major-win32/bin/../lib/gcc/arm-none-eabi/7.2.1/thumb/v7e-m/fpv4-sp/hard/crti.o
LOAD d:/ti/ccs1031/ccs/tools/compiler/gcc-arm-none-eabi-7-2017-q4-major-win32/bin/../lib/gcc/arm-none-eabi/7.2.1/thumb/v7e-m/fpv4-sp/hard/crtbegin.o
LOAD d:/ti/ccs1031/ccs/tools/compiler/gcc-arm-none-eabi-7-2017-q4-major-win32/bin/../lib/gcc/arm-none-eabi/7.2.1/../../../../arm-none-eabi/lib/thumb/v7e-m/fpv4-sp/hard/crt0.o
LOAD ./bsp.o
LOAD ./main.o
LOAD ./php.o
LOAD ./php_keypad.o
LOAD ./php_lcd.o
LOAD ./php_led.o
LOAD ./php_switch.o
LOAD ./php_timer.o
LOAD ./php_uart.o
LOAD ./startup_tm4c_gnu.o
                0x00000200                STACK_SIZE = 0x200
                0x00000000                HEAP_SIZE = 0x0

.isr_vector     0x00000000      0x26c
 *(.isr_vector)
 .isr_vector    0x00000000      0x26c ./startup_tm4c_gnu.o
                0x00000000                g_pfnVectors
                0x0000026c                . = ALIGN (0x4)

.eh_frame       0x0000026c        0x4
 .eh_frame      0x0000026c        0x0 d:/ti/ccs1031/ccs/tools/compiler/gcc-arm-none-eabi-7-2017-q4-major-win32/bin/../lib/gcc/arm-none-eabi/7.2.1/thumb/v7e-m/fpv4-sp/hard/crtbegin.o
 .eh_frame      0x0000026c        0x4 d:/ti/ccs1031/ccs/tools/compiler/gcc-arm-none-eabi-7-2017-q4-major-win32/bin/../lib/gcc/arm-none-eabi/7.2.1/thumb/v7e-m/fpv4-sp/hard/crtend.o

.ARM.extab      0x00000270        0x0
 .ARM.extab     0x00000270        0x0 d:/ti/ccs1031/ccs/tools/compiler/gcc-arm-none-eabi-7-2017-q4-major-win32/bin/../lib/gcc/arm-none-eabi/7.2.1/../../../../arm-none-eabi/lib/thumb/v7e-m/fpv4-sp/hard/crt0.o

.ARM.exidx      0x00000270        0x8
 .ARM.exidx     0x00000270        0x8 d:/ti/ccs1031/ccs/tools/compiler/gcc-arm-none-eabi-7-2017-q4-major-win32/bin/../lib/gcc/arm-none-eabi/7.2.1/../../../../arm-none-eabi/lib/thumb/v7e-m/fpv4-sp/hard/crt0.o

.text           0x00000278     0x183c
                0x00000278                . = ALIGN (0x4)
 *(.text)
 .text          0x00000278        0x0 d:/ti/ccs1031/ccs/tools/compiler/gcc-arm-none-eabi-7-2017-q4-major-win32/bin/../lib/gcc/arm-none-eabi/7.2.1/thumb/v7e-m/fpv4-sp/hard/crti.o
 .text          0x00000278       0x40 d:/ti/ccs1031/ccs/tools/compiler/gcc-arm-none-eabi-7-2017-q4-major-win32/bin/../lib/gcc/arm-none-eabi/7.2.1/thumb/v7e-m/fpv4-sp/hard/crtbegin.o
 .text          0x000002b8       0x74 d:/ti/ccs1031/ccs/tools/compiler/gcc-arm-none-eabi-7-2017-q4-major-win32/bin/../lib/gcc/arm-none-eabi/7.2.1/../../../../arm-none-eabi/lib/thumb/v7e-m/fpv4-sp/hard/crt0.o
                0x000002b8                _start
                0x000002b8                _mainCRTStartup
 .text          0x0000032c        0x0 ./bsp.o
 .text          0x0000032c        0x0 ./main.o
 .text          0x0000032c        0x0 ./php.o
 .text          0x0000032c        0x0 ./php_keypad.o
 .text          0x0000032c        0x0 ./php_lcd.o
 .text          0x0000032c        0x0 ./php_led.o
 .text          0x0000032c        0x0 ./php_switch.o
 .text          0x0000032c        0x0 ./php_timer.o
 .text          0x0000032c        0x0 ./php_uart.o
 .text          0x0000032c        0x0 ./startup_tm4c_gnu.o
 .text          0x0000032c        0x0 d:/ti/ccs1031/ccs/tools/compiler/gcc-arm-none-eabi-7-2017-q4-major-win32/bin/../lib/gcc/arm-none-eabi/7.2.1/../../../../arm-none-eabi/lib/thumb/v7e-m/fpv4-sp/hard\libc.a(lib_a-exit.o)
 .text          0x0000032c        0x0 d:/ti/ccs1031/ccs/tools/compiler/gcc-arm-none-eabi-7-2017-q4-major-win32/bin/../lib/gcc/arm-none-eabi/7.2.1/../../../../arm-none-eabi/lib/thumb/v7e-m/fpv4-sp/hard\libc.a(lib_a-impure.o)
 .text          0x0000032c        0x0 d:/ti/ccs1031/ccs/tools/compiler/gcc-arm-none-eabi-7-2017-q4-major-win32/bin/../lib/gcc/arm-none-eabi/7.2.1/../../../../arm-none-eabi/lib/thumb/v7e-m/fpv4-sp/hard\libc.a(lib_a-init.o)
 .text          0x0000032c        0x0 d:/ti/ccs1031/ccs/tools/compiler/gcc-arm-none-eabi-7-2017-q4-major-win32/bin/../lib/gcc/arm-none-eabi/7.2.1/../../../../arm-none-eabi/lib/thumb/v7e-m/fpv4-sp/hard\libc.a(lib_a-memset.o)
 .text          0x0000032c        0x0 d:/ti/ccs1031/ccs/tools/compiler/gcc-arm-none-eabi-7-2017-q4-major-win32/bin/../lib/gcc/arm-none-eabi/7.2.1/../../../../arm-none-eabi/lib/thumb/v7e-m/fpv4-sp/hard\libc.a(lib_a-__call_atexit.o)
 .text          0x0000032c        0x0 d:/ti/ccs1031/ccs/tools/compiler/gcc-arm-none-eabi-7-2017-q4-major-win32/bin/../lib/gcc/arm-none-eabi/7.2.1/../../../../arm-none-eabi/lib/thumb/v7e-m/fpv4-sp/hard\libc.a(lib_a-atexit.o)
 .text          0x0000032c        0x0 d:/ti/ccs1031/ccs/tools/compiler/gcc-arm-none-eabi-7-2017-q4-major-win32/bin/../lib/gcc/arm-none-eabi/7.2.1/../../../../arm-none-eabi/lib/thumb/v7e-m/fpv4-sp/hard\libc.a(lib_a-fini.o)
 .text          0x0000032c        0x0 d:/ti/ccs1031/ccs/tools/compiler/gcc-arm-none-eabi-7-2017-q4-major-win32/bin/../lib/gcc/arm-none-eabi/7.2.1/../../../../arm-none-eabi/lib/thumb/v7e-m/fpv4-sp/hard\libc.a(lib_a-lock.o)
 .text          0x0000032c        0x0 d:/ti/ccs1031/ccs/tools/compiler/gcc-arm-none-eabi-7-2017-q4-major-win32/bin/../lib/gcc/arm-none-eabi/7.2.1/../../../../arm-none-eabi/lib/thumb/v7e-m/fpv4-sp/hard\libc.a(lib_a-__atexit.o)
 .text          0x0000032c        0x0 d:/ti/ccs1031/ccs/tools/compiler/gcc-arm-none-eabi-7-2017-q4-major-win32/bin/../lib/gcc/arm-none-eabi/7.2.1/../../../../arm-none-eabi/lib/thumb/v7e-m/fpv4-sp/hard\libnosys.a(_exit.o)
 .text          0x0000032c        0x0 d:/ti/ccs1031/ccs/tools/compiler/gcc-arm-none-eabi-7-2017-q4-major-win32/bin/../lib/gcc/arm-none-eabi/7.2.1/thumb/v7e-m/fpv4-sp/hard/crtend.o
 .text          0x0000032c        0x0 d:/ti/ccs1031/ccs/tools/compiler/gcc-arm-none-eabi-7-2017-q4-major-win32/bin/../lib/gcc/arm-none-eabi/7.2.1/thumb/v7e-m/fpv4-sp/hard/crtn.o
 *(.text*)
 .text.__NVIC_SystemReset
                0x0000032c       0x28 ./bsp.o
 .text.BSP_init
                0x00000354       0x18 ./bsp.o
                0x00000354                BSP_init
 .text.BSP_LCD_ReturnHome
                0x0000036c        0xe ./bsp.o
                0x0000036c                BSP_LCD_ReturnHome
 .text.BSP_LCD_ClearDisplay
                0x0000037a        0xe ./bsp.o
                0x0000037a                BSP_LCD_ClearDisplay
 .text.BSP_LCD_DisplayOff
                0x00000388        0xe ./bsp.o
                0x00000388                BSP_LCD_DisplayOff
 .text.BSP_LCD_PrintStringData
                0x00000396       0x28 ./bsp.o
                0x00000396                BSP_LCD_PrintStringData
 *fill*         0x000003be        0x2 
 .text.BSP_LCD_NibbleWrite
                0x000003c0       0x64 ./bsp.o
                0x000003c0                BSP_LCD_NibbleWrite
 .text.BSP_LCD_Command
                0x00000424       0x44 ./bsp.o
                0x00000424                BSP_LCD_Command
 .text.BSP_LCD_Data
                0x00000468       0x36 ./bsp.o
                0x00000468                BSP_LCD_Data
 .text.BSP_LCD_Init
                0x0000049e       0x7c ./bsp.o
                0x0000049e                BSP_LCD_Init
 *fill*         0x0000051a        0x2 
 .text.BSP_LCD_Test
                0x0000051c       0x3c ./bsp.o
                0x0000051c                BSP_LCD_Test
 .text.BSP_UART_Test
                0x00000558       0x50 ./bsp.o
                0x00000558                BSP_UART_Test
 .text.BSP_TIMER_SYSTICK_Test_01
                0x000005a8       0x24 ./bsp.o
                0x000005a8                BSP_TIMER_SYSTICK_Test_01
 .text.BSP_TIMER_SYSTICK_Test_02
                0x000005cc       0x24 ./bsp.o
                0x000005cc                BSP_TIMER_SYSTICK_Test_02
 .text.BSP_TIMER_A_Test_03
                0x000005f0       0x38 ./bsp.o
                0x000005f0                BSP_TIMER_A_Test_03
 .text.BSP_TIMER_A_Test_04
                0x00000628       0x2c ./bsp.o
                0x00000628                BSP_TIMER_A_Test_04
 .text.BSP_TIMER_A_Test_05
                0x00000654       0x28 ./bsp.o
                0x00000654                BSP_TIMER_A_Test_05
 .text.BSP_INTERRUPT_Test_01
                0x0000067c       0x3c ./bsp.o
                0x0000067c                BSP_INTERRUPT_Test_01
 .text.BSP_DelayUs
                0x000006b8       0x16 ./bsp.o
                0x000006b8                BSP_DelayUs
 .text.BSP_DelayMs
                0x000006ce       0x16 ./bsp.o
                0x000006ce                BSP_DelayMs
 .text.BSP_DelaySec
                0x000006e4       0x20 ./bsp.o
                0x000006e4                BSP_DelaySec
 .text.Q_onAssert
                0x00000704        0xe ./bsp.o
                0x00000704                Q_onAssert
 .text.assert_failed
                0x00000712        0x4 ./bsp.o
                0x00000712                assert_failed
 *fill*         0x00000716        0x2 
 .text.GPIOPortF_IRQHandler
                0x00000718       0xb8 ./bsp.o
                0x00000718                GPIOPortF_IRQHandler
 .text.UART0_IRQHandler
                0x000007d0       0x3c ./bsp.o
                0x000007d0                UART0_IRQHandler
 .text.UART1_IRQHandler
                0x0000080c        0xe ./bsp.o
                0x0000080c                UART1_IRQHandler
 .text.main     0x0000081a       0x10 ./main.o
                0x0000081a                main
 *fill*         0x0000082a        0x2 
 .text.PHP_DelayUs
                0x0000082c       0x48 ./php.o
                0x0000082c                PHP_DelayUs
 .text.PHP_DelayMs
                0x00000874       0x20 ./php.o
                0x00000874                PHP_DelayMs
 .text.PHP_DelaySec
                0x00000894       0x20 ./php.o
                0x00000894                PHP_DelaySec
 .text.PHP_KEYPAD_Init
                0x000008b4       0xcc ./php_keypad.o
                0x000008b4                PHP_KEYPAD_Init
 .text.PHP_KEYPAD_GetKey
                0x00000980      0x140 ./php_keypad.o
                0x00000980                PHP_KEYPAD_GetKey
 .text.PHP_KEYPAD_GetChar
                0x00000ac0       0x42 ./php_keypad.o
                0x00000ac0                PHP_KEYPAD_GetChar
 *fill*         0x00000b02        0x2 
 .text.PHP_LCD_Init
                0x00000b04       0x68 ./php_lcd.o
                0x00000b04                PHP_LCD_Init
 .text.PHP_LED_Init
                0x00000b6c       0x68 ./php_led.o
                0x00000b6c                PHP_LED_Init
 .text.__NVIC_EnableIRQ
                0x00000bd4       0x3c ./php_switch.o
 .text.__NVIC_SetPriority
                0x00000c10       0x54 ./php_switch.o
 .text.PHP_SWITCH_Init
                0x00000c64       0xc4 ./php_switch.o
                0x00000c64                PHP_SWITCH_Init
 .text.PHP_TIMER_SYSTICK_Init
                0x00000d28       0x30 ./php_timer.o
                0x00000d28                PHP_TIMER_SYSTICK_Init
 .text.PHP_TIMER_SYSTICK_DelayMs
                0x00000d58       0x48 ./php_timer.o
                0x00000d58                PHP_TIMER_SYSTICK_DelayMs
 .text.PHP_TIMER_A_OneShotMode_Delay_Us_Ms
                0x00000da0       0xa8 ./php_timer.o
                0x00000da0                PHP_TIMER_A_OneShotMode_Delay_Us_Ms
 .text.PHP_TIMER_B_OneShotMode_Delay_Us_Ms
                0x00000e48       0xa8 ./php_timer.o
                0x00000e48                PHP_TIMER_B_OneShotMode_Delay_Us_Ms
 .text.PHP_TIMER_A_PeriodicMode_Delay_Us_Ms
                0x00000ef0       0xc4 ./php_timer.o
                0x00000ef0                PHP_TIMER_A_PeriodicMode_Delay_Us_Ms
 .text.PHP_TIMER_B_PeriodicMode_Delay_Us_Ms
                0x00000fb4       0xc4 ./php_timer.o
                0x00000fb4                PHP_TIMER_B_PeriodicMode_Delay_Us_Ms
 .text.PHP_TIMER0_A_CaptureMode_EdgeTime_Init
                0x00001078       0xcc ./php_timer.o
                0x00001078                PHP_TIMER0_A_CaptureMode_EdgeTime_Init
 .text.PHP_TIMER0_A_EdgeTimeCapture
                0x00001144       0x60 ./php_timer.o
                0x00001144                PHP_TIMER0_A_EdgeTimeCapture
 .text.PHP_TIMER3_A_CaptureMode_EdgeCount_Init
                0x000011a4       0xd8 ./php_timer.o
                0x000011a4                PHP_TIMER3_A_CaptureMode_EdgeCount_Init
 .text.PHP_TIMER3_A_EdgeCountCapture
                0x0000127c       0x18 ./php_timer.o
                0x0000127c                PHP_TIMER3_A_EdgeCountCapture
 .text.PHP_TIMER_WIDE_A_OneShotMode_DelaySec
                0x00001294       0x8c ./php_timer.o
                0x00001294                PHP_TIMER_WIDE_A_OneShotMode_DelaySec
 .text.__NVIC_EnableIRQ
                0x00001320       0x3c ./php_uart.o
 .text.__NVIC_SetPriority
                0x0000135c       0x54 ./php_uart.o
 .text.PHP_UART0_Init
                0x000013b0       0xf4 ./php_uart.o
                0x000013b0                PHP_UART0_Init
 .text.PHP_UART1_Init
                0x000014a4       0xe4 ./php_uart.o
                0x000014a4                PHP_UART1_Init
 .text.PHP_UART_Rx
                0x00001588       0x2a ./php_uart.o
                0x00001588                PHP_UART_Rx
 .text.PHP_UART_Tx
                0x000015b2       0x2c ./php_uart.o
                0x000015b2                PHP_UART_Tx
 .text.PHP_UART_TxString
                0x000015de       0x2c ./php_uart.o
                0x000015de                PHP_UART_TxString
 *fill*         0x0000160a        0x2 
 .text.Reset_Handler
                0x0000160c       0x88 ./startup_tm4c_gnu.o
                0x0000160c                Reset_Handler
 .text.NMI_Handler
                0x00001694       0x18 ./startup_tm4c_gnu.o
                0x00001694                NMI_Handler
 .text.MemManage_Handler
                0x000016ac       0x1c ./startup_tm4c_gnu.o
                0x000016ac                MemManage_Handler
 .text.HardFault_Handler
                0x000016c8       0x1c ./startup_tm4c_gnu.o
                0x000016c8                HardFault_Handler
 .text.BusFault_Handler
                0x000016e4       0x1c ./startup_tm4c_gnu.o
                0x000016e4                BusFault_Handler
 .text.UsageFault_Handler
                0x00001700       0x20 ./startup_tm4c_gnu.o
                0x00001700                UsageFault_Handler
 .text.Default_Handler
                0x00001720       0x1c ./startup_tm4c_gnu.o
                0x00001720                uDMAST_IRQHandler
                0x00001720                GPIOPortP4_IRQHandler
                0x00001720                PWM1Gen3_IRQHandler
                0x00001720                WideTimer5B_IRQHandler
                0x00001720                DebugMon_Handler
                0x00001720                QEI2_IRQHandler
                0x00001720                FlashCtrl_IRQHandler
                0x00001720                GPIOPortP7_IRQHandler
                0x00001720                Timer0B_IRQHandler
                0x00001720                I2C0_IRQHandler
                0x00001720                SysTick_Handler
                0x00001720                WideTimer4B_IRQHandler
                0x00001720                PendSV_Handler
                0x00001720                I2C1_IRQHandler
                0x00001720                GPIOPortP5_IRQHandler
                0x00001720                PWMGen0_IRQHandler
                0x00001720                CAN1_IRQHandler
                0x00001720                Timer1B_IRQHandler
                0x00001720                Watchdog_IRQHandler
                0x00001720                GPIOPortS_IRQHandler
                0x00001720                GPIOPortQ7_IRQHandler
                0x00001720                PWM1Gen2_IRQHandler
                0x00001720                GPIOPortL_IRQHandler
                0x00001720                SSI0_IRQHandler
                0x00001720                GPIOPortM_IRQHandler
                0x00001720                FPU_IRQHandler
                0x00001720                ADCSeq1_IRQHandler
                0x00001720                GPIOPortP0_IRQHandler
                0x00001720                WideTimer0B_IRQHandler
                0x00001720                PWMFault_IRQHandler
                0x00001720                WideTimer1A_IRQHandler
                0x00001720                I2C5_IRQHandler
                0x00001720                I2C4_IRQHandler
                0x00001720                GPIOPortQ5_IRQHandler
                0x00001720                PWMGen1_IRQHandler
                0x00001720                SSI1_IRQHandler
                0x00001720                I2C2_IRQHandler
                0x00001720                UART5_IRQHandler
                0x00001720                GPIOPortC_IRQHandler
                0x00001720                GPIOPortK_IRQHandler
                0x00001720                ADCSeq2_IRQHandler
                0x00001720                PWMGen2_IRQHandler
                0x00001720                UART2_IRQHandler
                0x00001720                GPIOPortP3_IRQHandler
                0x00001720                ADC1Seq0_IRQHandler
                0x00001720                UART4_IRQHandler
                0x00001720                GPIOPortJ_IRQHandler
                0x00001720                Default_Handler
                0x00001720                WideTimer0A_IRQHandler
                0x00001720                Timer5A_IRQHandler
                0x00001720                WideTimer3B_IRQHandler
                0x00001720                WideTimer2B_IRQHandler
                0x00001720                WideTimer5A_IRQHandler
                0x00001720                Timer4A_IRQHandler
                0x00001720                QEI1_IRQHandler
                0x00001720                PWM1Fault_IRQHandler
                0x00001720                GPIOPortP6_IRQHandler
                0x00001720                QEI0_IRQHandler
                0x00001720                ADC1Seq2_IRQHandler
                0x00001720                ADC1Seq1_IRQHandler
                0x00001720                PWMGen3_IRQHandler
                0x00001720                GPIOPortD_IRQHandler
                0x00001720                USB0_IRQHandler
                0x00001720                I2C3_IRQHandler
                0x00001720                SVC_Handler
                0x00001720                GPIOPortP2_IRQHandler
                0x00001720                GPIOPortQ4_IRQHandler
                0x00001720                Timer3B_IRQHandler
                0x00001720                Timer3A_IRQHandler
                0x00001720                GPIOPortA_IRQHandler
                0x00001720                ADC1Seq3_IRQHandler
                0x00001720                Timer0A_IRQHandler
                0x00001720                GPIOPortP1_IRQHandler
                0x00001720                ADCSeq0_IRQHandler
                0x00001720                Timer1A_IRQHandler
                0x00001720                GPIOPortG_IRQHandler
                0x00001720                GPIOPortQ3_IRQHandler
                0x00001720                GPIOPortQ1_IRQHandler
                0x00001720                Timer5B_IRQHandler
                0x00001720                ADCSeq3_IRQHandler
                0x00001720                WideTimer4A_IRQHandler
                0x00001720                GPIOPortE_IRQHandler
                0x00001720                CAN0_IRQHandler
                0x00001720                GPIOPortQ0_IRQHandler
                0x00001720                Comp0_IRQHandler
                0x00001720                Comp1_IRQHandler
                0x00001720                Comp2_IRQHandler
                0x00001720                GPIOPortQ6_IRQHandler
                0x00001720                SSI2_IRQHandler
                0x00001720                PWM1Gen0_IRQHandler
                0x00001720                UART7_IRQHandler
                0x00001720                UART6_IRQHandler
                0x00001720                WideTimer2A_IRQHandler
                0x00001720                GPIOPortB_IRQHandler
                0x00001720                WideTimer3A_IRQHandler
                0x00001720                CAN2_IRQHandler
                0x00001720                WideTimer1B_IRQHandler
                0x00001720                GPIOPortH_IRQHandler
                0x00001720                GPIOPortQ2_IRQHandler
                0x00001720                GPIOPortR_IRQHandler
                0x00001720                Timer4B_IRQHandler
                0x00001720                Timer2A_IRQHandler
                0x00001720                SSI3_IRQHandler
                0x00001720                Timer2B_IRQHandler
                0x00001720                uDMAError_IRQHandler
                0x00001720                GPIOPortN_IRQHandler
                0x00001720                UART3_IRQHandler
                0x00001720                SysCtrl_IRQHandler
                0x00001720                Hibernate_IRQHandler
                0x00001720                PWM1Gen1_IRQHandler
 .text.exit     0x0000173c       0x20 d:/ti/ccs1031/ccs/tools/compiler/gcc-arm-none-eabi-7-2017-q4-major-win32/bin/../lib/gcc/arm-none-eabi/7.2.1/../../../../arm-none-eabi/lib/thumb/v7e-m/fpv4-sp/hard\libc.a(lib_a-exit.o)
                0x0000173c                exit
 .text.__libc_init_array
                0x0000175c       0x48 d:/ti/ccs1031/ccs/tools/compiler/gcc-arm-none-eabi-7-2017-q4-major-win32/bin/../lib/gcc/arm-none-eabi/7.2.1/../../../../arm-none-eabi/lib/thumb/v7e-m/fpv4-sp/hard\libc.a(lib_a-init.o)
                0x0000175c                __libc_init_array
 .text.memset   0x000017a4       0x94 d:/ti/ccs1031/ccs/tools/compiler/gcc-arm-none-eabi-7-2017-q4-major-win32/bin/../lib/gcc/arm-none-eabi/7.2.1/../../../../arm-none-eabi/lib/thumb/v7e-m/fpv4-sp/hard\libc.a(lib_a-memset.o)
                0x000017a4                memset
 .text.startup.register_fini
                0x00001838       0x14 d:/ti/ccs1031/ccs/tools/compiler/gcc-arm-none-eabi-7-2017-q4-major-win32/bin/../lib/gcc/arm-none-eabi/7.2.1/../../../../arm-none-eabi/lib/thumb/v7e-m/fpv4-sp/hard\libc.a(lib_a-__call_atexit.o)
 .text.__call_exitprocs
                0x0000184c       0xe8 d:/ti/ccs1031/ccs/tools/compiler/gcc-arm-none-eabi-7-2017-q4-major-win32/bin/../lib/gcc/arm-none-eabi/7.2.1/../../../../arm-none-eabi/lib/thumb/v7e-m/fpv4-sp/hard\libc.a(lib_a-__call_atexit.o)
                0x0000184c                __call_exitprocs
 .text.atexit   0x00001934        0xc d:/ti/ccs1031/ccs/tools/compiler/gcc-arm-none-eabi-7-2017-q4-major-win32/bin/../lib/gcc/arm-none-eabi/7.2.1/../../../../arm-none-eabi/lib/thumb/v7e-m/fpv4-sp/hard\libc.a(lib_a-atexit.o)
                0x00001934                atexit
 .text.__libc_fini_array
                0x00001940       0x34 d:/ti/ccs1031/ccs/tools/compiler/gcc-arm-none-eabi-7-2017-q4-major-win32/bin/../lib/gcc/arm-none-eabi/7.2.1/../../../../arm-none-eabi/lib/thumb/v7e-m/fpv4-sp/hard\libc.a(lib_a-fini.o)
                0x00001940                __libc_fini_array
 .text.__retarget_lock_init
                0x00001974        0x4 d:/ti/ccs1031/ccs/tools/compiler/gcc-arm-none-eabi-7-2017-q4-major-win32/bin/../lib/gcc/arm-none-eabi/7.2.1/../../../../arm-none-eabi/lib/thumb/v7e-m/fpv4-sp/hard\libc.a(lib_a-lock.o)
                0x00001974                __retarget_lock_init
 .text.__retarget_lock_init_recursive
                0x00001978        0x4 d:/ti/ccs1031/ccs/tools/compiler/gcc-arm-none-eabi-7-2017-q4-major-win32/bin/../lib/gcc/arm-none-eabi/7.2.1/../../../../arm-none-eabi/lib/thumb/v7e-m/fpv4-sp/hard\libc.a(lib_a-lock.o)
                0x00001978                __retarget_lock_init_recursive
 .text.__retarget_lock_close
                0x0000197c        0x4 d:/ti/ccs1031/ccs/tools/compiler/gcc-arm-none-eabi-7-2017-q4-major-win32/bin/../lib/gcc/arm-none-eabi/7.2.1/../../../../arm-none-eabi/lib/thumb/v7e-m/fpv4-sp/hard\libc.a(lib_a-lock.o)
                0x0000197c                __retarget_lock_close
 .text.__retarget_lock_close_recursive
                0x00001980        0x4 d:/ti/ccs1031/ccs/tools/compiler/gcc-arm-none-eabi-7-2017-q4-major-win32/bin/../lib/gcc/arm-none-eabi/7.2.1/../../../../arm-none-eabi/lib/thumb/v7e-m/fpv4-sp/hard\libc.a(lib_a-lock.o)
                0x00001980                __retarget_lock_close_recursive
 .text.__retarget_lock_acquire
                0x00001984        0x4 d:/ti/ccs1031/ccs/tools/compiler/gcc-arm-none-eabi-7-2017-q4-major-win32/bin/../lib/gcc/arm-none-eabi/7.2.1/../../../../arm-none-eabi/lib/thumb/v7e-m/fpv4-sp/hard\libc.a(lib_a-lock.o)
                0x00001984                __retarget_lock_acquire
 .text.__retarget_lock_acquire_recursive
                0x00001988        0x4 d:/ti/ccs1031/ccs/tools/compiler/gcc-arm-none-eabi-7-2017-q4-major-win32/bin/../lib/gcc/arm-none-eabi/7.2.1/../../../../arm-none-eabi/lib/thumb/v7e-m/fpv4-sp/hard\libc.a(lib_a-lock.o)
                0x00001988                __retarget_lock_acquire_recursive
 .text.__retarget_lock_try_acquire
                0x0000198c        0x4 d:/ti/ccs1031/ccs/tools/compiler/gcc-arm-none-eabi-7-2017-q4-major-win32/bin/../lib/gcc/arm-none-eabi/7.2.1/../../../../arm-none-eabi/lib/thumb/v7e-m/fpv4-sp/hard\libc.a(lib_a-lock.o)
                0x0000198c                __retarget_lock_try_acquire
 .text.__retarget_lock_try_acquire_recursive
                0x00001990        0x4 d:/ti/ccs1031/ccs/tools/compiler/gcc-arm-none-eabi-7-2017-q4-major-win32/bin/../lib/gcc/arm-none-eabi/7.2.1/../../../../arm-none-eabi/lib/thumb/v7e-m/fpv4-sp/hard\libc.a(lib_a-lock.o)
                0x00001990                __retarget_lock_try_acquire_recursive
 .text.__retarget_lock_release
                0x00001994        0x4 d:/ti/ccs1031/ccs/tools/compiler/gcc-arm-none-eabi-7-2017-q4-major-win32/bin/../lib/gcc/arm-none-eabi/7.2.1/../../../../arm-none-eabi/lib/thumb/v7e-m/fpv4-sp/hard\libc.a(lib_a-lock.o)
                0x00001994                __retarget_lock_release
 .text.__retarget_lock_release_recursive
                0x00001998        0x4 d:/ti/ccs1031/ccs/tools/compiler/gcc-arm-none-eabi-7-2017-q4-major-win32/bin/../lib/gcc/arm-none-eabi/7.2.1/../../../../arm-none-eabi/lib/thumb/v7e-m/fpv4-sp/hard\libc.a(lib_a-lock.o)
                0x00001998                __retarget_lock_release_recursive
 .text.__register_exitproc
                0x0000199c       0xc0 d:/ti/ccs1031/ccs/tools/compiler/gcc-arm-none-eabi-7-2017-q4-major-win32/bin/../lib/gcc/arm-none-eabi/7.2.1/../../../../arm-none-eabi/lib/thumb/v7e-m/fpv4-sp/hard\libc.a(lib_a-__atexit.o)
                0x0000199c                __register_exitproc
 .text._exit    0x00001a5c        0x4 d:/ti/ccs1031/ccs/tools/compiler/gcc-arm-none-eabi-7-2017-q4-major-win32/bin/../lib/gcc/arm-none-eabi/7.2.1/../../../../arm-none-eabi/lib/thumb/v7e-m/fpv4-sp/hard\libnosys.a(_exit.o)
                0x00001a5c                _exit
 *(.rodata)
 .rodata        0x00001a60       0x17 ./bsp.o
 *fill*         0x00001a77        0x1 
 .rodata        0x00001a78       0x10 ./php_keypad.o
 .rodata        0x00001a88        0xe ./startup_tm4c_gnu.o
 *(.rodata*)
 *fill*         0x00001a96        0x2 
 .rodata._global_impure_ptr
                0x00001a98        0x4 d:/ti/ccs1031/ccs/tools/compiler/gcc-arm-none-eabi-7-2017-q4-major-win32/bin/../lib/gcc/arm-none-eabi/7.2.1/../../../../arm-none-eabi/lib/thumb/v7e-m/fpv4-sp/hard\libc.a(lib_a-impure.o)
                0x00001a98                _global_impure_ptr
 *(.init)
 .init          0x00001a9c        0x4 d:/ti/ccs1031/ccs/tools/compiler/gcc-arm-none-eabi-7-2017-q4-major-win32/bin/../lib/gcc/arm-none-eabi/7.2.1/thumb/v7e-m/fpv4-sp/hard/crti.o
                0x00001a9c                _init
 .init          0x00001aa0        0x8 d:/ti/ccs1031/ccs/tools/compiler/gcc-arm-none-eabi-7-2017-q4-major-win32/bin/../lib/gcc/arm-none-eabi/7.2.1/thumb/v7e-m/fpv4-sp/hard/crtn.o
 *(.fini)
 .fini          0x00001aa8        0x4 d:/ti/ccs1031/ccs/tools/compiler/gcc-arm-none-eabi-7-2017-q4-major-win32/bin/../lib/gcc/arm-none-eabi/7.2.1/thumb/v7e-m/fpv4-sp/hard/crti.o
                0x00001aa8                _fini
 .fini          0x00001aac        0x8 d:/ti/ccs1031/ccs/tools/compiler/gcc-arm-none-eabi-7-2017-q4-major-win32/bin/../lib/gcc/arm-none-eabi/7.2.1/thumb/v7e-m/fpv4-sp/hard/crtn.o
                0x00001ab4                . = ALIGN (0x4)

.glue_7         0x00001ab4        0x0
 .glue_7        0x00001ab4        0x0 linker stubs

.glue_7t        0x00001ab4        0x0
 .glue_7t       0x00001ab4        0x0 linker stubs

.vfp11_veneer   0x00001ab4        0x0
 .vfp11_veneer  0x00001ab4        0x0 linker stubs

.v4_bx          0x00001ab4        0x0
 .v4_bx         0x00001ab4        0x0 linker stubs

.iplt           0x00001ab4        0x0
 .iplt          0x00001ab4        0x0 d:/ti/ccs1031/ccs/tools/compiler/gcc-arm-none-eabi-7-2017-q4-major-win32/bin/../lib/gcc/arm-none-eabi/7.2.1/thumb/v7e-m/fpv4-sp/hard/crtbegin.o

.rel.dyn        0x00001ab4        0x0
 .rel.iplt      0x00001ab4        0x0 d:/ti/ccs1031/ccs/tools/compiler/gcc-arm-none-eabi-7-2017-q4-major-win32/bin/../lib/gcc/arm-none-eabi/7.2.1/thumb/v7e-m/fpv4-sp/hard/crtbegin.o

.preinit_array  0x00001ab4        0x0
                0x00001ab4                PROVIDE (__preinit_array_start, .)
 *(.preinit_array*)
                0x00001ab4                PROVIDE (__preinit_array_end, .)

.init_array     0x00001ab4        0x8
                0x00001ab4                PROVIDE (__init_array_start, .)
 *(SORT_BY_NAME(.init_array.*))
 .init_array.00000
                0x00001ab4        0x4 d:/ti/ccs1031/ccs/tools/compiler/gcc-arm-none-eabi-7-2017-q4-major-win32/bin/../lib/gcc/arm-none-eabi/7.2.1/../../../../arm-none-eabi/lib/thumb/v7e-m/fpv4-sp/hard\libc.a(lib_a-__call_atexit.o)
 *(.init_array*)
 .init_array    0x00001ab8        0x4 d:/ti/ccs1031/ccs/tools/compiler/gcc-arm-none-eabi-7-2017-q4-major-win32/bin/../lib/gcc/arm-none-eabi/7.2.1/thumb/v7e-m/fpv4-sp/hard/crtbegin.o
                0x00001abc                PROVIDE (__init_array_end, .)

.fini_array     0x00001abc        0x4
                0x00001abc                PROVIDE (__fini_array_start, .)
 *(.fini_array*)
 .fini_array    0x00001abc        0x4 d:/ti/ccs1031/ccs/tools/compiler/gcc-arm-none-eabi-7-2017-q4-major-win32/bin/../lib/gcc/arm-none-eabi/7.2.1/thumb/v7e-m/fpv4-sp/hard/crtbegin.o
 *(SORT_BY_NAME(.fini_array.*))
                0x00001ac0                PROVIDE (__fini_array_end, .)
                0x00001ac0                _etext = .

.stack          0x20000000      0x200
                0x20000000                __stack_start__ = .
                0x20000200                . = (. + STACK_SIZE)
 *fill*         0x20000000      0x200 
                0x20000200                . = ALIGN (0x4)
                0x20000200                __stack_end__ = .

.data           0x20000200      0x434 load address 0x00001ac0
                0x00001ac0                __data_load = LOADADDR (.data)
                0x20000200                __data_start = .
 *(.data)
 .data          0x20000200        0x0 d:/ti/ccs1031/ccs/tools/compiler/gcc-arm-none-eabi-7-2017-q4-major-win32/bin/../lib/gcc/arm-none-eabi/7.2.1/thumb/v7e-m/fpv4-sp/hard/crti.o
 .data          0x20000200        0x4 d:/ti/ccs1031/ccs/tools/compiler/gcc-arm-none-eabi-7-2017-q4-major-win32/bin/../lib/gcc/arm-none-eabi/7.2.1/thumb/v7e-m/fpv4-sp/hard/crtbegin.o
                0x20000200                __dso_handle
 .data          0x20000204        0x0 d:/ti/ccs1031/ccs/tools/compiler/gcc-arm-none-eabi-7-2017-q4-major-win32/bin/../lib/gcc/arm-none-eabi/7.2.1/../../../../arm-none-eabi/lib/thumb/v7e-m/fpv4-sp/hard/crt0.o
 .data          0x20000204        0x0 ./bsp.o
 .data          0x20000204        0x0 ./main.o
 .data          0x20000204        0x0 ./php.o
 .data          0x20000204        0x0 ./php_keypad.o
 .data          0x20000204        0x0 ./php_lcd.o
 .data          0x20000204        0x0 ./php_led.o
 .data          0x20000204        0x0 ./php_switch.o
 .data          0x20000204        0x0 ./php_timer.o
 .data          0x20000204        0x0 ./php_uart.o
 .data          0x20000204        0x0 ./startup_tm4c_gnu.o
 .data          0x20000204        0x0 d:/ti/ccs1031/ccs/tools/compiler/gcc-arm-none-eabi-7-2017-q4-major-win32/bin/../lib/gcc/arm-none-eabi/7.2.1/../../../../arm-none-eabi/lib/thumb/v7e-m/fpv4-sp/hard\libc.a(lib_a-exit.o)
 .data          0x20000204        0x0 d:/ti/ccs1031/ccs/tools/compiler/gcc-arm-none-eabi-7-2017-q4-major-win32/bin/../lib/gcc/arm-none-eabi/7.2.1/../../../../arm-none-eabi/lib/thumb/v7e-m/fpv4-sp/hard\libc.a(lib_a-impure.o)
 .data          0x20000204        0x0 d:/ti/ccs1031/ccs/tools/compiler/gcc-arm-none-eabi-7-2017-q4-major-win32/bin/../lib/gcc/arm-none-eabi/7.2.1/../../../../arm-none-eabi/lib/thumb/v7e-m/fpv4-sp/hard\libc.a(lib_a-init.o)
 .data          0x20000204        0x0 d:/ti/ccs1031/ccs/tools/compiler/gcc-arm-none-eabi-7-2017-q4-major-win32/bin/../lib/gcc/arm-none-eabi/7.2.1/../../../../arm-none-eabi/lib/thumb/v7e-m/fpv4-sp/hard\libc.a(lib_a-memset.o)
 .data          0x20000204        0x0 d:/ti/ccs1031/ccs/tools/compiler/gcc-arm-none-eabi-7-2017-q4-major-win32/bin/../lib/gcc/arm-none-eabi/7.2.1/../../../../arm-none-eabi/lib/thumb/v7e-m/fpv4-sp/hard\libc.a(lib_a-__call_atexit.o)
 .data          0x20000204        0x0 d:/ti/ccs1031/ccs/tools/compiler/gcc-arm-none-eabi-7-2017-q4-major-win32/bin/../lib/gcc/arm-none-eabi/7.2.1/../../../../arm-none-eabi/lib/thumb/v7e-m/fpv4-sp/hard\libc.a(lib_a-atexit.o)
 .data          0x20000204        0x0 d:/ti/ccs1031/ccs/tools/compiler/gcc-arm-none-eabi-7-2017-q4-major-win32/bin/../lib/gcc/arm-none-eabi/7.2.1/../../../../arm-none-eabi/lib/thumb/v7e-m/fpv4-sp/hard\libc.a(lib_a-fini.o)
 .data          0x20000204        0x0 d:/ti/ccs1031/ccs/tools/compiler/gcc-arm-none-eabi-7-2017-q4-major-win32/bin/../lib/gcc/arm-none-eabi/7.2.1/../../../../arm-none-eabi/lib/thumb/v7e-m/fpv4-sp/hard\libc.a(lib_a-lock.o)
 .data          0x20000204        0x0 d:/ti/ccs1031/ccs/tools/compiler/gcc-arm-none-eabi-7-2017-q4-major-win32/bin/../lib/gcc/arm-none-eabi/7.2.1/../../../../arm-none-eabi/lib/thumb/v7e-m/fpv4-sp/hard\libc.a(lib_a-__atexit.o)
 .data          0x20000204        0x0 d:/ti/ccs1031/ccs/tools/compiler/gcc-arm-none-eabi-7-2017-q4-major-win32/bin/../lib/gcc/arm-none-eabi/7.2.1/../../../../arm-none-eabi/lib/thumb/v7e-m/fpv4-sp/hard\libnosys.a(_exit.o)
 .data          0x20000204        0x0 d:/ti/ccs1031/ccs/tools/compiler/gcc-arm-none-eabi-7-2017-q4-major-win32/bin/../lib/gcc/arm-none-eabi/7.2.1/thumb/v7e-m/fpv4-sp/hard/crtend.o
 .data          0x20000204        0x0 d:/ti/ccs1031/ccs/tools/compiler/gcc-arm-none-eabi-7-2017-q4-major-win32/bin/../lib/gcc/arm-none-eabi/7.2.1/thumb/v7e-m/fpv4-sp/hard/crtn.o
 *(.data*)
 .data._impure_ptr
                0x20000204        0x4 d:/ti/ccs1031/ccs/tools/compiler/gcc-arm-none-eabi-7-2017-q4-major-win32/bin/../lib/gcc/arm-none-eabi/7.2.1/../../../../arm-none-eabi/lib/thumb/v7e-m/fpv4-sp/hard\libc.a(lib_a-impure.o)
                0x20000204                _impure_ptr
 .data.impure_data
                0x20000208      0x428 d:/ti/ccs1031/ccs/tools/compiler/gcc-arm-none-eabi-7-2017-q4-major-win32/bin/../lib/gcc/arm-none-eabi/7.2.1/../../../../arm-none-eabi/lib/thumb/v7e-m/fpv4-sp/hard\libc.a(lib_a-impure.o)
 .data.__atexit_recursive_mutex
                0x20000630        0x4 d:/ti/ccs1031/ccs/tools/compiler/gcc-arm-none-eabi-7-2017-q4-major-win32/bin/../lib/gcc/arm-none-eabi/7.2.1/../../../../arm-none-eabi/lib/thumb/v7e-m/fpv4-sp/hard\libc.a(lib_a-__call_atexit.o)
                0x20000630                __atexit_recursive_mutex
                0x20000634                . = ALIGN (0x4)
                0x20000634                __data_end__ = .
                0x20000634                _edata = __data_end__

.igot.plt       0x20000634        0x0 load address 0x00001ef4
 .igot.plt      0x20000634        0x0 d:/ti/ccs1031/ccs/tools/compiler/gcc-arm-none-eabi-7-2017-q4-major-win32/bin/../lib/gcc/arm-none-eabi/7.2.1/thumb/v7e-m/fpv4-sp/hard/crtbegin.o

.bss            0x20000634       0x40 load address 0x00001ef4
                0x20000634                __bss_start__ = .
 *(.bss)
 .bss           0x20000634        0x0 d:/ti/ccs1031/ccs/tools/compiler/gcc-arm-none-eabi-7-2017-q4-major-win32/bin/../lib/gcc/arm-none-eabi/7.2.1/thumb/v7e-m/fpv4-sp/hard/crti.o
 .bss           0x20000634       0x1c d:/ti/ccs1031/ccs/tools/compiler/gcc-arm-none-eabi-7-2017-q4-major-win32/bin/../lib/gcc/arm-none-eabi/7.2.1/thumb/v7e-m/fpv4-sp/hard/crtbegin.o
 .bss           0x20000650        0x0 d:/ti/ccs1031/ccs/tools/compiler/gcc-arm-none-eabi-7-2017-q4-major-win32/bin/../lib/gcc/arm-none-eabi/7.2.1/../../../../arm-none-eabi/lib/thumb/v7e-m/fpv4-sp/hard/crt0.o
 .bss           0x20000650        0x0 ./bsp.o
 .bss           0x20000650        0x0 ./main.o
 .bss           0x20000650        0x0 ./php.o
 .bss           0x20000650        0x0 ./php_keypad.o
 .bss           0x20000650        0x0 ./php_lcd.o
 .bss           0x20000650        0x0 ./php_led.o
 .bss           0x20000650        0x0 ./php_switch.o
 .bss           0x20000650        0x0 ./php_timer.o
 .bss           0x20000650        0x0 ./php_uart.o
 .bss           0x20000650        0x0 ./startup_tm4c_gnu.o
 .bss           0x20000650        0x0 d:/ti/ccs1031/ccs/tools/compiler/gcc-arm-none-eabi-7-2017-q4-major-win32/bin/../lib/gcc/arm-none-eabi/7.2.1/../../../../arm-none-eabi/lib/thumb/v7e-m/fpv4-sp/hard\libc.a(lib_a-exit.o)
 .bss           0x20000650        0x0 d:/ti/ccs1031/ccs/tools/compiler/gcc-arm-none-eabi-7-2017-q4-major-win32/bin/../lib/gcc/arm-none-eabi/7.2.1/../../../../arm-none-eabi/lib/thumb/v7e-m/fpv4-sp/hard\libc.a(lib_a-impure.o)
 .bss           0x20000650        0x0 d:/ti/ccs1031/ccs/tools/compiler/gcc-arm-none-eabi-7-2017-q4-major-win32/bin/../lib/gcc/arm-none-eabi/7.2.1/../../../../arm-none-eabi/lib/thumb/v7e-m/fpv4-sp/hard\libc.a(lib_a-init.o)
 .bss           0x20000650        0x0 d:/ti/ccs1031/ccs/tools/compiler/gcc-arm-none-eabi-7-2017-q4-major-win32/bin/../lib/gcc/arm-none-eabi/7.2.1/../../../../arm-none-eabi/lib/thumb/v7e-m/fpv4-sp/hard\libc.a(lib_a-memset.o)
 .bss           0x20000650        0x0 d:/ti/ccs1031/ccs/tools/compiler/gcc-arm-none-eabi-7-2017-q4-major-win32/bin/../lib/gcc/arm-none-eabi/7.2.1/../../../../arm-none-eabi/lib/thumb/v7e-m/fpv4-sp/hard\libc.a(lib_a-__call_atexit.o)
 .bss           0x20000650        0x0 d:/ti/ccs1031/ccs/tools/compiler/gcc-arm-none-eabi-7-2017-q4-major-win32/bin/../lib/gcc/arm-none-eabi/7.2.1/../../../../arm-none-eabi/lib/thumb/v7e-m/fpv4-sp/hard\libc.a(lib_a-atexit.o)
 .bss           0x20000650        0x0 d:/ti/ccs1031/ccs/tools/compiler/gcc-arm-none-eabi-7-2017-q4-major-win32/bin/../lib/gcc/arm-none-eabi/7.2.1/../../../../arm-none-eabi/lib/thumb/v7e-m/fpv4-sp/hard\libc.a(lib_a-fini.o)
 .bss           0x20000650        0x0 d:/ti/ccs1031/ccs/tools/compiler/gcc-arm-none-eabi-7-2017-q4-major-win32/bin/../lib/gcc/arm-none-eabi/7.2.1/../../../../arm-none-eabi/lib/thumb/v7e-m/fpv4-sp/hard\libc.a(lib_a-lock.o)
 .bss           0x20000650        0x0 d:/ti/ccs1031/ccs/tools/compiler/gcc-arm-none-eabi-7-2017-q4-major-win32/bin/../lib/gcc/arm-none-eabi/7.2.1/../../../../arm-none-eabi/lib/thumb/v7e-m/fpv4-sp/hard\libc.a(lib_a-__atexit.o)
 .bss           0x20000650        0x0 d:/ti/ccs1031/ccs/tools/compiler/gcc-arm-none-eabi-7-2017-q4-major-win32/bin/../lib/gcc/arm-none-eabi/7.2.1/../../../../arm-none-eabi/lib/thumb/v7e-m/fpv4-sp/hard\libnosys.a(_exit.o)
 .bss           0x20000650        0x0 d:/ti/ccs1031/ccs/tools/compiler/gcc-arm-none-eabi-7-2017-q4-major-win32/bin/../lib/gcc/arm-none-eabi/7.2.1/thumb/v7e-m/fpv4-sp/hard/crtend.o
 .bss           0x20000650        0x0 d:/ti/ccs1031/ccs/tools/compiler/gcc-arm-none-eabi-7-2017-q4-major-win32/bin/../lib/gcc/arm-none-eabi/7.2.1/thumb/v7e-m/fpv4-sp/hard/crtn.o
 *(.bss*)
 *(COMMON)
 COMMON         0x20000650       0x21 d:/ti/ccs1031/ccs/tools/compiler/gcc-arm-none-eabi-7-2017-q4-major-win32/bin/../lib/gcc/arm-none-eabi/7.2.1/../../../../arm-none-eabi/lib/thumb/v7e-m/fpv4-sp/hard\libc.a(lib_a-lock.o)
                0x20000650                __lock___atexit_recursive_mutex
                0x20000654                __lock___arc4random_mutex
                0x20000658                __lock___env_recursive_mutex
                0x2000065c                __lock___sinit_recursive_mutex
                0x20000660                __lock___malloc_recursive_mutex
                0x20000664                __lock___at_quick_exit_mutex
                0x20000668                __lock___dd_hash_mutex
                0x2000066c                __lock___tz_mutex
                0x20000670                __lock___sfp_recursive_mutex
                0x20000674                . = ALIGN (0x4)
 *fill*         0x20000671        0x3 
                0x20000674                _ebss = .
                0x20000674                __bss_end__ = .
                [!provide]                PROVIDE (end, _ebss)
                [!provide]                PROVIDE (_end, _ebss)
                [!provide]                PROVIDE (__end__, _ebss)

.heap           0x20000674        0x0
                0x20000674                __heap_start__ = .
                0x20000674                . = (. + HEAP_SIZE)
                0x20000674                . = ALIGN (0x4)
                0x20000674                __heap_end__ = .

/DISCARD/
 libc.a(*)
 libm.a(*)
 libgcc.a(*)
START GROUP
LOAD d:/ti/ccs1031/ccs/tools/compiler/gcc-arm-none-eabi-7-2017-q4-major-win32/bin/../lib/gcc/arm-none-eabi/7.2.1/thumb/v7e-m/fpv4-sp/hard\libgcc.a
LOAD d:/ti/ccs1031/ccs/tools/compiler/gcc-arm-none-eabi-7-2017-q4-major-win32/bin/../lib/gcc/arm-none-eabi/7.2.1/../../../../arm-none-eabi/lib/thumb/v7e-m/fpv4-sp/hard\libg.a
LOAD d:/ti/ccs1031/ccs/tools/compiler/gcc-arm-none-eabi-7-2017-q4-major-win32/bin/../lib/gcc/arm-none-eabi/7.2.1/../../../../arm-none-eabi/lib/thumb/v7e-m/fpv4-sp/hard\libc.a
END GROUP
START GROUP
LOAD d:/ti/ccs1031/ccs/tools/compiler/gcc-arm-none-eabi-7-2017-q4-major-win32/bin/../lib/gcc/arm-none-eabi/7.2.1/thumb/v7e-m/fpv4-sp/hard\libgcc.a
LOAD d:/ti/ccs1031/ccs/tools/compiler/gcc-arm-none-eabi-7-2017-q4-major-win32/bin/../lib/gcc/arm-none-eabi/7.2.1/../../../../arm-none-eabi/lib/thumb/v7e-m/fpv4-sp/hard\libc.a
LOAD d:/ti/ccs1031/ccs/tools/compiler/gcc-arm-none-eabi-7-2017-q4-major-win32/bin/../lib/gcc/arm-none-eabi/7.2.1/../../../../arm-none-eabi/lib/thumb/v7e-m/fpv4-sp/hard\libnosys.a
END GROUP
LOAD d:/ti/ccs1031/ccs/tools/compiler/gcc-arm-none-eabi-7-2017-q4-major-win32/bin/../lib/gcc/arm-none-eabi/7.2.1/thumb/v7e-m/fpv4-sp/hard/crtend.o
LOAD d:/ti/ccs1031/ccs/tools/compiler/gcc-arm-none-eabi-7-2017-q4-major-win32/bin/../lib/gcc/arm-none-eabi/7.2.1/thumb/v7e-m/fpv4-sp/hard/crtn.o
OUTPUT(04_Peripheral_INTERRUPT.out elf32-littlearm)

.ARM.attributes
                0x00000000       0x30
 .ARM.attributes
                0x00000000       0x22 d:/ti/ccs1031/ccs/tools/compiler/gcc-arm-none-eabi-7-2017-q4-major-win32/bin/../lib/gcc/arm-none-eabi/7.2.1/thumb/v7e-m/fpv4-sp/hard/crti.o
 .ARM.attributes
                0x00000022       0x34 d:/ti/ccs1031/ccs/tools/compiler/gcc-arm-none-eabi-7-2017-q4-major-win32/bin/../lib/gcc/arm-none-eabi/7.2.1/thumb/v7e-m/fpv4-sp/hard/crtbegin.o
 .ARM.attributes
                0x00000056       0x20 d:/ti/ccs1031/ccs/tools/compiler/gcc-arm-none-eabi-7-2017-q4-major-win32/bin/../lib/gcc/arm-none-eabi/7.2.1/../../../../arm-none-eabi/lib/thumb/v7e-m/fpv4-sp/hard/crt0.o
 .ARM.attributes
                0x00000076       0x39 ./bsp.o
 .ARM.attributes
                0x000000af       0x39 ./main.o
 .ARM.attributes
                0x000000e8       0x39 ./php.o
 .ARM.attributes
                0x00000121       0x39 ./php_keypad.o
 .ARM.attributes
                0x0000015a       0x39 ./php_lcd.o
 .ARM.attributes
                0x00000193       0x39 ./php_led.o
 .ARM.attributes
                0x000001cc       0x39 ./php_switch.o
 .ARM.attributes
                0x00000205       0x39 ./php_timer.o
 .ARM.attributes
                0x0000023e       0x39 ./php_uart.o
 .ARM.attributes
                0x00000277       0x39 ./startup_tm4c_gnu.o
 .ARM.attributes
                0x000002b0       0x34 d:/ti/ccs1031/ccs/tools/compiler/gcc-arm-none-eabi-7-2017-q4-major-win32/bin/../lib/gcc/arm-none-eabi/7.2.1/../../../../arm-none-eabi/lib/thumb/v7e-m/fpv4-sp/hard\libnosys.a(_exit.o)
 .ARM.attributes
                0x000002e4       0x34 d:/ti/ccs1031/ccs/tools/compiler/gcc-arm-none-eabi-7-2017-q4-major-win32/bin/../lib/gcc/arm-none-eabi/7.2.1/thumb/v7e-m/fpv4-sp/hard/crtend.o
 .ARM.attributes
                0x00000318       0x22 d:/ti/ccs1031/ccs/tools/compiler/gcc-arm-none-eabi-7-2017-q4-major-win32/bin/../lib/gcc/arm-none-eabi/7.2.1/thumb/v7e-m/fpv4-sp/hard/crtn.o

.comment        0x00000000       0x7e
 .comment       0x00000000       0x7e ./bsp.o
                                 0x7f (size before relaxing)
 .comment       0x0000007e       0x7f ./main.o
 .comment       0x0000007e       0x7f ./php.o
 .comment       0x0000007e       0x7f ./php_keypad.o
 .comment       0x0000007e       0x7f ./php_lcd.o
 .comment       0x0000007e       0x7f ./php_led.o
 .comment       0x0000007e       0x7f ./php_switch.o
 .comment       0x0000007e       0x7f ./php_timer.o
 .comment       0x0000007e       0x7f ./php_uart.o
 .comment       0x0000007e       0x7f ./startup_tm4c_gnu.o

.debug_info     0x00000000     0x7b3b
 .debug_info    0x00000000      0xc9f ./bsp.o
 .debug_info    0x00000c9f       0xf2 ./main.o
 .debug_info    0x00000d91      0x488 ./php.o
 .debug_info    0x00001219      0xe7d ./php_keypad.o
 .debug_info    0x00002096      0xded ./php_lcd.o
 .debug_info    0x00002e83      0xded ./php_led.o
 .debug_info    0x00003c70     0x131c ./php_switch.o
 .debug_info    0x00004f8c     0x144d ./php_timer.o
 .debug_info    0x000063d9     0x15b9 ./php_uart.o
 .debug_info    0x00007992      0x1a9 ./startup_tm4c_gnu.o

.debug_abbrev   0x00000000      0xc05
 .debug_abbrev  0x00000000      0x1f4 ./bsp.o
 .debug_abbrev  0x000001f4       0x95 ./main.o
 .debug_abbrev  0x00000289      0x10a ./php.o
 .debug_abbrev  0x00000393      0x11b ./php_keypad.o
 .debug_abbrev  0x000004ae       0xe4 ./php_lcd.o
 .debug_abbrev  0x00000592       0xe4 ./php_led.o
 .debug_abbrev  0x00000676      0x152 ./php_switch.o
 .debug_abbrev  0x000007c8      0x18c ./php_timer.o
 .debug_abbrev  0x00000954      0x1d3 ./php_uart.o
 .debug_abbrev  0x00000b27       0xde ./startup_tm4c_gnu.o

.debug_aranges  0x00000000      0x2e8
 .debug_aranges
                0x00000000       0xe8 ./bsp.o
 .debug_aranges
                0x000000e8       0x20 ./main.o
 .debug_aranges
                0x00000108       0x30 ./php.o
 .debug_aranges
                0x00000138       0x30 ./php_keypad.o
 .debug_aranges
                0x00000168       0x20 ./php_lcd.o
 .debug_aranges
                0x00000188       0x20 ./php_led.o
 .debug_aranges
                0x000001a8       0x30 ./php_switch.o
 .debug_aranges
                0x000001d8       0x70 ./php_timer.o
 .debug_aranges
                0x00000248       0x50 ./php_uart.o
 .debug_aranges
                0x00000298       0x50 ./startup_tm4c_gnu.o

.debug_ranges   0x00000000      0x248
 .debug_ranges  0x00000000       0xd8 ./bsp.o
 .debug_ranges  0x000000d8       0x10 ./main.o
 .debug_ranges  0x000000e8       0x20 ./php.o
 .debug_ranges  0x00000108       0x20 ./php_keypad.o
 .debug_ranges  0x00000128       0x10 ./php_lcd.o
 .debug_ranges  0x00000138       0x10 ./php_led.o
 .debug_ranges  0x00000148       0x20 ./php_switch.o
 .debug_ranges  0x00000168       0x60 ./php_timer.o
 .debug_ranges  0x000001c8       0x40 ./php_uart.o
 .debug_ranges  0x00000208       0x40 ./startup_tm4c_gnu.o

.debug_line     0x00000000     0x1631
 .debug_line    0x00000000      0x42f ./bsp.o
 .debug_line    0x0000042f      0x1d1 ./main.o
 .debug_line    0x00000600      0x1f9 ./php.o
 .debug_line    0x000007f9      0x23d ./php_keypad.o
 .debug_line    0x00000a36      0x1d3 ./php_lcd.o
 .debug_line    0x00000c09      0x1d5 ./php_led.o
 .debug_line    0x00000dde      0x20f ./php_switch.o
 .debug_line    0x00000fed      0x303 ./php_timer.o
 .debug_line    0x000012f0      0x27a ./php_uart.o
 .debug_line    0x0000156a       0xc7 ./startup_tm4c_gnu.o

.debug_str      0x00000000     0x133c
 .debug_str     0x00000000      0x555 ./bsp.o
                                0x5bd (size before relaxing)
 .debug_str     0x00000555       0x1c ./main.o
                                0x1ff (size before relaxing)
 .debug_str     0x00000571       0x2e ./php.o
                                0x29c (size before relaxing)
 .debug_str     0x0000059f      0x5c7 ./php_keypad.o
                                0x82e (size before relaxing)
 .debug_str     0x00000b66       0x1a ./php_lcd.o
                                0x7fc (size before relaxing)
 .debug_str     0x00000b80       0x1a ./php_led.o
                                0x7fc (size before relaxing)
 .debug_str     0x00000b9a      0x431 ./php_switch.o
                                0xd1a (size before relaxing)
 .debug_str     0x00000fcb      0x1fb ./php_timer.o
                                0xa79 (size before relaxing)
 .debug_str     0x000011c6       0x5e ./php_uart.o
                                0xdad (size before relaxing)
 .debug_str     0x00001224      0x118 ./startup_tm4c_gnu.o
                                0x241 (size before relaxing)

.debug_frame    0x00000000      0x8bc
 .debug_frame   0x00000000      0x340 ./bsp.o
 .debug_frame   0x00000340       0x2c ./main.o
 .debug_frame   0x0000036c       0x7c ./php.o
 .debug_frame   0x000003e8       0x7c ./php_keypad.o
 .debug_frame   0x00000464       0x30 ./php_lcd.o
 .debug_frame   0x00000494       0x30 ./php_led.o
 .debug_frame   0x000004c4       0x7c ./php_switch.o
 .debug_frame   0x00000540      0x1ac ./php_timer.o
 .debug_frame   0x000006ec      0x11c ./php_uart.o
 .debug_frame   0x00000808       0x94 ./startup_tm4c_gnu.o
 .debug_frame   0x0000089c       0x20 d:/ti/ccs1031/ccs/tools/compiler/gcc-arm-none-eabi-7-2017-q4-major-win32/bin/../lib/gcc/arm-none-eabi/7.2.1/../../../../arm-none-eabi/lib/thumb/v7e-m/fpv4-sp/hard\libnosys.a(_exit.o)
