Archive member included to satisfy reference by file (symbol)

d:/ti/ccs1031/ccs/tools/compiler/gcc-arm-none-eabi-7-2017-q4-major-win32/bin/../lib/gcc/arm-none-eabi/7.2.1/../../../../arm-none-eabi/lib/thumb/v7e-m/fpv4-sp/hard\libc.a(lib_a-exit.o)
                              d:/ti/ccs1031/ccs/tools/compiler/gcc-arm-none-eabi-7-2017-q4-major-win32/bin/../lib/gcc/arm-none-eabi/7.2.1/../../../../arm-none-eabi/lib/thumb/v7e-m/fpv4-sp/hard/crt0.o (exit)
d:/ti/ccs1031/ccs/tools/compiler/gcc-arm-none-eabi-7-2017-q4-major-win32/bin/../lib/gcc/arm-none-eabi/7.2.1/../../../../arm-none-eabi/lib/thumb/v7e-m/fpv4-sp/hard\libc.a(lib_a-impure.o)
                              d:/ti/ccs1031/ccs/tools/compiler/gcc-arm-none-eabi-7-2017-q4-major-win32/bin/../lib/gcc/arm-none-eabi/7.2.1/../../../../arm-none-eabi/lib/thumb/v7e-m/fpv4-sp/hard\libc.a(lib_a-exit.o) (_global_impure_ptr)
d:/ti/ccs1031/ccs/tools/compiler/gcc-arm-none-eabi-7-2017-q4-major-win32/bin/../lib/gcc/arm-none-eabi/7.2.1/../../../../arm-none-eabi/lib/thumb/v7e-m/fpv4-sp/hard\libc.a(lib_a-init.o)
                              d:/ti/ccs1031/ccs/tools/compiler/gcc-arm-none-eabi-7-2017-q4-major-win32/bin/../lib/gcc/arm-none-eabi/7.2.1/../../../../arm-none-eabi/lib/thumb/v7e-m/fpv4-sp/hard/crt0.o (__libc_init_array)
d:/ti/ccs1031/ccs/tools/compiler/gcc-arm-none-eabi-7-2017-q4-major-win32/bin/../lib/gcc/arm-none-eabi/7.2.1/../../../../arm-none-eabi/lib/thumb/v7e-m/fpv4-sp/hard\libc.a(lib_a-memset.o)
                              d:/ti/ccs1031/ccs/tools/compiler/gcc-arm-none-eabi-7-2017-q4-major-win32/bin/../lib/gcc/arm-none-eabi/7.2.1/../../../../arm-none-eabi/lib/thumb/v7e-m/fpv4-sp/hard/crt0.o (memset)
d:/ti/ccs1031/ccs/tools/compiler/gcc-arm-none-eabi-7-2017-q4-major-win32/bin/../lib/gcc/arm-none-eabi/7.2.1/../../../../arm-none-eabi/lib/thumb/v7e-m/fpv4-sp/hard\libc.a(lib_a-__call_atexit.o)
                              d:/ti/ccs1031/ccs/tools/compiler/gcc-arm-none-eabi-7-2017-q4-major-win32/bin/../lib/gcc/arm-none-eabi/7.2.1/../../../../arm-none-eabi/lib/thumb/v7e-m/fpv4-sp/hard\libc.a(lib_a-exit.o) (__call_exitprocs)
d:/ti/ccs1031/ccs/tools/compiler/gcc-arm-none-eabi-7-2017-q4-major-win32/bin/../lib/gcc/arm-none-eabi/7.2.1/../../../../arm-none-eabi/lib/thumb/v7e-m/fpv4-sp/hard\libc.a(lib_a-atexit.o)
                              d:/ti/ccs1031/ccs/tools/compiler/gcc-arm-none-eabi-7-2017-q4-major-win32/bin/../lib/gcc/arm-none-eabi/7.2.1/../../../../arm-none-eabi/lib/thumb/v7e-m/fpv4-sp/hard\libc.a(lib_a-__call_atexit.o) (atexit)
d:/ti/ccs1031/ccs/tools/compiler/gcc-arm-none-eabi-7-2017-q4-major-win32/bin/../lib/gcc/arm-none-eabi/7.2.1/../../../../arm-none-eabi/lib/thumb/v7e-m/fpv4-sp/hard\libc.a(lib_a-fini.o)
                              d:/ti/ccs1031/ccs/tools/compiler/gcc-arm-none-eabi-7-2017-q4-major-win32/bin/../lib/gcc/arm-none-eabi/7.2.1/../../../../arm-none-eabi/lib/thumb/v7e-m/fpv4-sp/hard\libc.a(lib_a-__call_atexit.o) (__libc_fini_array)
d:/ti/ccs1031/ccs/tools/compiler/gcc-arm-none-eabi-7-2017-q4-major-win32/bin/../lib/gcc/arm-none-eabi/7.2.1/../../../../arm-none-eabi/lib/thumb/v7e-m/fpv4-sp/hard\libc.a(lib_a-lock.o)
                              d:/ti/ccs1031/ccs/tools/compiler/gcc-arm-none-eabi-7-2017-q4-major-win32/bin/../lib/gcc/arm-none-eabi/7.2.1/../../../../arm-none-eabi/lib/thumb/v7e-m/fpv4-sp/hard\libc.a(lib_a-__call_atexit.o) (__retarget_lock_acquire_recursive)
d:/ti/ccs1031/ccs/tools/compiler/gcc-arm-none-eabi-7-2017-q4-major-win32/bin/../lib/gcc/arm-none-eabi/7.2.1/../../../../arm-none-eabi/lib/thumb/v7e-m/fpv4-sp/hard\libc.a(lib_a-__atexit.o)
                              d:/ti/ccs1031/ccs/tools/compiler/gcc-arm-none-eabi-7-2017-q4-major-win32/bin/../lib/gcc/arm-none-eabi/7.2.1/../../../../arm-none-eabi/lib/thumb/v7e-m/fpv4-sp/hard\libc.a(lib_a-atexit.o) (__register_exitproc)
d:/ti/ccs1031/ccs/tools/compiler/gcc-arm-none-eabi-7-2017-q4-major-win32/bin/../lib/gcc/arm-none-eabi/7.2.1/thumb/v7e-m/fpv4-sp/hard\libgcc.a(_arm_addsubdf3.o)
                              ./php_uart.o (__aeabi_dadd)
d:/ti/ccs1031/ccs/tools/compiler/gcc-arm-none-eabi-7-2017-q4-major-win32/bin/../lib/gcc/arm-none-eabi/7.2.1/thumb/v7e-m/fpv4-sp/hard\libgcc.a(_arm_fixunsdfsi.o)
                              ./php_uart.o (__aeabi_d2uiz)
d:/ti/ccs1031/ccs/tools/compiler/gcc-arm-none-eabi-7-2017-q4-major-win32/bin/../lib/gcc/arm-none-eabi/7.2.1/../../../../arm-none-eabi/lib/thumb/v7e-m/fpv4-sp/hard\libnosys.a(_exit.o)
                              d:/ti/ccs1031/ccs/tools/compiler/gcc-arm-none-eabi-7-2017-q4-major-win32/bin/../lib/gcc/arm-none-eabi/7.2.1/../../../../arm-none-eabi/lib/thumb/v7e-m/fpv4-sp/hard\libc.a(lib_a-exit.o) (_exit)

Allocating common symbols
Common symbol       size              file

__lock___atexit_recursive_mutex
                    0x1               d:/ti/ccs1031/ccs/tools/compiler/gcc-arm-none-eabi-7-2017-q4-major-win32/bin/../lib/gcc/arm-none-eabi/7.2.1/../../../../arm-none-eabi/lib/thumb/v7e-m/fpv4-sp/hard\libc.a(lib_a-lock.o)
__lock___arc4random_mutex
                    0x1               d:/ti/ccs1031/ccs/tools/compiler/gcc-arm-none-eabi-7-2017-q4-major-win32/bin/../lib/gcc/arm-none-eabi/7.2.1/../../../../arm-none-eabi/lib/thumb/v7e-m/fpv4-sp/hard\libc.a(lib_a-lock.o)
__lock___env_recursive_mutex
                    0x1               d:/ti/ccs1031/ccs/tools/compiler/gcc-arm-none-eabi-7-2017-q4-major-win32/bin/../lib/gcc/arm-none-eabi/7.2.1/../../../../arm-none-eabi/lib/thumb/v7e-m/fpv4-sp/hard\libc.a(lib_a-lock.o)
__lock___sinit_recursive_mutex
                    0x1               d:/ti/ccs1031/ccs/tools/compiler/gcc-arm-none-eabi-7-2017-q4-major-win32/bin/../lib/gcc/arm-none-eabi/7.2.1/../../../../arm-none-eabi/lib/thumb/v7e-m/fpv4-sp/hard\libc.a(lib_a-lock.o)
__lock___malloc_recursive_mutex
                    0x1               d:/ti/ccs1031/ccs/tools/compiler/gcc-arm-none-eabi-7-2017-q4-major-win32/bin/../lib/gcc/arm-none-eabi/7.2.1/../../../../arm-none-eabi/lib/thumb/v7e-m/fpv4-sp/hard\libc.a(lib_a-lock.o)
__lock___at_quick_exit_mutex
                    0x1               d:/ti/ccs1031/ccs/tools/compiler/gcc-arm-none-eabi-7-2017-q4-major-win32/bin/../lib/gcc/arm-none-eabi/7.2.1/../../../../arm-none-eabi/lib/thumb/v7e-m/fpv4-sp/hard\libc.a(lib_a-lock.o)
__lock___dd_hash_mutex
                    0x1               d:/ti/ccs1031/ccs/tools/compiler/gcc-arm-none-eabi-7-2017-q4-major-win32/bin/../lib/gcc/arm-none-eabi/7.2.1/../../../../arm-none-eabi/lib/thumb/v7e-m/fpv4-sp/hard\libc.a(lib_a-lock.o)
__lock___tz_mutex   0x1               d:/ti/ccs1031/ccs/tools/compiler/gcc-arm-none-eabi-7-2017-q4-major-win32/bin/../lib/gcc/arm-none-eabi/7.2.1/../../../../arm-none-eabi/lib/thumb/v7e-m/fpv4-sp/hard\libc.a(lib_a-lock.o)
__lock___sfp_recursive_mutex
                    0x1               d:/ti/ccs1031/ccs/tools/compiler/gcc-arm-none-eabi-7-2017-q4-major-win32/bin/../lib/gcc/arm-none-eabi/7.2.1/../../../../arm-none-eabi/lib/thumb/v7e-m/fpv4-sp/hard\libc.a(lib_a-lock.o)

Discarded input sections

 .debug_frame   0x00000000       0x28 d:/ti/ccs1031/ccs/tools/compiler/gcc-arm-none-eabi-7-2017-q4-major-win32/bin/../lib/gcc/arm-none-eabi/7.2.1/../../../../arm-none-eabi/lib/thumb/v7e-m/fpv4-sp/hard\libc.a(lib_a-exit.o)
 .ARM.attributes
                0x00000000       0x34 d:/ti/ccs1031/ccs/tools/compiler/gcc-arm-none-eabi-7-2017-q4-major-win32/bin/../lib/gcc/arm-none-eabi/7.2.1/../../../../arm-none-eabi/lib/thumb/v7e-m/fpv4-sp/hard\libc.a(lib_a-exit.o)
 .ARM.attributes
                0x00000000       0x34 d:/ti/ccs1031/ccs/tools/compiler/gcc-arm-none-eabi-7-2017-q4-major-win32/bin/../lib/gcc/arm-none-eabi/7.2.1/../../../../arm-none-eabi/lib/thumb/v7e-m/fpv4-sp/hard\libc.a(lib_a-impure.o)
 .debug_frame   0x00000000       0x2c d:/ti/ccs1031/ccs/tools/compiler/gcc-arm-none-eabi-7-2017-q4-major-win32/bin/../lib/gcc/arm-none-eabi/7.2.1/../../../../arm-none-eabi/lib/thumb/v7e-m/fpv4-sp/hard\libc.a(lib_a-init.o)
 .ARM.attributes
                0x00000000       0x34 d:/ti/ccs1031/ccs/tools/compiler/gcc-arm-none-eabi-7-2017-q4-major-win32/bin/../lib/gcc/arm-none-eabi/7.2.1/../../../../arm-none-eabi/lib/thumb/v7e-m/fpv4-sp/hard\libc.a(lib_a-init.o)
 .debug_frame   0x00000000       0x38 d:/ti/ccs1031/ccs/tools/compiler/gcc-arm-none-eabi-7-2017-q4-major-win32/bin/../lib/gcc/arm-none-eabi/7.2.1/../../../../arm-none-eabi/lib/thumb/v7e-m/fpv4-sp/hard\libc.a(lib_a-memset.o)
 .ARM.attributes
                0x00000000       0x34 d:/ti/ccs1031/ccs/tools/compiler/gcc-arm-none-eabi-7-2017-q4-major-win32/bin/../lib/gcc/arm-none-eabi/7.2.1/../../../../arm-none-eabi/lib/thumb/v7e-m/fpv4-sp/hard\libc.a(lib_a-memset.o)
 .debug_frame   0x00000000       0x5c d:/ti/ccs1031/ccs/tools/compiler/gcc-arm-none-eabi-7-2017-q4-major-win32/bin/../lib/gcc/arm-none-eabi/7.2.1/../../../../arm-none-eabi/lib/thumb/v7e-m/fpv4-sp/hard\libc.a(lib_a-__call_atexit.o)
 .ARM.attributes
                0x00000000       0x34 d:/ti/ccs1031/ccs/tools/compiler/gcc-arm-none-eabi-7-2017-q4-major-win32/bin/../lib/gcc/arm-none-eabi/7.2.1/../../../../arm-none-eabi/lib/thumb/v7e-m/fpv4-sp/hard\libc.a(lib_a-__call_atexit.o)
 .debug_frame   0x00000000       0x20 d:/ti/ccs1031/ccs/tools/compiler/gcc-arm-none-eabi-7-2017-q4-major-win32/bin/../lib/gcc/arm-none-eabi/7.2.1/../../../../arm-none-eabi/lib/thumb/v7e-m/fpv4-sp/hard\libc.a(lib_a-atexit.o)
 .ARM.attributes
                0x00000000       0x34 d:/ti/ccs1031/ccs/tools/compiler/gcc-arm-none-eabi-7-2017-q4-major-win32/bin/../lib/gcc/arm-none-eabi/7.2.1/../../../../arm-none-eabi/lib/thumb/v7e-m/fpv4-sp/hard\libc.a(lib_a-atexit.o)
 .debug_frame   0x00000000       0x34 d:/ti/ccs1031/ccs/tools/compiler/gcc-arm-none-eabi-7-2017-q4-major-win32/bin/../lib/gcc/arm-none-eabi/7.2.1/../../../../arm-none-eabi/lib/thumb/v7e-m/fpv4-sp/hard\libc.a(lib_a-fini.o)
 .ARM.attributes
                0x00000000       0x34 d:/ti/ccs1031/ccs/tools/compiler/gcc-arm-none-eabi-7-2017-q4-major-win32/bin/../lib/gcc/arm-none-eabi/7.2.1/../../../../arm-none-eabi/lib/thumb/v7e-m/fpv4-sp/hard\libc.a(lib_a-fini.o)
 .debug_frame   0x00000000       0xb0 d:/ti/ccs1031/ccs/tools/compiler/gcc-arm-none-eabi-7-2017-q4-major-win32/bin/../lib/gcc/arm-none-eabi/7.2.1/../../../../arm-none-eabi/lib/thumb/v7e-m/fpv4-sp/hard\libc.a(lib_a-lock.o)
 .ARM.attributes
                0x00000000       0x34 d:/ti/ccs1031/ccs/tools/compiler/gcc-arm-none-eabi-7-2017-q4-major-win32/bin/../lib/gcc/arm-none-eabi/7.2.1/../../../../arm-none-eabi/lib/thumb/v7e-m/fpv4-sp/hard\libc.a(lib_a-lock.o)
 .debug_frame   0x00000000       0x34 d:/ti/ccs1031/ccs/tools/compiler/gcc-arm-none-eabi-7-2017-q4-major-win32/bin/../lib/gcc/arm-none-eabi/7.2.1/../../../../arm-none-eabi/lib/thumb/v7e-m/fpv4-sp/hard\libc.a(lib_a-__atexit.o)
 .ARM.attributes
                0x00000000       0x34 d:/ti/ccs1031/ccs/tools/compiler/gcc-arm-none-eabi-7-2017-q4-major-win32/bin/../lib/gcc/arm-none-eabi/7.2.1/../../../../arm-none-eabi/lib/thumb/v7e-m/fpv4-sp/hard\libc.a(lib_a-__atexit.o)
 .debug_frame   0x00000000       0xac d:/ti/ccs1031/ccs/tools/compiler/gcc-arm-none-eabi-7-2017-q4-major-win32/bin/../lib/gcc/arm-none-eabi/7.2.1/thumb/v7e-m/fpv4-sp/hard\libgcc.a(_arm_addsubdf3.o)
 .ARM.attributes
                0x00000000       0x22 d:/ti/ccs1031/ccs/tools/compiler/gcc-arm-none-eabi-7-2017-q4-major-win32/bin/../lib/gcc/arm-none-eabi/7.2.1/thumb/v7e-m/fpv4-sp/hard\libgcc.a(_arm_addsubdf3.o)
 .debug_frame   0x00000000       0x24 d:/ti/ccs1031/ccs/tools/compiler/gcc-arm-none-eabi-7-2017-q4-major-win32/bin/../lib/gcc/arm-none-eabi/7.2.1/thumb/v7e-m/fpv4-sp/hard\libgcc.a(_arm_fixunsdfsi.o)
 .ARM.attributes
                0x00000000       0x22 d:/ti/ccs1031/ccs/tools/compiler/gcc-arm-none-eabi-7-2017-q4-major-win32/bin/../lib/gcc/arm-none-eabi/7.2.1/thumb/v7e-m/fpv4-sp/hard\libgcc.a(_arm_fixunsdfsi.o)

Memory Configuration

Name             Origin             Length             Attributes
ROM              0x00000000         0x00040000         xr
RAM              0x20000000         0x00008000         xrw
*default*        0x00000000         0xffffffff

Linker script and memory map

LOAD d:/ti/ccs1031/ccs/tools/compiler/gcc-arm-none-eabi-7-2017-q4-major-win32/bin/../lib/gcc/arm-none-eabi/7.2.1/thumb/v7e-m/fpv4-sp/hard/crti.o
LOAD d:/ti/ccs1031/ccs/tools/compiler/gcc-arm-none-eabi-7-2017-q4-major-win32/bin/../lib/gcc/arm-none-eabi/7.2.1/thumb/v7e-m/fpv4-sp/hard/crtbegin.o
LOAD d:/ti/ccs1031/ccs/tools/compiler/gcc-arm-none-eabi-7-2017-q4-major-win32/bin/../lib/gcc/arm-none-eabi/7.2.1/../../../../arm-none-eabi/lib/thumb/v7e-m/fpv4-sp/hard/crt0.o
LOAD ./bsp.o
LOAD ./main.o
LOAD ./php.o
LOAD ./php_adc.o
LOAD ./php_keypad.o
LOAD ./php_lcd.o
LOAD ./php_led.o
LOAD ./php_switch.o
LOAD ./php_timer.o
LOAD ./php_uart.o
LOAD ./startup_tm4c_gnu.o
                0x00000200                STACK_SIZE = 0x200
                0x00000000                HEAP_SIZE = 0x0

.isr_vector     0x00000000      0x26c
 *(.isr_vector)
 .isr_vector    0x00000000      0x26c ./startup_tm4c_gnu.o
                0x00000000                g_pfnVectors
                0x0000026c                . = ALIGN (0x4)

.eh_frame       0x0000026c        0x4
 .eh_frame      0x0000026c        0x0 d:/ti/ccs1031/ccs/tools/compiler/gcc-arm-none-eabi-7-2017-q4-major-win32/bin/../lib/gcc/arm-none-eabi/7.2.1/thumb/v7e-m/fpv4-sp/hard/crtbegin.o
 .eh_frame      0x0000026c        0x4 d:/ti/ccs1031/ccs/tools/compiler/gcc-arm-none-eabi-7-2017-q4-major-win32/bin/../lib/gcc/arm-none-eabi/7.2.1/thumb/v7e-m/fpv4-sp/hard/crtend.o

.ARM.extab      0x00000270        0x0
 .ARM.extab     0x00000270        0x0 d:/ti/ccs1031/ccs/tools/compiler/gcc-arm-none-eabi-7-2017-q4-major-win32/bin/../lib/gcc/arm-none-eabi/7.2.1/../../../../arm-none-eabi/lib/thumb/v7e-m/fpv4-sp/hard/crt0.o

.ARM.exidx      0x00000270        0x8
 .ARM.exidx     0x00000270        0x8 d:/ti/ccs1031/ccs/tools/compiler/gcc-arm-none-eabi-7-2017-q4-major-win32/bin/../lib/gcc/arm-none-eabi/7.2.1/../../../../arm-none-eabi/lib/thumb/v7e-m/fpv4-sp/hard/crt0.o

.text           0x00000278     0x21b8
                0x00000278                . = ALIGN (0x4)
 *(.text)
 .text          0x00000278        0x0 d:/ti/ccs1031/ccs/tools/compiler/gcc-arm-none-eabi-7-2017-q4-major-win32/bin/../lib/gcc/arm-none-eabi/7.2.1/thumb/v7e-m/fpv4-sp/hard/crti.o
 .text          0x00000278       0x40 d:/ti/ccs1031/ccs/tools/compiler/gcc-arm-none-eabi-7-2017-q4-major-win32/bin/../lib/gcc/arm-none-eabi/7.2.1/thumb/v7e-m/fpv4-sp/hard/crtbegin.o
 .text          0x000002b8       0x74 d:/ti/ccs1031/ccs/tools/compiler/gcc-arm-none-eabi-7-2017-q4-major-win32/bin/../lib/gcc/arm-none-eabi/7.2.1/../../../../arm-none-eabi/lib/thumb/v7e-m/fpv4-sp/hard/crt0.o
                0x000002b8                _start
                0x000002b8                _mainCRTStartup
 .text          0x0000032c        0x0 ./bsp.o
 .text          0x0000032c        0x0 ./main.o
 .text          0x0000032c        0x0 ./php.o
 .text          0x0000032c        0x0 ./php_adc.o
 .text          0x0000032c        0x0 ./php_keypad.o
 .text          0x0000032c        0x0 ./php_lcd.o
 .text          0x0000032c        0x0 ./php_led.o
 .text          0x0000032c        0x0 ./php_switch.o
 .text          0x0000032c        0x0 ./php_timer.o
 .text          0x0000032c        0x0 ./php_uart.o
 .text          0x0000032c        0x0 ./startup_tm4c_gnu.o
 .text          0x0000032c        0x0 d:/ti/ccs1031/ccs/tools/compiler/gcc-arm-none-eabi-7-2017-q4-major-win32/bin/../lib/gcc/arm-none-eabi/7.2.1/../../../../arm-none-eabi/lib/thumb/v7e-m/fpv4-sp/hard\libc.a(lib_a-exit.o)
 .text          0x0000032c        0x0 d:/ti/ccs1031/ccs/tools/compiler/gcc-arm-none-eabi-7-2017-q4-major-win32/bin/../lib/gcc/arm-none-eabi/7.2.1/../../../../arm-none-eabi/lib/thumb/v7e-m/fpv4-sp/hard\libc.a(lib_a-impure.o)
 .text          0x0000032c        0x0 d:/ti/ccs1031/ccs/tools/compiler/gcc-arm-none-eabi-7-2017-q4-major-win32/bin/../lib/gcc/arm-none-eabi/7.2.1/../../../../arm-none-eabi/lib/thumb/v7e-m/fpv4-sp/hard\libc.a(lib_a-init.o)
 .text          0x0000032c        0x0 d:/ti/ccs1031/ccs/tools/compiler/gcc-arm-none-eabi-7-2017-q4-major-win32/bin/../lib/gcc/arm-none-eabi/7.2.1/../../../../arm-none-eabi/lib/thumb/v7e-m/fpv4-sp/hard\libc.a(lib_a-memset.o)
 .text          0x0000032c        0x0 d:/ti/ccs1031/ccs/tools/compiler/gcc-arm-none-eabi-7-2017-q4-major-win32/bin/../lib/gcc/arm-none-eabi/7.2.1/../../../../arm-none-eabi/lib/thumb/v7e-m/fpv4-sp/hard\libc.a(lib_a-__call_atexit.o)
 .text          0x0000032c        0x0 d:/ti/ccs1031/ccs/tools/compiler/gcc-arm-none-eabi-7-2017-q4-major-win32/bin/../lib/gcc/arm-none-eabi/7.2.1/../../../../arm-none-eabi/lib/thumb/v7e-m/fpv4-sp/hard\libc.a(lib_a-atexit.o)
 .text          0x0000032c        0x0 d:/ti/ccs1031/ccs/tools/compiler/gcc-arm-none-eabi-7-2017-q4-major-win32/bin/../lib/gcc/arm-none-eabi/7.2.1/../../../../arm-none-eabi/lib/thumb/v7e-m/fpv4-sp/hard\libc.a(lib_a-fini.o)
 .text          0x0000032c        0x0 d:/ti/ccs1031/ccs/tools/compiler/gcc-arm-none-eabi-7-2017-q4-major-win32/bin/../lib/gcc/arm-none-eabi/7.2.1/../../../../arm-none-eabi/lib/thumb/v7e-m/fpv4-sp/hard\libc.a(lib_a-lock.o)
 .text          0x0000032c        0x0 d:/ti/ccs1031/ccs/tools/compiler/gcc-arm-none-eabi-7-2017-q4-major-win32/bin/../lib/gcc/arm-none-eabi/7.2.1/../../../../arm-none-eabi/lib/thumb/v7e-m/fpv4-sp/hard\libc.a(lib_a-__atexit.o)
 .text          0x0000032c      0x378 d:/ti/ccs1031/ccs/tools/compiler/gcc-arm-none-eabi-7-2017-q4-major-win32/bin/../lib/gcc/arm-none-eabi/7.2.1/thumb/v7e-m/fpv4-sp/hard\libgcc.a(_arm_addsubdf3.o)
                0x0000032c                __aeabi_drsub
                0x00000334                __aeabi_dsub
                0x00000334                __subdf3
                0x00000338                __aeabi_dadd
                0x00000338                __adddf3
                0x000005b0                __floatunsidf
                0x000005b0                __aeabi_ui2d
                0x000005d0                __floatsidf
                0x000005d0                __aeabi_i2d
                0x000005f4                __aeabi_f2d
                0x000005f4                __extendsfdf2
                0x00000638                __floatundidf
                0x00000638                __aeabi_ul2d
                0x00000648                __floatdidf
                0x00000648                __aeabi_l2d
 .text          0x000006a4       0x40 d:/ti/ccs1031/ccs/tools/compiler/gcc-arm-none-eabi-7-2017-q4-major-win32/bin/../lib/gcc/arm-none-eabi/7.2.1/thumb/v7e-m/fpv4-sp/hard\libgcc.a(_arm_fixunsdfsi.o)
                0x000006a4                __aeabi_d2uiz
                0x000006a4                __fixunsdfsi
 .text          0x000006e4        0x0 d:/ti/ccs1031/ccs/tools/compiler/gcc-arm-none-eabi-7-2017-q4-major-win32/bin/../lib/gcc/arm-none-eabi/7.2.1/../../../../arm-none-eabi/lib/thumb/v7e-m/fpv4-sp/hard\libnosys.a(_exit.o)
 .text          0x000006e4        0x0 d:/ti/ccs1031/ccs/tools/compiler/gcc-arm-none-eabi-7-2017-q4-major-win32/bin/../lib/gcc/arm-none-eabi/7.2.1/thumb/v7e-m/fpv4-sp/hard/crtend.o
 .text          0x000006e4        0x0 d:/ti/ccs1031/ccs/tools/compiler/gcc-arm-none-eabi-7-2017-q4-major-win32/bin/../lib/gcc/arm-none-eabi/7.2.1/thumb/v7e-m/fpv4-sp/hard/crtn.o
 *(.text*)
 .text.__NVIC_SystemReset
                0x000006e4       0x28 ./bsp.o
 .text.BSP_init
                0x0000070c       0x2c ./bsp.o
                0x0000070c                BSP_init
 .text.BSP_LCD_ReturnHome
                0x00000738        0xe ./bsp.o
                0x00000738                BSP_LCD_ReturnHome
 .text.BSP_LCD_ClearDisplay
                0x00000746        0xe ./bsp.o
                0x00000746                BSP_LCD_ClearDisplay
 .text.BSP_LCD_DisplayOff
                0x00000754        0xe ./bsp.o
                0x00000754                BSP_LCD_DisplayOff
 .text.BSP_LCD_PrintStringData
                0x00000762       0x28 ./bsp.o
                0x00000762                BSP_LCD_PrintStringData
 *fill*         0x0000078a        0x2 
 .text.BSP_LCD_NibbleWrite
                0x0000078c       0x64 ./bsp.o
                0x0000078c                BSP_LCD_NibbleWrite
 .text.BSP_LCD_Command
                0x000007f0       0x44 ./bsp.o
                0x000007f0                BSP_LCD_Command
 .text.BSP_LCD_Data
                0x00000834       0x36 ./bsp.o
                0x00000834                BSP_LCD_Data
 .text.BSP_LCD_Init
                0x0000086a       0x7c ./bsp.o
                0x0000086a                BSP_LCD_Init
 *fill*         0x000008e6        0x2 
 .text.BSP_LCD_Test
                0x000008e8       0x3c ./bsp.o
                0x000008e8                BSP_LCD_Test
 .text.BSP_UART_Test
                0x00000924       0x50 ./bsp.o
                0x00000924                BSP_UART_Test
 .text.BSP_TIMER_SYSTICK_Test_01
                0x00000974       0x24 ./bsp.o
                0x00000974                BSP_TIMER_SYSTICK_Test_01
 .text.BSP_TIMER_SYSTICK_Test_02
                0x00000998       0x24 ./bsp.o
                0x00000998                BSP_TIMER_SYSTICK_Test_02
 .text.BSP_TIMER_A_Test_03
                0x000009bc       0x38 ./bsp.o
                0x000009bc                BSP_TIMER_A_Test_03
 .text.BSP_TIMER_A_Test_04
                0x000009f4       0x2c ./bsp.o
                0x000009f4                BSP_TIMER_A_Test_04
 .text.BSP_TIMER_A_Test_05
                0x00000a20       0x28 ./bsp.o
                0x00000a20                BSP_TIMER_A_Test_05
 .text.BSP_INTERRUPT_Test_01
                0x00000a48       0x3c ./bsp.o
                0x00000a48                BSP_INTERRUPT_Test_01
 .text.BSP_ADC_Test_01
                0x00000a84       0xc0 ./bsp.o
                0x00000a84                BSP_ADC_Test_01
 .text.BSP_DelayUs
                0x00000b44       0x16 ./bsp.o
                0x00000b44                BSP_DelayUs
 .text.BSP_DelayMs
                0x00000b5a       0x16 ./bsp.o
                0x00000b5a                BSP_DelayMs
 .text.BSP_DelaySec
                0x00000b70       0x20 ./bsp.o
                0x00000b70                BSP_DelaySec
 .text.Q_onAssert
                0x00000b90        0xe ./bsp.o
                0x00000b90                Q_onAssert
 .text.assert_failed
                0x00000b9e        0x4 ./bsp.o
                0x00000b9e                assert_failed
 *fill*         0x00000ba2        0x2 
 .text.BSP_Int2CharStr
                0x00000ba4       0x9c ./bsp.o
                0x00000ba4                BSP_Int2CharStr
 .text.GPIOPortF_IRQHandler
                0x00000c40       0xb8 ./bsp.o
                0x00000c40                GPIOPortF_IRQHandler
 .text.UART0_IRQHandler
                0x00000cf8       0x3c ./bsp.o
                0x00000cf8                UART0_IRQHandler
 .text.UART1_IRQHandler
                0x00000d34       0x3c ./bsp.o
                0x00000d34                UART1_IRQHandler
 .text.main     0x00000d70       0x1a ./main.o
                0x00000d70                main
 *fill*         0x00000d8a        0x2 
 .text.PHP_SysClock_InitFastest
                0x00000d8c       0xac ./php.o
                0x00000d8c                PHP_SysClock_InitFastest
 .text.PHP_SysClock_GetFreq
                0x00000e38       0x18 ./php.o
                0x00000e38                PHP_SysClock_GetFreq
 .text.PHP_DelayUs
                0x00000e50       0x48 ./php.o
                0x00000e50                PHP_DelayUs
 .text.PHP_DelayMs
                0x00000e98       0x20 ./php.o
                0x00000e98                PHP_DelayMs
 .text.PHP_DelaySec
                0x00000eb8       0x20 ./php.o
                0x00000eb8                PHP_DelaySec
 .text.PHP_ADC_Init_SW_Trig
                0x00000ed8       0xb8 ./php_adc.o
                0x00000ed8                PHP_ADC_Init_SW_Trig
 .text.PHP_ADC_Init_WTIMER_A_Ms_Trig
                0x00000f90      0x108 ./php_adc.o
                0x00000f90                PHP_ADC_Init_WTIMER_A_Ms_Trig
 .text.PHP_KEYPAD_Init
                0x00001098       0xcc ./php_keypad.o
                0x00001098                PHP_KEYPAD_Init
 .text.PHP_KEYPAD_GetKey
                0x00001164      0x140 ./php_keypad.o
                0x00001164                PHP_KEYPAD_GetKey
 .text.PHP_KEYPAD_GetChar
                0x000012a4       0x42 ./php_keypad.o
                0x000012a4                PHP_KEYPAD_GetChar
 *fill*         0x000012e6        0x2 
 .text.PHP_LCD_Init
                0x000012e8       0x68 ./php_lcd.o
                0x000012e8                PHP_LCD_Init
 .text.PHP_LED_Init
                0x00001350       0x68 ./php_led.o
                0x00001350                PHP_LED_Init
 .text.__NVIC_EnableIRQ
                0x000013b8       0x3c ./php_switch.o
 .text.__NVIC_SetPriority
                0x000013f4       0x54 ./php_switch.o
 .text.PHP_SWITCH_Init
                0x00001448       0xc4 ./php_switch.o
                0x00001448                PHP_SWITCH_Init
 .text.PHP_TIMER_SYSTICK_Init
                0x0000150c       0x30 ./php_timer.o
                0x0000150c                PHP_TIMER_SYSTICK_Init
 .text.PHP_TIMER_SYSTICK_DelayMs
                0x0000153c       0x4c ./php_timer.o
                0x0000153c                PHP_TIMER_SYSTICK_DelayMs
 .text.PHP_TIMER_A_OneShotMode_Delay_Us_Ms
                0x00001588       0xd4 ./php_timer.o
                0x00001588                PHP_TIMER_A_OneShotMode_Delay_Us_Ms
 .text.PHP_TIMER_B_OneShotMode_Delay_Us_Ms
                0x0000165c       0xd4 ./php_timer.o
                0x0000165c                PHP_TIMER_B_OneShotMode_Delay_Us_Ms
 .text.PHP_TIMER_A_PeriodicMode_Delay_Us_Ms
                0x00001730       0xf0 ./php_timer.o
                0x00001730                PHP_TIMER_A_PeriodicMode_Delay_Us_Ms
 .text.PHP_TIMER_B_PeriodicMode_Delay_Us_Ms
                0x00001820       0xf0 ./php_timer.o
                0x00001820                PHP_TIMER_B_PeriodicMode_Delay_Us_Ms
 .text.PHP_TIMER0_A_CaptureMode_EdgeTime_Init
                0x00001910       0xcc ./php_timer.o
                0x00001910                PHP_TIMER0_A_CaptureMode_EdgeTime_Init
 .text.PHP_TIMER0_A_EdgeTimeCapture
                0x000019dc       0x60 ./php_timer.o
                0x000019dc                PHP_TIMER0_A_EdgeTimeCapture
 .text.PHP_TIMER3_A_CaptureMode_EdgeCount_Init
                0x00001a3c       0xd8 ./php_timer.o
                0x00001a3c                PHP_TIMER3_A_CaptureMode_EdgeCount_Init
 .text.PHP_TIMER3_A_EdgeCountCapture
                0x00001b14       0x18 ./php_timer.o
                0x00001b14                PHP_TIMER3_A_EdgeCountCapture
 .text.PHP_TIMER_WIDE_A_OneShotMode_DelaySec
                0x00001b2c       0xa4 ./php_timer.o
                0x00001b2c                PHP_TIMER_WIDE_A_OneShotMode_DelaySec
 .text.__NVIC_EnableIRQ
                0x00001bd0       0x3c ./php_uart.o
 .text.__NVIC_SetPriority
                0x00001c0c       0x54 ./php_uart.o
 .text.PHP_UART0_Init
                0x00001c60      0x150 ./php_uart.o
                0x00001c60                PHP_UART0_Init
 .text.PHP_UART1_Init
                0x00001db0      0x140 ./php_uart.o
                0x00001db0                PHP_UART1_Init
 .text.PHP_UART_Rx
                0x00001ef0       0x2a ./php_uart.o
                0x00001ef0                PHP_UART_Rx
 .text.PHP_UART_Tx
                0x00001f1a       0x2c ./php_uart.o
                0x00001f1a                PHP_UART_Tx
 .text.PHP_UART_TxString
                0x00001f46       0x2c ./php_uart.o
                0x00001f46                PHP_UART_TxString
 *fill*         0x00001f72        0x2 
 .text.Reset_Handler
                0x00001f74       0x88 ./startup_tm4c_gnu.o
                0x00001f74                Reset_Handler
 .text.NMI_Handler
                0x00001ffc       0x18 ./startup_tm4c_gnu.o
                0x00001ffc                NMI_Handler
 .text.MemManage_Handler
                0x00002014       0x1c ./startup_tm4c_gnu.o
                0x00002014                MemManage_Handler
 .text.HardFault_Handler
                0x00002030       0x1c ./startup_tm4c_gnu.o
                0x00002030                HardFault_Handler
 .text.BusFault_Handler
                0x0000204c       0x1c ./startup_tm4c_gnu.o
                0x0000204c                BusFault_Handler
 .text.UsageFault_Handler
                0x00002068       0x20 ./startup_tm4c_gnu.o
                0x00002068                UsageFault_Handler
 .text.Default_Handler
                0x00002088       0x1c ./startup_tm4c_gnu.o
                0x00002088                uDMAST_IRQHandler
                0x00002088                GPIOPortP4_IRQHandler
                0x00002088                PWM1Gen3_IRQHandler
                0x00002088                WideTimer5B_IRQHandler
                0x00002088                DebugMon_Handler
                0x00002088                QEI2_IRQHandler
                0x00002088                FlashCtrl_IRQHandler
                0x00002088                GPIOPortP7_IRQHandler
                0x00002088                Timer0B_IRQHandler
                0x00002088                I2C0_IRQHandler
                0x00002088                SysTick_Handler
                0x00002088                WideTimer4B_IRQHandler
                0x00002088                PendSV_Handler
                0x00002088                I2C1_IRQHandler
                0x00002088                GPIOPortP5_IRQHandler
                0x00002088                PWMGen0_IRQHandler
                0x00002088                CAN1_IRQHandler
                0x00002088                Timer1B_IRQHandler
                0x00002088                Watchdog_IRQHandler
                0x00002088                GPIOPortS_IRQHandler
                0x00002088                GPIOPortQ7_IRQHandler
                0x00002088                PWM1Gen2_IRQHandler
                0x00002088                GPIOPortL_IRQHandler
                0x00002088                SSI0_IRQHandler
                0x00002088                GPIOPortM_IRQHandler
                0x00002088                FPU_IRQHandler
                0x00002088                ADCSeq1_IRQHandler
                0x00002088                GPIOPortP0_IRQHandler
                0x00002088                WideTimer0B_IRQHandler
                0x00002088                PWMFault_IRQHandler
                0x00002088                WideTimer1A_IRQHandler
                0x00002088                I2C5_IRQHandler
                0x00002088                I2C4_IRQHandler
                0x00002088                GPIOPortQ5_IRQHandler
                0x00002088                PWMGen1_IRQHandler
                0x00002088                SSI1_IRQHandler
                0x00002088                I2C2_IRQHandler
                0x00002088                UART5_IRQHandler
                0x00002088                GPIOPortC_IRQHandler
                0x00002088                GPIOPortK_IRQHandler
                0x00002088                ADCSeq2_IRQHandler
                0x00002088                PWMGen2_IRQHandler
                0x00002088                UART2_IRQHandler
                0x00002088                GPIOPortP3_IRQHandler
                0x00002088                ADC1Seq0_IRQHandler
                0x00002088                UART4_IRQHandler
                0x00002088                GPIOPortJ_IRQHandler
                0x00002088                Default_Handler
                0x00002088                WideTimer0A_IRQHandler
                0x00002088                Timer5A_IRQHandler
                0x00002088                WideTimer3B_IRQHandler
                0x00002088                WideTimer2B_IRQHandler
                0x00002088                WideTimer5A_IRQHandler
                0x00002088                Timer4A_IRQHandler
                0x00002088                QEI1_IRQHandler
                0x00002088                PWM1Fault_IRQHandler
                0x00002088                GPIOPortP6_IRQHandler
                0x00002088                QEI0_IRQHandler
                0x00002088                ADC1Seq2_IRQHandler
                0x00002088                ADC1Seq1_IRQHandler
                0x00002088                PWMGen3_IRQHandler
                0x00002088                GPIOPortD_IRQHandler
                0x00002088                USB0_IRQHandler
                0x00002088                I2C3_IRQHandler
                0x00002088                SVC_Handler
                0x00002088                GPIOPortP2_IRQHandler
                0x00002088                GPIOPortQ4_IRQHandler
                0x00002088                Timer3B_IRQHandler
                0x00002088                Timer3A_IRQHandler
                0x00002088                GPIOPortA_IRQHandler
                0x00002088                ADC1Seq3_IRQHandler
                0x00002088                Timer0A_IRQHandler
                0x00002088                GPIOPortP1_IRQHandler
                0x00002088                ADCSeq0_IRQHandler
                0x00002088                Timer1A_IRQHandler
                0x00002088                GPIOPortG_IRQHandler
                0x00002088                GPIOPortQ3_IRQHandler
                0x00002088                GPIOPortQ1_IRQHandler
                0x00002088                Timer5B_IRQHandler
                0x00002088                ADCSeq3_IRQHandler
                0x00002088                WideTimer4A_IRQHandler
                0x00002088                GPIOPortE_IRQHandler
                0x00002088                CAN0_IRQHandler
                0x00002088                GPIOPortQ0_IRQHandler
                0x00002088                Comp0_IRQHandler
                0x00002088                Comp1_IRQHandler
                0x00002088                Comp2_IRQHandler
                0x00002088                GPIOPortQ6_IRQHandler
                0x00002088                SSI2_IRQHandler
                0x00002088                PWM1Gen0_IRQHandler
                0x00002088                UART7_IRQHandler
                0x00002088                UART6_IRQHandler
                0x00002088                WideTimer2A_IRQHandler
                0x00002088                GPIOPortB_IRQHandler
                0x00002088                WideTimer3A_IRQHandler
                0x00002088                CAN2_IRQHandler
                0x00002088                WideTimer1B_IRQHandler
                0x00002088                GPIOPortH_IRQHandler
                0x00002088                GPIOPortQ2_IRQHandler
                0x00002088                GPIOPortR_IRQHandler
                0x00002088                Timer4B_IRQHandler
                0x00002088                Timer2A_IRQHandler
                0x00002088                SSI3_IRQHandler
                0x00002088                Timer2B_IRQHandler
                0x00002088                uDMAError_IRQHandler
                0x00002088                GPIOPortN_IRQHandler
                0x00002088                UART3_IRQHandler
                0x00002088                SysCtrl_IRQHandler
                0x00002088                Hibernate_IRQHandler
                0x00002088                PWM1Gen1_IRQHandler
 .text.exit     0x000020a4       0x20 d:/ti/ccs1031/ccs/tools/compiler/gcc-arm-none-eabi-7-2017-q4-major-win32/bin/../lib/gcc/arm-none-eabi/7.2.1/../../../../arm-none-eabi/lib/thumb/v7e-m/fpv4-sp/hard\libc.a(lib_a-exit.o)
                0x000020a4                exit
 .text.__libc_init_array
                0x000020c4       0x48 d:/ti/ccs1031/ccs/tools/compiler/gcc-arm-none-eabi-7-2017-q4-major-win32/bin/../lib/gcc/arm-none-eabi/7.2.1/../../../../arm-none-eabi/lib/thumb/v7e-m/fpv4-sp/hard\libc.a(lib_a-init.o)
                0x000020c4                __libc_init_array
 .text.memset   0x0000210c       0x94 d:/ti/ccs1031/ccs/tools/compiler/gcc-arm-none-eabi-7-2017-q4-major-win32/bin/../lib/gcc/arm-none-eabi/7.2.1/../../../../arm-none-eabi/lib/thumb/v7e-m/fpv4-sp/hard\libc.a(lib_a-memset.o)
                0x0000210c                memset
 .text.startup.register_fini
                0x000021a0       0x14 d:/ti/ccs1031/ccs/tools/compiler/gcc-arm-none-eabi-7-2017-q4-major-win32/bin/../lib/gcc/arm-none-eabi/7.2.1/../../../../arm-none-eabi/lib/thumb/v7e-m/fpv4-sp/hard\libc.a(lib_a-__call_atexit.o)
 .text.__call_exitprocs
                0x000021b4       0xe8 d:/ti/ccs1031/ccs/tools/compiler/gcc-arm-none-eabi-7-2017-q4-major-win32/bin/../lib/gcc/arm-none-eabi/7.2.1/../../../../arm-none-eabi/lib/thumb/v7e-m/fpv4-sp/hard\libc.a(lib_a-__call_atexit.o)
                0x000021b4                __call_exitprocs
 .text.atexit   0x0000229c        0xc d:/ti/ccs1031/ccs/tools/compiler/gcc-arm-none-eabi-7-2017-q4-major-win32/bin/../lib/gcc/arm-none-eabi/7.2.1/../../../../arm-none-eabi/lib/thumb/v7e-m/fpv4-sp/hard\libc.a(lib_a-atexit.o)
                0x0000229c                atexit
 .text.__libc_fini_array
                0x000022a8       0x34 d:/ti/ccs1031/ccs/tools/compiler/gcc-arm-none-eabi-7-2017-q4-major-win32/bin/../lib/gcc/arm-none-eabi/7.2.1/../../../../arm-none-eabi/lib/thumb/v7e-m/fpv4-sp/hard\libc.a(lib_a-fini.o)
                0x000022a8                __libc_fini_array
 .text.__retarget_lock_init
                0x000022dc        0x4 d:/ti/ccs1031/ccs/tools/compiler/gcc-arm-none-eabi-7-2017-q4-major-win32/bin/../lib/gcc/arm-none-eabi/7.2.1/../../../../arm-none-eabi/lib/thumb/v7e-m/fpv4-sp/hard\libc.a(lib_a-lock.o)
                0x000022dc                __retarget_lock_init
 .text.__retarget_lock_init_recursive
                0x000022e0        0x4 d:/ti/ccs1031/ccs/tools/compiler/gcc-arm-none-eabi-7-2017-q4-major-win32/bin/../lib/gcc/arm-none-eabi/7.2.1/../../../../arm-none-eabi/lib/thumb/v7e-m/fpv4-sp/hard\libc.a(lib_a-lock.o)
                0x000022e0                __retarget_lock_init_recursive
 .text.__retarget_lock_close
                0x000022e4        0x4 d:/ti/ccs1031/ccs/tools/compiler/gcc-arm-none-eabi-7-2017-q4-major-win32/bin/../lib/gcc/arm-none-eabi/7.2.1/../../../../arm-none-eabi/lib/thumb/v7e-m/fpv4-sp/hard\libc.a(lib_a-lock.o)
                0x000022e4                __retarget_lock_close
 .text.__retarget_lock_close_recursive
                0x000022e8        0x4 d:/ti/ccs1031/ccs/tools/compiler/gcc-arm-none-eabi-7-2017-q4-major-win32/bin/../lib/gcc/arm-none-eabi/7.2.1/../../../../arm-none-eabi/lib/thumb/v7e-m/fpv4-sp/hard\libc.a(lib_a-lock.o)
                0x000022e8                __retarget_lock_close_recursive
 .text.__retarget_lock_acquire
                0x000022ec        0x4 d:/ti/ccs1031/ccs/tools/compiler/gcc-arm-none-eabi-7-2017-q4-major-win32/bin/../lib/gcc/arm-none-eabi/7.2.1/../../../../arm-none-eabi/lib/thumb/v7e-m/fpv4-sp/hard\libc.a(lib_a-lock.o)
                0x000022ec                __retarget_lock_acquire
 .text.__retarget_lock_acquire_recursive
                0x000022f0        0x4 d:/ti/ccs1031/ccs/tools/compiler/gcc-arm-none-eabi-7-2017-q4-major-win32/bin/../lib/gcc/arm-none-eabi/7.2.1/../../../../arm-none-eabi/lib/thumb/v7e-m/fpv4-sp/hard\libc.a(lib_a-lock.o)
                0x000022f0                __retarget_lock_acquire_recursive
 .text.__retarget_lock_try_acquire
                0x000022f4        0x4 d:/ti/ccs1031/ccs/tools/compiler/gcc-arm-none-eabi-7-2017-q4-major-win32/bin/../lib/gcc/arm-none-eabi/7.2.1/../../../../arm-none-eabi/lib/thumb/v7e-m/fpv4-sp/hard\libc.a(lib_a-lock.o)
                0x000022f4                __retarget_lock_try_acquire
 .text.__retarget_lock_try_acquire_recursive
                0x000022f8        0x4 d:/ti/ccs1031/ccs/tools/compiler/gcc-arm-none-eabi-7-2017-q4-major-win32/bin/../lib/gcc/arm-none-eabi/7.2.1/../../../../arm-none-eabi/lib/thumb/v7e-m/fpv4-sp/hard\libc.a(lib_a-lock.o)
                0x000022f8                __retarget_lock_try_acquire_recursive
 .text.__retarget_lock_release
                0x000022fc        0x4 d:/ti/ccs1031/ccs/tools/compiler/gcc-arm-none-eabi-7-2017-q4-major-win32/bin/../lib/gcc/arm-none-eabi/7.2.1/../../../../arm-none-eabi/lib/thumb/v7e-m/fpv4-sp/hard\libc.a(lib_a-lock.o)
                0x000022fc                __retarget_lock_release
 .text.__retarget_lock_release_recursive
                0x00002300        0x4 d:/ti/ccs1031/ccs/tools/compiler/gcc-arm-none-eabi-7-2017-q4-major-win32/bin/../lib/gcc/arm-none-eabi/7.2.1/../../../../arm-none-eabi/lib/thumb/v7e-m/fpv4-sp/hard\libc.a(lib_a-lock.o)
                0x00002300                __retarget_lock_release_recursive
 .text.__register_exitproc
                0x00002304       0xc0 d:/ti/ccs1031/ccs/tools/compiler/gcc-arm-none-eabi-7-2017-q4-major-win32/bin/../lib/gcc/arm-none-eabi/7.2.1/../../../../arm-none-eabi/lib/thumb/v7e-m/fpv4-sp/hard\libc.a(lib_a-__atexit.o)
                0x00002304                __register_exitproc
 .text._exit    0x000023c4        0x4 d:/ti/ccs1031/ccs/tools/compiler/gcc-arm-none-eabi-7-2017-q4-major-win32/bin/../lib/gcc/arm-none-eabi/7.2.1/../../../../arm-none-eabi/lib/thumb/v7e-m/fpv4-sp/hard\libnosys.a(_exit.o)
                0x000023c4                _exit
 *(.rodata)
 .rodata        0x000023c8       0x2b ./bsp.o
 *fill*         0x000023f3        0x1 
 .rodata        0x000023f4       0x10 ./php_keypad.o
 .rodata        0x00002404        0xe ./startup_tm4c_gnu.o
 *(.rodata*)
 *fill*         0x00002412        0x2 
 .rodata._global_impure_ptr
                0x00002414        0x4 d:/ti/ccs1031/ccs/tools/compiler/gcc-arm-none-eabi-7-2017-q4-major-win32/bin/../lib/gcc/arm-none-eabi/7.2.1/../../../../arm-none-eabi/lib/thumb/v7e-m/fpv4-sp/hard\libc.a(lib_a-impure.o)
                0x00002414                _global_impure_ptr
 *(.init)
 .init          0x00002418        0x4 d:/ti/ccs1031/ccs/tools/compiler/gcc-arm-none-eabi-7-2017-q4-major-win32/bin/../lib/gcc/arm-none-eabi/7.2.1/thumb/v7e-m/fpv4-sp/hard/crti.o
                0x00002418                _init
 .init          0x0000241c        0x8 d:/ti/ccs1031/ccs/tools/compiler/gcc-arm-none-eabi-7-2017-q4-major-win32/bin/../lib/gcc/arm-none-eabi/7.2.1/thumb/v7e-m/fpv4-sp/hard/crtn.o
 *(.fini)
 .fini          0x00002424        0x4 d:/ti/ccs1031/ccs/tools/compiler/gcc-arm-none-eabi-7-2017-q4-major-win32/bin/../lib/gcc/arm-none-eabi/7.2.1/thumb/v7e-m/fpv4-sp/hard/crti.o
                0x00002424                _fini
 .fini          0x00002428        0x8 d:/ti/ccs1031/ccs/tools/compiler/gcc-arm-none-eabi-7-2017-q4-major-win32/bin/../lib/gcc/arm-none-eabi/7.2.1/thumb/v7e-m/fpv4-sp/hard/crtn.o
                0x00002430                . = ALIGN (0x4)

.glue_7         0x00002430        0x0
 .glue_7        0x00002430        0x0 linker stubs

.glue_7t        0x00002430        0x0
 .glue_7t       0x00002430        0x0 linker stubs

.vfp11_veneer   0x00002430        0x0
 .vfp11_veneer  0x00002430        0x0 linker stubs

.v4_bx          0x00002430        0x0
 .v4_bx         0x00002430        0x0 linker stubs

.iplt           0x00002430        0x0
 .iplt          0x00002430        0x0 d:/ti/ccs1031/ccs/tools/compiler/gcc-arm-none-eabi-7-2017-q4-major-win32/bin/../lib/gcc/arm-none-eabi/7.2.1/thumb/v7e-m/fpv4-sp/hard/crtbegin.o

.rel.dyn        0x00002430        0x0
 .rel.iplt      0x00002430        0x0 d:/ti/ccs1031/ccs/tools/compiler/gcc-arm-none-eabi-7-2017-q4-major-win32/bin/../lib/gcc/arm-none-eabi/7.2.1/thumb/v7e-m/fpv4-sp/hard/crtbegin.o

.preinit_array  0x00002430        0x0
                0x00002430                PROVIDE (__preinit_array_start, .)
 *(.preinit_array*)
                0x00002430                PROVIDE (__preinit_array_end, .)

.init_array     0x00002430        0x8
                0x00002430                PROVIDE (__init_array_start, .)
 *(SORT_BY_NAME(.init_array.*))
 .init_array.00000
                0x00002430        0x4 d:/ti/ccs1031/ccs/tools/compiler/gcc-arm-none-eabi-7-2017-q4-major-win32/bin/../lib/gcc/arm-none-eabi/7.2.1/../../../../arm-none-eabi/lib/thumb/v7e-m/fpv4-sp/hard\libc.a(lib_a-__call_atexit.o)
 *(.init_array*)
 .init_array    0x00002434        0x4 d:/ti/ccs1031/ccs/tools/compiler/gcc-arm-none-eabi-7-2017-q4-major-win32/bin/../lib/gcc/arm-none-eabi/7.2.1/thumb/v7e-m/fpv4-sp/hard/crtbegin.o
                0x00002438                PROVIDE (__init_array_end, .)

.fini_array     0x00002438        0x4
                0x00002438                PROVIDE (__fini_array_start, .)
 *(.fini_array*)
 .fini_array    0x00002438        0x4 d:/ti/ccs1031/ccs/tools/compiler/gcc-arm-none-eabi-7-2017-q4-major-win32/bin/../lib/gcc/arm-none-eabi/7.2.1/thumb/v7e-m/fpv4-sp/hard/crtbegin.o
 *(SORT_BY_NAME(.fini_array.*))
                0x0000243c                PROVIDE (__fini_array_end, .)
                0x0000243c                _etext = .

.stack          0x20000000      0x200
                0x20000000                __stack_start__ = .
                0x20000200                . = (. + STACK_SIZE)
 *fill*         0x20000000      0x200 
                0x20000200                . = ALIGN (0x4)
                0x20000200                __stack_end__ = .

.data           0x20000200      0x45c load address 0x0000243c
                0x0000243c                __data_load = LOADADDR (.data)
                0x20000200                __data_start = .
 *(.data)
 .data          0x20000200        0x0 d:/ti/ccs1031/ccs/tools/compiler/gcc-arm-none-eabi-7-2017-q4-major-win32/bin/../lib/gcc/arm-none-eabi/7.2.1/thumb/v7e-m/fpv4-sp/hard/crti.o
 .data          0x20000200        0x4 d:/ti/ccs1031/ccs/tools/compiler/gcc-arm-none-eabi-7-2017-q4-major-win32/bin/../lib/gcc/arm-none-eabi/7.2.1/thumb/v7e-m/fpv4-sp/hard/crtbegin.o
                0x20000200                __dso_handle
 .data          0x20000204        0x0 d:/ti/ccs1031/ccs/tools/compiler/gcc-arm-none-eabi-7-2017-q4-major-win32/bin/../lib/gcc/arm-none-eabi/7.2.1/../../../../arm-none-eabi/lib/thumb/v7e-m/fpv4-sp/hard/crt0.o
 .data          0x20000204        0x0 ./bsp.o
 .data          0x20000204        0x0 ./main.o
 .data          0x20000204        0x0 ./php.o
 .data          0x20000204        0x0 ./php_adc.o
 .data          0x20000204        0x0 ./php_keypad.o
 .data          0x20000204        0x0 ./php_lcd.o
 .data          0x20000204        0x0 ./php_led.o
 .data          0x20000204        0x0 ./php_switch.o
 .data          0x20000204        0x0 ./php_timer.o
 .data          0x20000204        0x0 ./php_uart.o
 .data          0x20000204        0x0 ./startup_tm4c_gnu.o
 .data          0x20000204        0x0 d:/ti/ccs1031/ccs/tools/compiler/gcc-arm-none-eabi-7-2017-q4-major-win32/bin/../lib/gcc/arm-none-eabi/7.2.1/../../../../arm-none-eabi/lib/thumb/v7e-m/fpv4-sp/hard\libc.a(lib_a-exit.o)
 .data          0x20000204        0x0 d:/ti/ccs1031/ccs/tools/compiler/gcc-arm-none-eabi-7-2017-q4-major-win32/bin/../lib/gcc/arm-none-eabi/7.2.1/../../../../arm-none-eabi/lib/thumb/v7e-m/fpv4-sp/hard\libc.a(lib_a-impure.o)
 .data          0x20000204        0x0 d:/ti/ccs1031/ccs/tools/compiler/gcc-arm-none-eabi-7-2017-q4-major-win32/bin/../lib/gcc/arm-none-eabi/7.2.1/../../../../arm-none-eabi/lib/thumb/v7e-m/fpv4-sp/hard\libc.a(lib_a-init.o)
 .data          0x20000204        0x0 d:/ti/ccs1031/ccs/tools/compiler/gcc-arm-none-eabi-7-2017-q4-major-win32/bin/../lib/gcc/arm-none-eabi/7.2.1/../../../../arm-none-eabi/lib/thumb/v7e-m/fpv4-sp/hard\libc.a(lib_a-memset.o)
 .data          0x20000204        0x0 d:/ti/ccs1031/ccs/tools/compiler/gcc-arm-none-eabi-7-2017-q4-major-win32/bin/../lib/gcc/arm-none-eabi/7.2.1/../../../../arm-none-eabi/lib/thumb/v7e-m/fpv4-sp/hard\libc.a(lib_a-__call_atexit.o)
 .data          0x20000204        0x0 d:/ti/ccs1031/ccs/tools/compiler/gcc-arm-none-eabi-7-2017-q4-major-win32/bin/../lib/gcc/arm-none-eabi/7.2.1/../../../../arm-none-eabi/lib/thumb/v7e-m/fpv4-sp/hard\libc.a(lib_a-atexit.o)
 .data          0x20000204        0x0 d:/ti/ccs1031/ccs/tools/compiler/gcc-arm-none-eabi-7-2017-q4-major-win32/bin/../lib/gcc/arm-none-eabi/7.2.1/../../../../arm-none-eabi/lib/thumb/v7e-m/fpv4-sp/hard\libc.a(lib_a-fini.o)
 .data          0x20000204        0x0 d:/ti/ccs1031/ccs/tools/compiler/gcc-arm-none-eabi-7-2017-q4-major-win32/bin/../lib/gcc/arm-none-eabi/7.2.1/../../../../arm-none-eabi/lib/thumb/v7e-m/fpv4-sp/hard\libc.a(lib_a-lock.o)
 .data          0x20000204        0x0 d:/ti/ccs1031/ccs/tools/compiler/gcc-arm-none-eabi-7-2017-q4-major-win32/bin/../lib/gcc/arm-none-eabi/7.2.1/../../../../arm-none-eabi/lib/thumb/v7e-m/fpv4-sp/hard\libc.a(lib_a-__atexit.o)
 .data          0x20000204        0x0 d:/ti/ccs1031/ccs/tools/compiler/gcc-arm-none-eabi-7-2017-q4-major-win32/bin/../lib/gcc/arm-none-eabi/7.2.1/thumb/v7e-m/fpv4-sp/hard\libgcc.a(_arm_addsubdf3.o)
 .data          0x20000204        0x0 d:/ti/ccs1031/ccs/tools/compiler/gcc-arm-none-eabi-7-2017-q4-major-win32/bin/../lib/gcc/arm-none-eabi/7.2.1/thumb/v7e-m/fpv4-sp/hard\libgcc.a(_arm_fixunsdfsi.o)
 .data          0x20000204        0x0 d:/ti/ccs1031/ccs/tools/compiler/gcc-arm-none-eabi-7-2017-q4-major-win32/bin/../lib/gcc/arm-none-eabi/7.2.1/../../../../arm-none-eabi/lib/thumb/v7e-m/fpv4-sp/hard\libnosys.a(_exit.o)
 .data          0x20000204        0x0 d:/ti/ccs1031/ccs/tools/compiler/gcc-arm-none-eabi-7-2017-q4-major-win32/bin/../lib/gcc/arm-none-eabi/7.2.1/thumb/v7e-m/fpv4-sp/hard/crtend.o
 .data          0x20000204        0x0 d:/ti/ccs1031/ccs/tools/compiler/gcc-arm-none-eabi-7-2017-q4-major-win32/bin/../lib/gcc/arm-none-eabi/7.2.1/thumb/v7e-m/fpv4-sp/hard/crtn.o
 *(.data*)
 .data.sysClkFreq
                0x20000204        0x4 ./bsp.o
 .data.sysClkFreq
                0x20000208        0x4 ./main.o
 .data.sysClkFreq
                0x2000020c        0x4 ./php.o
 .data.sysClkFreq
                0x20000210        0x4 ./php_adc.o
 .data.sysClkFreq
                0x20000214        0x4 ./php_keypad.o
 .data.sysClkFreq
                0x20000218        0x4 ./php_lcd.o
 .data.sysClkFreq
                0x2000021c        0x4 ./php_led.o
 .data.sysClkFreq
                0x20000220        0x4 ./php_switch.o
 .data.sysClkFreq
                0x20000224        0x4 ./php_timer.o
 .data.sysClkFreq
                0x20000228        0x4 ./php_uart.o
 .data._impure_ptr
                0x2000022c        0x4 d:/ti/ccs1031/ccs/tools/compiler/gcc-arm-none-eabi-7-2017-q4-major-win32/bin/../lib/gcc/arm-none-eabi/7.2.1/../../../../arm-none-eabi/lib/thumb/v7e-m/fpv4-sp/hard\libc.a(lib_a-impure.o)
                0x2000022c                _impure_ptr
 .data.impure_data
                0x20000230      0x428 d:/ti/ccs1031/ccs/tools/compiler/gcc-arm-none-eabi-7-2017-q4-major-win32/bin/../lib/gcc/arm-none-eabi/7.2.1/../../../../arm-none-eabi/lib/thumb/v7e-m/fpv4-sp/hard\libc.a(lib_a-impure.o)
 .data.__atexit_recursive_mutex
                0x20000658        0x4 d:/ti/ccs1031/ccs/tools/compiler/gcc-arm-none-eabi-7-2017-q4-major-win32/bin/../lib/gcc/arm-none-eabi/7.2.1/../../../../arm-none-eabi/lib/thumb/v7e-m/fpv4-sp/hard\libc.a(lib_a-__call_atexit.o)
                0x20000658                __atexit_recursive_mutex
                0x2000065c                . = ALIGN (0x4)
                0x2000065c                __data_end__ = .
                0x2000065c                _edata = __data_end__

.igot.plt       0x2000065c        0x0 load address 0x00002898
 .igot.plt      0x2000065c        0x0 d:/ti/ccs1031/ccs/tools/compiler/gcc-arm-none-eabi-7-2017-q4-major-win32/bin/../lib/gcc/arm-none-eabi/7.2.1/thumb/v7e-m/fpv4-sp/hard/crtbegin.o

.bss            0x2000065c       0x44 load address 0x00002898
                0x2000065c                __bss_start__ = .
 *(.bss)
 .bss           0x2000065c        0x0 d:/ti/ccs1031/ccs/tools/compiler/gcc-arm-none-eabi-7-2017-q4-major-win32/bin/../lib/gcc/arm-none-eabi/7.2.1/thumb/v7e-m/fpv4-sp/hard/crti.o
 .bss           0x2000065c       0x1c d:/ti/ccs1031/ccs/tools/compiler/gcc-arm-none-eabi-7-2017-q4-major-win32/bin/../lib/gcc/arm-none-eabi/7.2.1/thumb/v7e-m/fpv4-sp/hard/crtbegin.o
 .bss           0x20000678        0x0 d:/ti/ccs1031/ccs/tools/compiler/gcc-arm-none-eabi-7-2017-q4-major-win32/bin/../lib/gcc/arm-none-eabi/7.2.1/../../../../arm-none-eabi/lib/thumb/v7e-m/fpv4-sp/hard/crt0.o
 .bss           0x20000678        0x0 ./bsp.o
 .bss           0x20000678        0x0 ./main.o
 .bss           0x20000678        0x0 ./php.o
 .bss           0x20000678        0x0 ./php_adc.o
 .bss           0x20000678        0x0 ./php_keypad.o
 .bss           0x20000678        0x0 ./php_lcd.o
 .bss           0x20000678        0x0 ./php_led.o
 .bss           0x20000678        0x0 ./php_switch.o
 .bss           0x20000678        0x0 ./php_timer.o
 .bss           0x20000678        0x0 ./php_uart.o
 .bss           0x20000678        0x0 ./startup_tm4c_gnu.o
 .bss           0x20000678        0x0 d:/ti/ccs1031/ccs/tools/compiler/gcc-arm-none-eabi-7-2017-q4-major-win32/bin/../lib/gcc/arm-none-eabi/7.2.1/../../../../arm-none-eabi/lib/thumb/v7e-m/fpv4-sp/hard\libc.a(lib_a-exit.o)
 .bss           0x20000678        0x0 d:/ti/ccs1031/ccs/tools/compiler/gcc-arm-none-eabi-7-2017-q4-major-win32/bin/../lib/gcc/arm-none-eabi/7.2.1/../../../../arm-none-eabi/lib/thumb/v7e-m/fpv4-sp/hard\libc.a(lib_a-impure.o)
 .bss           0x20000678        0x0 d:/ti/ccs1031/ccs/tools/compiler/gcc-arm-none-eabi-7-2017-q4-major-win32/bin/../lib/gcc/arm-none-eabi/7.2.1/../../../../arm-none-eabi/lib/thumb/v7e-m/fpv4-sp/hard\libc.a(lib_a-init.o)
 .bss           0x20000678        0x0 d:/ti/ccs1031/ccs/tools/compiler/gcc-arm-none-eabi-7-2017-q4-major-win32/bin/../lib/gcc/arm-none-eabi/7.2.1/../../../../arm-none-eabi/lib/thumb/v7e-m/fpv4-sp/hard\libc.a(lib_a-memset.o)
 .bss           0x20000678        0x0 d:/ti/ccs1031/ccs/tools/compiler/gcc-arm-none-eabi-7-2017-q4-major-win32/bin/../lib/gcc/arm-none-eabi/7.2.1/../../../../arm-none-eabi/lib/thumb/v7e-m/fpv4-sp/hard\libc.a(lib_a-__call_atexit.o)
 .bss           0x20000678        0x0 d:/ti/ccs1031/ccs/tools/compiler/gcc-arm-none-eabi-7-2017-q4-major-win32/bin/../lib/gcc/arm-none-eabi/7.2.1/../../../../arm-none-eabi/lib/thumb/v7e-m/fpv4-sp/hard\libc.a(lib_a-atexit.o)
 .bss           0x20000678        0x0 d:/ti/ccs1031/ccs/tools/compiler/gcc-arm-none-eabi-7-2017-q4-major-win32/bin/../lib/gcc/arm-none-eabi/7.2.1/../../../../arm-none-eabi/lib/thumb/v7e-m/fpv4-sp/hard\libc.a(lib_a-fini.o)
 .bss           0x20000678        0x0 d:/ti/ccs1031/ccs/tools/compiler/gcc-arm-none-eabi-7-2017-q4-major-win32/bin/../lib/gcc/arm-none-eabi/7.2.1/../../../../arm-none-eabi/lib/thumb/v7e-m/fpv4-sp/hard\libc.a(lib_a-lock.o)
 .bss           0x20000678        0x0 d:/ti/ccs1031/ccs/tools/compiler/gcc-arm-none-eabi-7-2017-q4-major-win32/bin/../lib/gcc/arm-none-eabi/7.2.1/../../../../arm-none-eabi/lib/thumb/v7e-m/fpv4-sp/hard\libc.a(lib_a-__atexit.o)
 .bss           0x20000678        0x0 d:/ti/ccs1031/ccs/tools/compiler/gcc-arm-none-eabi-7-2017-q4-major-win32/bin/../lib/gcc/arm-none-eabi/7.2.1/thumb/v7e-m/fpv4-sp/hard\libgcc.a(_arm_addsubdf3.o)
 .bss           0x20000678        0x0 d:/ti/ccs1031/ccs/tools/compiler/gcc-arm-none-eabi-7-2017-q4-major-win32/bin/../lib/gcc/arm-none-eabi/7.2.1/thumb/v7e-m/fpv4-sp/hard\libgcc.a(_arm_fixunsdfsi.o)
 .bss           0x20000678        0x0 d:/ti/ccs1031/ccs/tools/compiler/gcc-arm-none-eabi-7-2017-q4-major-win32/bin/../lib/gcc/arm-none-eabi/7.2.1/../../../../arm-none-eabi/lib/thumb/v7e-m/fpv4-sp/hard\libnosys.a(_exit.o)
 .bss           0x20000678        0x0 d:/ti/ccs1031/ccs/tools/compiler/gcc-arm-none-eabi-7-2017-q4-major-win32/bin/../lib/gcc/arm-none-eabi/7.2.1/thumb/v7e-m/fpv4-sp/hard/crtend.o
 .bss           0x20000678        0x0 d:/ti/ccs1031/ccs/tools/compiler/gcc-arm-none-eabi-7-2017-q4-major-win32/bin/../lib/gcc/arm-none-eabi/7.2.1/thumb/v7e-m/fpv4-sp/hard/crtn.o
 *(.bss*)
 .bss.outBuffer.7908
                0x20000678        0x4 ./bsp.o
 *(COMMON)
 COMMON         0x2000067c       0x21 d:/ti/ccs1031/ccs/tools/compiler/gcc-arm-none-eabi-7-2017-q4-major-win32/bin/../lib/gcc/arm-none-eabi/7.2.1/../../../../arm-none-eabi/lib/thumb/v7e-m/fpv4-sp/hard\libc.a(lib_a-lock.o)
                0x2000067c                __lock___atexit_recursive_mutex
                0x20000680                __lock___arc4random_mutex
                0x20000684                __lock___env_recursive_mutex
                0x20000688                __lock___sinit_recursive_mutex
                0x2000068c                __lock___malloc_recursive_mutex
                0x20000690                __lock___at_quick_exit_mutex
                0x20000694                __lock___dd_hash_mutex
                0x20000698                __lock___tz_mutex
                0x2000069c                __lock___sfp_recursive_mutex
                0x200006a0                . = ALIGN (0x4)
 *fill*         0x2000069d        0x3 
                0x200006a0                _ebss = .
                0x200006a0                __bss_end__ = .
                [!provide]                PROVIDE (end, _ebss)
                [!provide]                PROVIDE (_end, _ebss)
                [!provide]                PROVIDE (__end__, _ebss)

.heap           0x200006a0        0x0
                0x200006a0                __heap_start__ = .
                0x200006a0                . = (. + HEAP_SIZE)
                0x200006a0                . = ALIGN (0x4)
                0x200006a0                __heap_end__ = .

/DISCARD/
 libc.a(*)
 libm.a(*)
 libgcc.a(*)
START GROUP
LOAD d:/ti/ccs1031/ccs/tools/compiler/gcc-arm-none-eabi-7-2017-q4-major-win32/bin/../lib/gcc/arm-none-eabi/7.2.1/thumb/v7e-m/fpv4-sp/hard\libgcc.a
LOAD d:/ti/ccs1031/ccs/tools/compiler/gcc-arm-none-eabi-7-2017-q4-major-win32/bin/../lib/gcc/arm-none-eabi/7.2.1/../../../../arm-none-eabi/lib/thumb/v7e-m/fpv4-sp/hard\libg.a
LOAD d:/ti/ccs1031/ccs/tools/compiler/gcc-arm-none-eabi-7-2017-q4-major-win32/bin/../lib/gcc/arm-none-eabi/7.2.1/../../../../arm-none-eabi/lib/thumb/v7e-m/fpv4-sp/hard\libc.a
END GROUP
START GROUP
LOAD d:/ti/ccs1031/ccs/tools/compiler/gcc-arm-none-eabi-7-2017-q4-major-win32/bin/../lib/gcc/arm-none-eabi/7.2.1/thumb/v7e-m/fpv4-sp/hard\libgcc.a
LOAD d:/ti/ccs1031/ccs/tools/compiler/gcc-arm-none-eabi-7-2017-q4-major-win32/bin/../lib/gcc/arm-none-eabi/7.2.1/../../../../arm-none-eabi/lib/thumb/v7e-m/fpv4-sp/hard\libc.a
LOAD d:/ti/ccs1031/ccs/tools/compiler/gcc-arm-none-eabi-7-2017-q4-major-win32/bin/../lib/gcc/arm-none-eabi/7.2.1/../../../../arm-none-eabi/lib/thumb/v7e-m/fpv4-sp/hard\libnosys.a
END GROUP
LOAD d:/ti/ccs1031/ccs/tools/compiler/gcc-arm-none-eabi-7-2017-q4-major-win32/bin/../lib/gcc/arm-none-eabi/7.2.1/thumb/v7e-m/fpv4-sp/hard/crtend.o
LOAD d:/ti/ccs1031/ccs/tools/compiler/gcc-arm-none-eabi-7-2017-q4-major-win32/bin/../lib/gcc/arm-none-eabi/7.2.1/thumb/v7e-m/fpv4-sp/hard/crtn.o
OUTPUT(05_Peripheral_ADC.out elf32-littlearm)

.ARM.attributes
                0x00000000       0x30
 .ARM.attributes
                0x00000000       0x22 d:/ti/ccs1031/ccs/tools/compiler/gcc-arm-none-eabi-7-2017-q4-major-win32/bin/../lib/gcc/arm-none-eabi/7.2.1/thumb/v7e-m/fpv4-sp/hard/crti.o
 .ARM.attributes
                0x00000022       0x34 d:/ti/ccs1031/ccs/tools/compiler/gcc-arm-none-eabi-7-2017-q4-major-win32/bin/../lib/gcc/arm-none-eabi/7.2.1/thumb/v7e-m/fpv4-sp/hard/crtbegin.o
 .ARM.attributes
                0x00000056       0x20 d:/ti/ccs1031/ccs/tools/compiler/gcc-arm-none-eabi-7-2017-q4-major-win32/bin/../lib/gcc/arm-none-eabi/7.2.1/../../../../arm-none-eabi/lib/thumb/v7e-m/fpv4-sp/hard/crt0.o
 .ARM.attributes
                0x00000076       0x39 ./bsp.o
 .ARM.attributes
                0x000000af       0x39 ./main.o
 .ARM.attributes
                0x000000e8       0x39 ./php.o
 .ARM.attributes
                0x00000121       0x39 ./php_adc.o
 .ARM.attributes
                0x0000015a       0x39 ./php_keypad.o
 .ARM.attributes
                0x00000193       0x39 ./php_lcd.o
 .ARM.attributes
                0x000001cc       0x39 ./php_led.o
 .ARM.attributes
                0x00000205       0x39 ./php_switch.o
 .ARM.attributes
                0x0000023e       0x39 ./php_timer.o
 .ARM.attributes
                0x00000277       0x39 ./php_uart.o
 .ARM.attributes
                0x000002b0       0x39 ./startup_tm4c_gnu.o
 .ARM.attributes
                0x000002e9       0x34 d:/ti/ccs1031/ccs/tools/compiler/gcc-arm-none-eabi-7-2017-q4-major-win32/bin/../lib/gcc/arm-none-eabi/7.2.1/../../../../arm-none-eabi/lib/thumb/v7e-m/fpv4-sp/hard\libnosys.a(_exit.o)
 .ARM.attributes
                0x0000031d       0x34 d:/ti/ccs1031/ccs/tools/compiler/gcc-arm-none-eabi-7-2017-q4-major-win32/bin/../lib/gcc/arm-none-eabi/7.2.1/thumb/v7e-m/fpv4-sp/hard/crtend.o
 .ARM.attributes
                0x00000351       0x22 d:/ti/ccs1031/ccs/tools/compiler/gcc-arm-none-eabi-7-2017-q4-major-win32/bin/../lib/gcc/arm-none-eabi/7.2.1/thumb/v7e-m/fpv4-sp/hard/crtn.o

.comment        0x00000000       0x7e
 .comment       0x00000000       0x7e ./bsp.o
                                 0x7f (size before relaxing)
 .comment       0x0000007e       0x7f ./main.o
 .comment       0x0000007e       0x7f ./php.o
 .comment       0x0000007e       0x7f ./php_adc.o
 .comment       0x0000007e       0x7f ./php_keypad.o
 .comment       0x0000007e       0x7f ./php_lcd.o
 .comment       0x0000007e       0x7f ./php_led.o
 .comment       0x0000007e       0x7f ./php_switch.o
 .comment       0x0000007e       0x7f ./php_timer.o
 .comment       0x0000007e       0x7f ./php_uart.o
 .comment       0x0000007e       0x7f ./startup_tm4c_gnu.o

.debug_info     0x00000000     0xa186
 .debug_info    0x00000000     0x11ad ./bsp.o
 .debug_info    0x000011ad      0x10d ./main.o
 .debug_info    0x000012ba     0x1031 ./php.o
 .debug_info    0x000022eb     0x1447 ./php_adc.o
 .debug_info    0x00003732      0xe8e ./php_keypad.o
 .debug_info    0x000045c0      0xdfe ./php_lcd.o
 .debug_info    0x000053be      0xdfe ./php_led.o
 .debug_info    0x000061bc     0x132d ./php_switch.o
 .debug_info    0x000074e9     0x14d6 ./php_timer.o
 .debug_info    0x000089bf     0x161e ./php_uart.o
 .debug_info    0x00009fdd      0x1a9 ./startup_tm4c_gnu.o

.debug_abbrev   0x00000000      0xdf0
 .debug_abbrev  0x00000000      0x21a ./bsp.o
 .debug_abbrev  0x0000021a       0x8f ./main.o
 .debug_abbrev  0x000002a9      0x148 ./php.o
 .debug_abbrev  0x000003f1      0x12b ./php_adc.o
 .debug_abbrev  0x0000051c      0x11b ./php_keypad.o
 .debug_abbrev  0x00000637       0xf3 ./php_lcd.o
 .debug_abbrev  0x0000072a       0xf3 ./php_led.o
 .debug_abbrev  0x0000081d      0x161 ./php_switch.o
 .debug_abbrev  0x0000097e      0x1c1 ./php_timer.o
 .debug_abbrev  0x00000b3f      0x1d3 ./php_uart.o
 .debug_abbrev  0x00000d12       0xde ./startup_tm4c_gnu.o

.debug_aranges  0x00000000      0x330
 .debug_aranges
                0x00000000       0xf8 ./bsp.o
 .debug_aranges
                0x000000f8       0x20 ./main.o
 .debug_aranges
                0x00000118       0x40 ./php.o
 .debug_aranges
                0x00000158       0x28 ./php_adc.o
 .debug_aranges
                0x00000180       0x30 ./php_keypad.o
 .debug_aranges
                0x000001b0       0x20 ./php_lcd.o
 .debug_aranges
                0x000001d0       0x20 ./php_led.o
 .debug_aranges
                0x000001f0       0x30 ./php_switch.o
 .debug_aranges
                0x00000220       0x70 ./php_timer.o
 .debug_aranges
                0x00000290       0x50 ./php_uart.o
 .debug_aranges
                0x000002e0       0x50 ./startup_tm4c_gnu.o

.debug_ranges   0x00000000      0x280
 .debug_ranges  0x00000000       0xe8 ./bsp.o
 .debug_ranges  0x000000e8       0x10 ./main.o
 .debug_ranges  0x000000f8       0x30 ./php.o
 .debug_ranges  0x00000128       0x18 ./php_adc.o
 .debug_ranges  0x00000140       0x20 ./php_keypad.o
 .debug_ranges  0x00000160       0x10 ./php_lcd.o
 .debug_ranges  0x00000170       0x10 ./php_led.o
 .debug_ranges  0x00000180       0x20 ./php_switch.o
 .debug_ranges  0x000001a0       0x60 ./php_timer.o
 .debug_ranges  0x00000200       0x40 ./php_uart.o
 .debug_ranges  0x00000240       0x40 ./startup_tm4c_gnu.o

.debug_line     0x00000000     0x192f
 .debug_line    0x00000000      0x482 ./bsp.o
 .debug_line    0x00000482      0x1c7 ./main.o
 .debug_line    0x00000649      0x23c ./php.o
 .debug_line    0x00000885      0x20c ./php_adc.o
 .debug_line    0x00000a91      0x249 ./php_keypad.o
 .debug_line    0x00000cda      0x1df ./php_lcd.o
 .debug_line    0x00000eb9      0x1e1 ./php_led.o
 .debug_line    0x0000109a      0x21b ./php_switch.o
 .debug_line    0x000012b5      0x323 ./php_timer.o
 .debug_line    0x000015d8      0x290 ./php_uart.o
 .debug_line    0x00001868       0xc7 ./startup_tm4c_gnu.o

.debug_str      0x00000000     0x1580
 .debug_str     0x00000000      0x738 ./bsp.o
                                0x7a5 (size before relaxing)
 .debug_str     0x00000738       0x1f ./main.o
                                0x207 (size before relaxing)
 .debug_str     0x00000757      0x5af ./php.o
                                0x872 (size before relaxing)
 .debug_str     0x00000d06       0x8e ./php_adc.o
                                0xa42 (size before relaxing)
 .debug_str     0x00000d94       0x4c ./php_keypad.o
                                0x833 (size before relaxing)
 .debug_str     0x00000de0       0x1a ./php_lcd.o
                                0x801 (size before relaxing)
 .debug_str     0x00000dfa       0x1a ./php_led.o
                                0x801 (size before relaxing)
 .debug_str     0x00000e14      0x431 ./php_switch.o
                                0xd1f (size before relaxing)
 .debug_str     0x00001245      0x1b3 ./php_timer.o
                                0xa7e (size before relaxing)
 .debug_str     0x000013f8       0x70 ./php_uart.o
                                0xdc4 (size before relaxing)
 .debug_str     0x00001468      0x118 ./startup_tm4c_gnu.o
                                0x23b (size before relaxing)

.debug_frame    0x00000000      0x99c
 .debug_frame   0x00000000      0x394 ./bsp.o
 .debug_frame   0x00000394       0x30 ./main.o
 .debug_frame   0x000003c4       0xbc ./php.o
 .debug_frame   0x00000480       0x54 ./php_adc.o
 .debug_frame   0x000004d4       0x7c ./php_keypad.o
 .debug_frame   0x00000550       0x30 ./php_lcd.o
 .debug_frame   0x00000580       0x30 ./php_led.o
 .debug_frame   0x000005b0       0x7c ./php_switch.o
 .debug_frame   0x0000062c      0x198 ./php_timer.o
 .debug_frame   0x000007c4      0x124 ./php_uart.o
 .debug_frame   0x000008e8       0x94 ./startup_tm4c_gnu.o
 .debug_frame   0x0000097c       0x20 d:/ti/ccs1031/ccs/tools/compiler/gcc-arm-none-eabi-7-2017-q4-major-win32/bin/../lib/gcc/arm-none-eabi/7.2.1/../../../../arm-none-eabi/lib/thumb/v7e-m/fpv4-sp/hard\libnosys.a(_exit.o)
