Archive member included to satisfy reference by file (symbol)

d:/ti/ccs1031/ccs/tools/compiler/gcc-arm-none-eabi-7-2017-q4-major-win32/bin/../lib/gcc/arm-none-eabi/7.2.1/../../../../arm-none-eabi/lib/thumb/v7e-m/fpv4-sp/hard\libc.a(lib_a-exit.o)
                              d:/ti/ccs1031/ccs/tools/compiler/gcc-arm-none-eabi-7-2017-q4-major-win32/bin/../lib/gcc/arm-none-eabi/7.2.1/../../../../arm-none-eabi/lib/thumb/v7e-m/fpv4-sp/hard/crt0.o (exit)
d:/ti/ccs1031/ccs/tools/compiler/gcc-arm-none-eabi-7-2017-q4-major-win32/bin/../lib/gcc/arm-none-eabi/7.2.1/../../../../arm-none-eabi/lib/thumb/v7e-m/fpv4-sp/hard\libc.a(lib_a-impure.o)
                              d:/ti/ccs1031/ccs/tools/compiler/gcc-arm-none-eabi-7-2017-q4-major-win32/bin/../lib/gcc/arm-none-eabi/7.2.1/../../../../arm-none-eabi/lib/thumb/v7e-m/fpv4-sp/hard\libc.a(lib_a-exit.o) (_global_impure_ptr)
d:/ti/ccs1031/ccs/tools/compiler/gcc-arm-none-eabi-7-2017-q4-major-win32/bin/../lib/gcc/arm-none-eabi/7.2.1/../../../../arm-none-eabi/lib/thumb/v7e-m/fpv4-sp/hard\libc.a(lib_a-init.o)
                              d:/ti/ccs1031/ccs/tools/compiler/gcc-arm-none-eabi-7-2017-q4-major-win32/bin/../lib/gcc/arm-none-eabi/7.2.1/../../../../arm-none-eabi/lib/thumb/v7e-m/fpv4-sp/hard/crt0.o (__libc_init_array)
d:/ti/ccs1031/ccs/tools/compiler/gcc-arm-none-eabi-7-2017-q4-major-win32/bin/../lib/gcc/arm-none-eabi/7.2.1/../../../../arm-none-eabi/lib/thumb/v7e-m/fpv4-sp/hard\libc.a(lib_a-memset.o)
                              d:/ti/ccs1031/ccs/tools/compiler/gcc-arm-none-eabi-7-2017-q4-major-win32/bin/../lib/gcc/arm-none-eabi/7.2.1/../../../../arm-none-eabi/lib/thumb/v7e-m/fpv4-sp/hard/crt0.o (memset)
d:/ti/ccs1031/ccs/tools/compiler/gcc-arm-none-eabi-7-2017-q4-major-win32/bin/../lib/gcc/arm-none-eabi/7.2.1/../../../../arm-none-eabi/lib/thumb/v7e-m/fpv4-sp/hard\libc.a(lib_a-__call_atexit.o)
                              d:/ti/ccs1031/ccs/tools/compiler/gcc-arm-none-eabi-7-2017-q4-major-win32/bin/../lib/gcc/arm-none-eabi/7.2.1/../../../../arm-none-eabi/lib/thumb/v7e-m/fpv4-sp/hard\libc.a(lib_a-exit.o) (__call_exitprocs)
d:/ti/ccs1031/ccs/tools/compiler/gcc-arm-none-eabi-7-2017-q4-major-win32/bin/../lib/gcc/arm-none-eabi/7.2.1/../../../../arm-none-eabi/lib/thumb/v7e-m/fpv4-sp/hard\libc.a(lib_a-atexit.o)
                              d:/ti/ccs1031/ccs/tools/compiler/gcc-arm-none-eabi-7-2017-q4-major-win32/bin/../lib/gcc/arm-none-eabi/7.2.1/../../../../arm-none-eabi/lib/thumb/v7e-m/fpv4-sp/hard\libc.a(lib_a-__call_atexit.o) (atexit)
d:/ti/ccs1031/ccs/tools/compiler/gcc-arm-none-eabi-7-2017-q4-major-win32/bin/../lib/gcc/arm-none-eabi/7.2.1/../../../../arm-none-eabi/lib/thumb/v7e-m/fpv4-sp/hard\libc.a(lib_a-fini.o)
                              d:/ti/ccs1031/ccs/tools/compiler/gcc-arm-none-eabi-7-2017-q4-major-win32/bin/../lib/gcc/arm-none-eabi/7.2.1/../../../../arm-none-eabi/lib/thumb/v7e-m/fpv4-sp/hard\libc.a(lib_a-__call_atexit.o) (__libc_fini_array)
d:/ti/ccs1031/ccs/tools/compiler/gcc-arm-none-eabi-7-2017-q4-major-win32/bin/../lib/gcc/arm-none-eabi/7.2.1/../../../../arm-none-eabi/lib/thumb/v7e-m/fpv4-sp/hard\libc.a(lib_a-lock.o)
                              d:/ti/ccs1031/ccs/tools/compiler/gcc-arm-none-eabi-7-2017-q4-major-win32/bin/../lib/gcc/arm-none-eabi/7.2.1/../../../../arm-none-eabi/lib/thumb/v7e-m/fpv4-sp/hard\libc.a(lib_a-__call_atexit.o) (__retarget_lock_acquire_recursive)
d:/ti/ccs1031/ccs/tools/compiler/gcc-arm-none-eabi-7-2017-q4-major-win32/bin/../lib/gcc/arm-none-eabi/7.2.1/../../../../arm-none-eabi/lib/thumb/v7e-m/fpv4-sp/hard\libc.a(lib_a-__atexit.o)
                              d:/ti/ccs1031/ccs/tools/compiler/gcc-arm-none-eabi-7-2017-q4-major-win32/bin/../lib/gcc/arm-none-eabi/7.2.1/../../../../arm-none-eabi/lib/thumb/v7e-m/fpv4-sp/hard\libc.a(lib_a-atexit.o) (__register_exitproc)
d:/ti/ccs1031/ccs/tools/compiler/gcc-arm-none-eabi-7-2017-q4-major-win32/bin/../lib/gcc/arm-none-eabi/7.2.1/thumb/v7e-m/fpv4-sp/hard\libgcc.a(_arm_addsubdf3.o)
                              ./bsp.o (__aeabi_dadd)
d:/ti/ccs1031/ccs/tools/compiler/gcc-arm-none-eabi-7-2017-q4-major-win32/bin/../lib/gcc/arm-none-eabi/7.2.1/thumb/v7e-m/fpv4-sp/hard\libgcc.a(_arm_muldivdf3.o)
                              ./bsp.o (__aeabi_ddiv)
d:/ti/ccs1031/ccs/tools/compiler/gcc-arm-none-eabi-7-2017-q4-major-win32/bin/../lib/gcc/arm-none-eabi/7.2.1/thumb/v7e-m/fpv4-sp/hard\libgcc.a(_arm_fixdfsi.o)
                              ./bsp.o (__aeabi_d2iz)
d:/ti/ccs1031/ccs/tools/compiler/gcc-arm-none-eabi-7-2017-q4-major-win32/bin/../lib/gcc/arm-none-eabi/7.2.1/thumb/v7e-m/fpv4-sp/hard\libgcc.a(_arm_fixunsdfsi.o)
                              ./php_uart.o (__aeabi_d2uiz)
d:/ti/ccs1031/ccs/tools/compiler/gcc-arm-none-eabi-7-2017-q4-major-win32/bin/../lib/gcc/arm-none-eabi/7.2.1/../../../../arm-none-eabi/lib/thumb/v7e-m/fpv4-sp/hard\libnosys.a(_exit.o)
                              d:/ti/ccs1031/ccs/tools/compiler/gcc-arm-none-eabi-7-2017-q4-major-win32/bin/../lib/gcc/arm-none-eabi/7.2.1/../../../../arm-none-eabi/lib/thumb/v7e-m/fpv4-sp/hard\libc.a(lib_a-exit.o) (_exit)

Allocating common symbols
Common symbol       size              file

__lock___atexit_recursive_mutex
                    0x1               d:/ti/ccs1031/ccs/tools/compiler/gcc-arm-none-eabi-7-2017-q4-major-win32/bin/../lib/gcc/arm-none-eabi/7.2.1/../../../../arm-none-eabi/lib/thumb/v7e-m/fpv4-sp/hard\libc.a(lib_a-lock.o)
__lock___arc4random_mutex
                    0x1               d:/ti/ccs1031/ccs/tools/compiler/gcc-arm-none-eabi-7-2017-q4-major-win32/bin/../lib/gcc/arm-none-eabi/7.2.1/../../../../arm-none-eabi/lib/thumb/v7e-m/fpv4-sp/hard\libc.a(lib_a-lock.o)
__lock___env_recursive_mutex
                    0x1               d:/ti/ccs1031/ccs/tools/compiler/gcc-arm-none-eabi-7-2017-q4-major-win32/bin/../lib/gcc/arm-none-eabi/7.2.1/../../../../arm-none-eabi/lib/thumb/v7e-m/fpv4-sp/hard\libc.a(lib_a-lock.o)
__lock___sinit_recursive_mutex
                    0x1               d:/ti/ccs1031/ccs/tools/compiler/gcc-arm-none-eabi-7-2017-q4-major-win32/bin/../lib/gcc/arm-none-eabi/7.2.1/../../../../arm-none-eabi/lib/thumb/v7e-m/fpv4-sp/hard\libc.a(lib_a-lock.o)
__lock___malloc_recursive_mutex
                    0x1               d:/ti/ccs1031/ccs/tools/compiler/gcc-arm-none-eabi-7-2017-q4-major-win32/bin/../lib/gcc/arm-none-eabi/7.2.1/../../../../arm-none-eabi/lib/thumb/v7e-m/fpv4-sp/hard\libc.a(lib_a-lock.o)
__lock___at_quick_exit_mutex
                    0x1               d:/ti/ccs1031/ccs/tools/compiler/gcc-arm-none-eabi-7-2017-q4-major-win32/bin/../lib/gcc/arm-none-eabi/7.2.1/../../../../arm-none-eabi/lib/thumb/v7e-m/fpv4-sp/hard\libc.a(lib_a-lock.o)
__lock___dd_hash_mutex
                    0x1               d:/ti/ccs1031/ccs/tools/compiler/gcc-arm-none-eabi-7-2017-q4-major-win32/bin/../lib/gcc/arm-none-eabi/7.2.1/../../../../arm-none-eabi/lib/thumb/v7e-m/fpv4-sp/hard\libc.a(lib_a-lock.o)
__lock___tz_mutex   0x1               d:/ti/ccs1031/ccs/tools/compiler/gcc-arm-none-eabi-7-2017-q4-major-win32/bin/../lib/gcc/arm-none-eabi/7.2.1/../../../../arm-none-eabi/lib/thumb/v7e-m/fpv4-sp/hard\libc.a(lib_a-lock.o)
__lock___sfp_recursive_mutex
                    0x1               d:/ti/ccs1031/ccs/tools/compiler/gcc-arm-none-eabi-7-2017-q4-major-win32/bin/../lib/gcc/arm-none-eabi/7.2.1/../../../../arm-none-eabi/lib/thumb/v7e-m/fpv4-sp/hard\libc.a(lib_a-lock.o)

Discarded input sections

 .debug_frame   0x00000000       0x28 d:/ti/ccs1031/ccs/tools/compiler/gcc-arm-none-eabi-7-2017-q4-major-win32/bin/../lib/gcc/arm-none-eabi/7.2.1/../../../../arm-none-eabi/lib/thumb/v7e-m/fpv4-sp/hard\libc.a(lib_a-exit.o)
 .ARM.attributes
                0x00000000       0x34 d:/ti/ccs1031/ccs/tools/compiler/gcc-arm-none-eabi-7-2017-q4-major-win32/bin/../lib/gcc/arm-none-eabi/7.2.1/../../../../arm-none-eabi/lib/thumb/v7e-m/fpv4-sp/hard\libc.a(lib_a-exit.o)
 .ARM.attributes
                0x00000000       0x34 d:/ti/ccs1031/ccs/tools/compiler/gcc-arm-none-eabi-7-2017-q4-major-win32/bin/../lib/gcc/arm-none-eabi/7.2.1/../../../../arm-none-eabi/lib/thumb/v7e-m/fpv4-sp/hard\libc.a(lib_a-impure.o)
 .debug_frame   0x00000000       0x2c d:/ti/ccs1031/ccs/tools/compiler/gcc-arm-none-eabi-7-2017-q4-major-win32/bin/../lib/gcc/arm-none-eabi/7.2.1/../../../../arm-none-eabi/lib/thumb/v7e-m/fpv4-sp/hard\libc.a(lib_a-init.o)
 .ARM.attributes
                0x00000000       0x34 d:/ti/ccs1031/ccs/tools/compiler/gcc-arm-none-eabi-7-2017-q4-major-win32/bin/../lib/gcc/arm-none-eabi/7.2.1/../../../../arm-none-eabi/lib/thumb/v7e-m/fpv4-sp/hard\libc.a(lib_a-init.o)
 .debug_frame   0x00000000       0x38 d:/ti/ccs1031/ccs/tools/compiler/gcc-arm-none-eabi-7-2017-q4-major-win32/bin/../lib/gcc/arm-none-eabi/7.2.1/../../../../arm-none-eabi/lib/thumb/v7e-m/fpv4-sp/hard\libc.a(lib_a-memset.o)
 .ARM.attributes
                0x00000000       0x34 d:/ti/ccs1031/ccs/tools/compiler/gcc-arm-none-eabi-7-2017-q4-major-win32/bin/../lib/gcc/arm-none-eabi/7.2.1/../../../../arm-none-eabi/lib/thumb/v7e-m/fpv4-sp/hard\libc.a(lib_a-memset.o)
 .debug_frame   0x00000000       0x5c d:/ti/ccs1031/ccs/tools/compiler/gcc-arm-none-eabi-7-2017-q4-major-win32/bin/../lib/gcc/arm-none-eabi/7.2.1/../../../../arm-none-eabi/lib/thumb/v7e-m/fpv4-sp/hard\libc.a(lib_a-__call_atexit.o)
 .ARM.attributes
                0x00000000       0x34 d:/ti/ccs1031/ccs/tools/compiler/gcc-arm-none-eabi-7-2017-q4-major-win32/bin/../lib/gcc/arm-none-eabi/7.2.1/../../../../arm-none-eabi/lib/thumb/v7e-m/fpv4-sp/hard\libc.a(lib_a-__call_atexit.o)
 .debug_frame   0x00000000       0x20 d:/ti/ccs1031/ccs/tools/compiler/gcc-arm-none-eabi-7-2017-q4-major-win32/bin/../lib/gcc/arm-none-eabi/7.2.1/../../../../arm-none-eabi/lib/thumb/v7e-m/fpv4-sp/hard\libc.a(lib_a-atexit.o)
 .ARM.attributes
                0x00000000       0x34 d:/ti/ccs1031/ccs/tools/compiler/gcc-arm-none-eabi-7-2017-q4-major-win32/bin/../lib/gcc/arm-none-eabi/7.2.1/../../../../arm-none-eabi/lib/thumb/v7e-m/fpv4-sp/hard\libc.a(lib_a-atexit.o)
 .debug_frame   0x00000000       0x34 d:/ti/ccs1031/ccs/tools/compiler/gcc-arm-none-eabi-7-2017-q4-major-win32/bin/../lib/gcc/arm-none-eabi/7.2.1/../../../../arm-none-eabi/lib/thumb/v7e-m/fpv4-sp/hard\libc.a(lib_a-fini.o)
 .ARM.attributes
                0x00000000       0x34 d:/ti/ccs1031/ccs/tools/compiler/gcc-arm-none-eabi-7-2017-q4-major-win32/bin/../lib/gcc/arm-none-eabi/7.2.1/../../../../arm-none-eabi/lib/thumb/v7e-m/fpv4-sp/hard\libc.a(lib_a-fini.o)
 .debug_frame   0x00000000       0xb0 d:/ti/ccs1031/ccs/tools/compiler/gcc-arm-none-eabi-7-2017-q4-major-win32/bin/../lib/gcc/arm-none-eabi/7.2.1/../../../../arm-none-eabi/lib/thumb/v7e-m/fpv4-sp/hard\libc.a(lib_a-lock.o)
 .ARM.attributes
                0x00000000       0x34 d:/ti/ccs1031/ccs/tools/compiler/gcc-arm-none-eabi-7-2017-q4-major-win32/bin/../lib/gcc/arm-none-eabi/7.2.1/../../../../arm-none-eabi/lib/thumb/v7e-m/fpv4-sp/hard\libc.a(lib_a-lock.o)
 .debug_frame   0x00000000       0x34 d:/ti/ccs1031/ccs/tools/compiler/gcc-arm-none-eabi-7-2017-q4-major-win32/bin/../lib/gcc/arm-none-eabi/7.2.1/../../../../arm-none-eabi/lib/thumb/v7e-m/fpv4-sp/hard\libc.a(lib_a-__atexit.o)
 .ARM.attributes
                0x00000000       0x34 d:/ti/ccs1031/ccs/tools/compiler/gcc-arm-none-eabi-7-2017-q4-major-win32/bin/../lib/gcc/arm-none-eabi/7.2.1/../../../../arm-none-eabi/lib/thumb/v7e-m/fpv4-sp/hard\libc.a(lib_a-__atexit.o)
 .debug_frame   0x00000000       0xac d:/ti/ccs1031/ccs/tools/compiler/gcc-arm-none-eabi-7-2017-q4-major-win32/bin/../lib/gcc/arm-none-eabi/7.2.1/thumb/v7e-m/fpv4-sp/hard\libgcc.a(_arm_addsubdf3.o)
 .ARM.attributes
                0x00000000       0x22 d:/ti/ccs1031/ccs/tools/compiler/gcc-arm-none-eabi-7-2017-q4-major-win32/bin/../lib/gcc/arm-none-eabi/7.2.1/thumb/v7e-m/fpv4-sp/hard\libgcc.a(_arm_addsubdf3.o)
 .debug_frame   0x00000000       0x50 d:/ti/ccs1031/ccs/tools/compiler/gcc-arm-none-eabi-7-2017-q4-major-win32/bin/../lib/gcc/arm-none-eabi/7.2.1/thumb/v7e-m/fpv4-sp/hard\libgcc.a(_arm_muldivdf3.o)
 .ARM.attributes
                0x00000000       0x22 d:/ti/ccs1031/ccs/tools/compiler/gcc-arm-none-eabi-7-2017-q4-major-win32/bin/../lib/gcc/arm-none-eabi/7.2.1/thumb/v7e-m/fpv4-sp/hard\libgcc.a(_arm_muldivdf3.o)
 .debug_frame   0x00000000       0x24 d:/ti/ccs1031/ccs/tools/compiler/gcc-arm-none-eabi-7-2017-q4-major-win32/bin/../lib/gcc/arm-none-eabi/7.2.1/thumb/v7e-m/fpv4-sp/hard\libgcc.a(_arm_fixdfsi.o)
 .ARM.attributes
                0x00000000       0x22 d:/ti/ccs1031/ccs/tools/compiler/gcc-arm-none-eabi-7-2017-q4-major-win32/bin/../lib/gcc/arm-none-eabi/7.2.1/thumb/v7e-m/fpv4-sp/hard\libgcc.a(_arm_fixdfsi.o)
 .debug_frame   0x00000000       0x24 d:/ti/ccs1031/ccs/tools/compiler/gcc-arm-none-eabi-7-2017-q4-major-win32/bin/../lib/gcc/arm-none-eabi/7.2.1/thumb/v7e-m/fpv4-sp/hard\libgcc.a(_arm_fixunsdfsi.o)
 .ARM.attributes
                0x00000000       0x22 d:/ti/ccs1031/ccs/tools/compiler/gcc-arm-none-eabi-7-2017-q4-major-win32/bin/../lib/gcc/arm-none-eabi/7.2.1/thumb/v7e-m/fpv4-sp/hard\libgcc.a(_arm_fixunsdfsi.o)

Memory Configuration

Name             Origin             Length             Attributes
ROM              0x00000000         0x00040000         xr
RAM              0x20000000         0x00008000         xrw
*default*        0x00000000         0xffffffff

Linker script and memory map

LOAD d:/ti/ccs1031/ccs/tools/compiler/gcc-arm-none-eabi-7-2017-q4-major-win32/bin/../lib/gcc/arm-none-eabi/7.2.1/thumb/v7e-m/fpv4-sp/hard/crti.o
LOAD d:/ti/ccs1031/ccs/tools/compiler/gcc-arm-none-eabi-7-2017-q4-major-win32/bin/../lib/gcc/arm-none-eabi/7.2.1/thumb/v7e-m/fpv4-sp/hard/crtbegin.o
LOAD d:/ti/ccs1031/ccs/tools/compiler/gcc-arm-none-eabi-7-2017-q4-major-win32/bin/../lib/gcc/arm-none-eabi/7.2.1/../../../../arm-none-eabi/lib/thumb/v7e-m/fpv4-sp/hard/crt0.o
LOAD ./bsp.o
LOAD ./dev_mpu.o
LOAD ./dev_servomotor.o
LOAD ./dev_steppermotor.o
LOAD ./main.o
LOAD ./misc.o
LOAD ./php.o
LOAD ./php_adc.o
LOAD ./php_i2c.o
LOAD ./php_keypad.o
LOAD ./php_lcd.o
LOAD ./php_led.o
LOAD ./php_pwm.o
LOAD ./php_spi.o
LOAD ./php_switch.o
LOAD ./php_timer.o
LOAD ./php_uart.o
LOAD ./startup_tm4c_gnu.o
                0x00000200                STACK_SIZE = 0x200
                0x00000000                HEAP_SIZE = 0x0

.isr_vector     0x00000000      0x26c
 *(.isr_vector)
 .isr_vector    0x00000000      0x26c ./startup_tm4c_gnu.o
                0x00000000                g_pfnVectors
                0x0000026c                . = ALIGN (0x4)

.eh_frame       0x0000026c        0x4
 .eh_frame      0x0000026c        0x0 d:/ti/ccs1031/ccs/tools/compiler/gcc-arm-none-eabi-7-2017-q4-major-win32/bin/../lib/gcc/arm-none-eabi/7.2.1/thumb/v7e-m/fpv4-sp/hard/crtbegin.o
 .eh_frame      0x0000026c        0x4 d:/ti/ccs1031/ccs/tools/compiler/gcc-arm-none-eabi-7-2017-q4-major-win32/bin/../lib/gcc/arm-none-eabi/7.2.1/thumb/v7e-m/fpv4-sp/hard/crtend.o

.ARM.extab      0x00000270        0x0
 .ARM.extab     0x00000270        0x0 d:/ti/ccs1031/ccs/tools/compiler/gcc-arm-none-eabi-7-2017-q4-major-win32/bin/../lib/gcc/arm-none-eabi/7.2.1/../../../../arm-none-eabi/lib/thumb/v7e-m/fpv4-sp/hard/crt0.o

.ARM.exidx      0x00000270        0x8
 .ARM.exidx     0x00000270        0x8 d:/ti/ccs1031/ccs/tools/compiler/gcc-arm-none-eabi-7-2017-q4-major-win32/bin/../lib/gcc/arm-none-eabi/7.2.1/../../../../arm-none-eabi/lib/thumb/v7e-m/fpv4-sp/hard/crt0.o

.text           0x00000278     0x36b8
                0x00000278                . = ALIGN (0x4)
 *(.text)
 .text          0x00000278        0x0 d:/ti/ccs1031/ccs/tools/compiler/gcc-arm-none-eabi-7-2017-q4-major-win32/bin/../lib/gcc/arm-none-eabi/7.2.1/thumb/v7e-m/fpv4-sp/hard/crti.o
 .text          0x00000278       0x40 d:/ti/ccs1031/ccs/tools/compiler/gcc-arm-none-eabi-7-2017-q4-major-win32/bin/../lib/gcc/arm-none-eabi/7.2.1/thumb/v7e-m/fpv4-sp/hard/crtbegin.o
 .text          0x000002b8       0x74 d:/ti/ccs1031/ccs/tools/compiler/gcc-arm-none-eabi-7-2017-q4-major-win32/bin/../lib/gcc/arm-none-eabi/7.2.1/../../../../arm-none-eabi/lib/thumb/v7e-m/fpv4-sp/hard/crt0.o
                0x000002b8                _start
                0x000002b8                _mainCRTStartup
 .text          0x0000032c        0x0 ./bsp.o
 .text          0x0000032c        0x0 ./dev_mpu.o
 .text          0x0000032c        0x0 ./dev_servomotor.o
 .text          0x0000032c        0x0 ./dev_steppermotor.o
 .text          0x0000032c        0x0 ./main.o
 .text          0x0000032c        0x0 ./misc.o
 .text          0x0000032c        0x0 ./php.o
 .text          0x0000032c        0x0 ./php_adc.o
 .text          0x0000032c        0x0 ./php_i2c.o
 .text          0x0000032c        0x0 ./php_keypad.o
 .text          0x0000032c        0x0 ./php_lcd.o
 .text          0x0000032c        0x0 ./php_led.o
 .text          0x0000032c        0x0 ./php_pwm.o
 .text          0x0000032c        0x0 ./php_spi.o
 .text          0x0000032c        0x0 ./php_switch.o
 .text          0x0000032c        0x0 ./php_timer.o
 .text          0x0000032c        0x0 ./php_uart.o
 .text          0x0000032c        0x0 ./startup_tm4c_gnu.o
 .text          0x0000032c        0x0 d:/ti/ccs1031/ccs/tools/compiler/gcc-arm-none-eabi-7-2017-q4-major-win32/bin/../lib/gcc/arm-none-eabi/7.2.1/../../../../arm-none-eabi/lib/thumb/v7e-m/fpv4-sp/hard\libc.a(lib_a-exit.o)
 .text          0x0000032c        0x0 d:/ti/ccs1031/ccs/tools/compiler/gcc-arm-none-eabi-7-2017-q4-major-win32/bin/../lib/gcc/arm-none-eabi/7.2.1/../../../../arm-none-eabi/lib/thumb/v7e-m/fpv4-sp/hard\libc.a(lib_a-impure.o)
 .text          0x0000032c        0x0 d:/ti/ccs1031/ccs/tools/compiler/gcc-arm-none-eabi-7-2017-q4-major-win32/bin/../lib/gcc/arm-none-eabi/7.2.1/../../../../arm-none-eabi/lib/thumb/v7e-m/fpv4-sp/hard\libc.a(lib_a-init.o)
 .text          0x0000032c        0x0 d:/ti/ccs1031/ccs/tools/compiler/gcc-arm-none-eabi-7-2017-q4-major-win32/bin/../lib/gcc/arm-none-eabi/7.2.1/../../../../arm-none-eabi/lib/thumb/v7e-m/fpv4-sp/hard\libc.a(lib_a-memset.o)
 .text          0x0000032c        0x0 d:/ti/ccs1031/ccs/tools/compiler/gcc-arm-none-eabi-7-2017-q4-major-win32/bin/../lib/gcc/arm-none-eabi/7.2.1/../../../../arm-none-eabi/lib/thumb/v7e-m/fpv4-sp/hard\libc.a(lib_a-__call_atexit.o)
 .text          0x0000032c        0x0 d:/ti/ccs1031/ccs/tools/compiler/gcc-arm-none-eabi-7-2017-q4-major-win32/bin/../lib/gcc/arm-none-eabi/7.2.1/../../../../arm-none-eabi/lib/thumb/v7e-m/fpv4-sp/hard\libc.a(lib_a-atexit.o)
 .text          0x0000032c        0x0 d:/ti/ccs1031/ccs/tools/compiler/gcc-arm-none-eabi-7-2017-q4-major-win32/bin/../lib/gcc/arm-none-eabi/7.2.1/../../../../arm-none-eabi/lib/thumb/v7e-m/fpv4-sp/hard\libc.a(lib_a-fini.o)
 .text          0x0000032c        0x0 d:/ti/ccs1031/ccs/tools/compiler/gcc-arm-none-eabi-7-2017-q4-major-win32/bin/../lib/gcc/arm-none-eabi/7.2.1/../../../../arm-none-eabi/lib/thumb/v7e-m/fpv4-sp/hard\libc.a(lib_a-lock.o)
 .text          0x0000032c        0x0 d:/ti/ccs1031/ccs/tools/compiler/gcc-arm-none-eabi-7-2017-q4-major-win32/bin/../lib/gcc/arm-none-eabi/7.2.1/../../../../arm-none-eabi/lib/thumb/v7e-m/fpv4-sp/hard\libc.a(lib_a-__atexit.o)
 .text          0x0000032c      0x378 d:/ti/ccs1031/ccs/tools/compiler/gcc-arm-none-eabi-7-2017-q4-major-win32/bin/../lib/gcc/arm-none-eabi/7.2.1/thumb/v7e-m/fpv4-sp/hard\libgcc.a(_arm_addsubdf3.o)
                0x0000032c                __aeabi_drsub
                0x00000334                __aeabi_dsub
                0x00000334                __subdf3
                0x00000338                __aeabi_dadd
                0x00000338                __adddf3
                0x000005b0                __floatunsidf
                0x000005b0                __aeabi_ui2d
                0x000005d0                __floatsidf
                0x000005d0                __aeabi_i2d
                0x000005f4                __aeabi_f2d
                0x000005f4                __extendsfdf2
                0x00000638                __floatundidf
                0x00000638                __aeabi_ul2d
                0x00000648                __floatdidf
                0x00000648                __aeabi_l2d
 .text          0x000006a4      0x424 d:/ti/ccs1031/ccs/tools/compiler/gcc-arm-none-eabi-7-2017-q4-major-win32/bin/../lib/gcc/arm-none-eabi/7.2.1/thumb/v7e-m/fpv4-sp/hard\libgcc.a(_arm_muldivdf3.o)
                0x000006a4                __aeabi_dmul
                0x000006a4                __muldf3
                0x000008f8                __divdf3
                0x000008f8                __aeabi_ddiv
 .text          0x00000ac8       0x50 d:/ti/ccs1031/ccs/tools/compiler/gcc-arm-none-eabi-7-2017-q4-major-win32/bin/../lib/gcc/arm-none-eabi/7.2.1/thumb/v7e-m/fpv4-sp/hard\libgcc.a(_arm_fixdfsi.o)
                0x00000ac8                __aeabi_d2iz
                0x00000ac8                __fixdfsi
 .text          0x00000b18       0x40 d:/ti/ccs1031/ccs/tools/compiler/gcc-arm-none-eabi-7-2017-q4-major-win32/bin/../lib/gcc/arm-none-eabi/7.2.1/thumb/v7e-m/fpv4-sp/hard\libgcc.a(_arm_fixunsdfsi.o)
                0x00000b18                __aeabi_d2uiz
                0x00000b18                __fixunsdfsi
 .text          0x00000b58        0x0 d:/ti/ccs1031/ccs/tools/compiler/gcc-arm-none-eabi-7-2017-q4-major-win32/bin/../lib/gcc/arm-none-eabi/7.2.1/../../../../arm-none-eabi/lib/thumb/v7e-m/fpv4-sp/hard\libnosys.a(_exit.o)
 .text          0x00000b58        0x0 d:/ti/ccs1031/ccs/tools/compiler/gcc-arm-none-eabi-7-2017-q4-major-win32/bin/../lib/gcc/arm-none-eabi/7.2.1/thumb/v7e-m/fpv4-sp/hard/crtend.o
 .text          0x00000b58        0x0 d:/ti/ccs1031/ccs/tools/compiler/gcc-arm-none-eabi-7-2017-q4-major-win32/bin/../lib/gcc/arm-none-eabi/7.2.1/thumb/v7e-m/fpv4-sp/hard/crtn.o
 *(.text*)
 .text.__NVIC_SystemReset
                0x00000b58       0x28 ./bsp.o
 .text.BSP_init
                0x00000b80       0x18 ./bsp.o
                0x00000b80                BSP_init
 .text.BSP_LCD_ReturnHome
                0x00000b98        0xe ./bsp.o
                0x00000b98                BSP_LCD_ReturnHome
 .text.BSP_LCD_ClearDisplay
                0x00000ba6        0xe ./bsp.o
                0x00000ba6                BSP_LCD_ClearDisplay
 .text.BSP_LCD_DisplayOff
                0x00000bb4        0xe ./bsp.o
                0x00000bb4                BSP_LCD_DisplayOff
 .text.BSP_LCD_PrintStringData
                0x00000bc2       0x28 ./bsp.o
                0x00000bc2                BSP_LCD_PrintStringData
 *fill*         0x00000bea        0x2 
 .text.BSP_LCD_NibbleWrite
                0x00000bec       0x64 ./bsp.o
                0x00000bec                BSP_LCD_NibbleWrite
 .text.BSP_LCD_Command
                0x00000c50       0x44 ./bsp.o
                0x00000c50                BSP_LCD_Command
 .text.BSP_LCD_Data
                0x00000c94       0x36 ./bsp.o
                0x00000c94                BSP_LCD_Data
 .text.BSP_LCD_Init
                0x00000cca       0x7c ./bsp.o
                0x00000cca                BSP_LCD_Init
 *fill*         0x00000d46        0x2 
 .text.BSP_LCD_Test
                0x00000d48       0x3c ./bsp.o
                0x00000d48                BSP_LCD_Test
 .text.BSP_UART_Test
                0x00000d84       0x50 ./bsp.o
                0x00000d84                BSP_UART_Test
 .text.BSP_TIMER_SYSTICK_Test_01
                0x00000dd4       0x24 ./bsp.o
                0x00000dd4                BSP_TIMER_SYSTICK_Test_01
 .text.BSP_TIMER_SYSTICK_Test_02
                0x00000df8       0x24 ./bsp.o
                0x00000df8                BSP_TIMER_SYSTICK_Test_02
 .text.BSP_TIMER_A_Test_03
                0x00000e1c       0x38 ./bsp.o
                0x00000e1c                BSP_TIMER_A_Test_03
 .text.BSP_TIMER_A_Test_04
                0x00000e54       0x2c ./bsp.o
                0x00000e54                BSP_TIMER_A_Test_04
 .text.BSP_TIMER_A_Test_05
                0x00000e80       0x28 ./bsp.o
                0x00000e80                BSP_TIMER_A_Test_05
 .text.BSP_INTERRUPT_Test_01
                0x00000ea8       0x3c ./bsp.o
                0x00000ea8                BSP_INTERRUPT_Test_01
 .text.BSP_SysClock_Freq_Test_Exec
                0x00000ee4        0xc ./bsp.o
                0x00000ee4                BSP_SysClock_Freq_Test_Exec
 .text.BSP_ADC_Test_01
                0x00000ef0       0xc0 ./bsp.o
                0x00000ef0                BSP_ADC_Test_01
 .text.BSP_MPU_I2C_Test
                0x00000fb0      0x1c0 ./bsp.o
                0x00000fb0                BSP_MPU_I2C_Test
 .text.BSP_STEPPERMOTOR_Test
                0x00001170       0x3c ./bsp.o
                0x00001170                BSP_STEPPERMOTOR_Test
 .text.BSP_SERVOMOTOR_Test
                0x000011ac       0x62 ./bsp.o
                0x000011ac                BSP_SERVOMOTOR_Test
 .text.BSP_DelayUs
                0x0000120e       0x16 ./bsp.o
                0x0000120e                BSP_DelayUs
 .text.BSP_DelayMs
                0x00001224       0x16 ./bsp.o
                0x00001224                BSP_DelayMs
 *fill*         0x0000123a        0x2 
 .text.BSP_DelaySec
                0x0000123c       0x20 ./bsp.o
                0x0000123c                BSP_DelaySec
 .text.Q_onAssert
                0x0000125c        0xe ./bsp.o
                0x0000125c                Q_onAssert
 .text.assert_failed
                0x0000126a        0x4 ./bsp.o
                0x0000126a                assert_failed
 *fill*         0x0000126e        0x2 
 .text.BSP_Int2CharStr
                0x00001270       0x9c ./bsp.o
                0x00001270                BSP_Int2CharStr
 .text.GPIOPortF_IRQHandler
                0x0000130c       0xb8 ./bsp.o
                0x0000130c                GPIOPortF_IRQHandler
 .text.UART0_IRQHandler
                0x000013c4       0x3c ./bsp.o
                0x000013c4                UART0_IRQHandler
 .text.UART1_IRQHandler
                0x00001400       0x3c ./bsp.o
                0x00001400                UART1_IRQHandler
 .text.DEV_MPU_Init
                0x0000143c      0x160 ./dev_mpu.o
                0x0000143c                DEV_MPU_Init
 .text.SERVOMOTOR_Init
                0x0000159c       0x68 ./dev_servomotor.o
                0x0000159c                SERVOMOTOR_Init
 .text.SERVOMOTOR_PWM_Init
                0x00001604        0xe ./dev_servomotor.o
                0x00001604                SERVOMOTOR_PWM_Init
 *fill*         0x00001612        0x2 
 .text.SERVOMOTOR_Rotate_PWM
                0x00001614       0x2c ./dev_servomotor.o
                0x00001614                SERVOMOTOR_Rotate_PWM
 .text.SERVOMOTOR_Rotate
                0x00001640       0x60 ./dev_servomotor.o
                0x00001640                SERVOMOTOR_Rotate
 .text.StepperMotor_Init
                0x000016a0       0x68 ./dev_steppermotor.o
                0x000016a0                StepperMotor_Init
 .text.STEPPERMOTOR_Rotate_CW
                0x00001708       0x48 ./dev_steppermotor.o
                0x00001708                STEPPERMOTOR_Rotate_CW
 .text.STEPPERMOTOR_Rotate_CCW
                0x00001750       0x48 ./dev_steppermotor.o
                0x00001750                STEPPERMOTOR_Rotate_CCW
 .text.STEPPERMOTOR_Rotate
                0x00001798       0x20 ./dev_steppermotor.o
                0x00001798                STEPPERMOTOR_Rotate
 .text.main     0x000017b8        0xe ./main.o
                0x000017b8                main
 *fill*         0x000017c6        0x2 
 .text.SystemInit
                0x000017c8       0x24 ./main.o
                0x000017c8                SystemInit
 .text.MISC_MyPow
                0x000017ec       0x50 ./misc.o
                0x000017ec                MISC_MyPow
 .text.MISC_DivByFloat
                0x0000183c       0x5e ./misc.o
                0x0000183c                MISC_DivByFloat
 *fill*         0x0000189a        0x2 
 .text.PHP_SysClock_InitFastest
                0x0000189c       0xac ./php.o
                0x0000189c                PHP_SysClock_InitFastest
 .text.PHP_SysClock_GetFreq
                0x00001948       0x18 ./php.o
                0x00001948                PHP_SysClock_GetFreq
 .text.PHP_TIMER_SYSTICK_Init
                0x00001960       0x30 ./php.o
                0x00001960                PHP_TIMER_SYSTICK_Init
 .text.PHP_TIMER_SYSTICK_DelayMs
                0x00001990       0x4c ./php.o
                0x00001990                PHP_TIMER_SYSTICK_DelayMs
 .text.PHP_SysClock_Freq_Test_Init
                0x000019dc       0x74 ./php.o
                0x000019dc                PHP_SysClock_Freq_Test_Init
 .text.PHP_SysClock_Freq_Test_Exec
                0x00001a50       0x34 ./php.o
                0x00001a50                PHP_SysClock_Freq_Test_Exec
 .text.PHP_DelayUs
                0x00001a84       0x20 ./php.o
                0x00001a84                PHP_DelayUs
 .text.PHP_DelayMs
                0x00001aa4       0x20 ./php.o
                0x00001aa4                PHP_DelayMs
 .text.PHP_DelaySec
                0x00001ac4       0x20 ./php.o
                0x00001ac4                PHP_DelaySec
 .text.PHP_ADC_Init_SW_Trig
                0x00001ae4       0xb8 ./php_adc.o
                0x00001ae4                PHP_ADC_Init_SW_Trig
 .text.PHP_ADC_Init_WTIMER_A_Ms_Trig
                0x00001b9c      0x104 ./php_adc.o
                0x00001b9c                PHP_ADC_Init_WTIMER_A_Ms_Trig
 .text.PHP_I2C_Init
                0x00001ca0       0xd0 ./php_i2c.o
                0x00001ca0                PHP_I2C_Init
 .text.PHP_I2C_Wait
                0x00001d70       0x2a ./php_i2c.o
                0x00001d70                PHP_I2C_Wait
 *fill*         0x00001d9a        0x2 
 .text.PHP_I2C_ByteWrite
                0x00001d9c       0x90 ./php_i2c.o
                0x00001d9c                PHP_I2C_ByteWrite
 .text.PHP_I2C_BurstWrite
                0x00001e2c       0xc4 ./php_i2c.o
                0x00001e2c                PHP_I2C_BurstWrite
 .text.PHP_I2C_ByteRead
                0x00001ef0       0x7e ./php_i2c.o
                0x00001ef0                PHP_I2C_ByteRead
 .text.PHP_I2C_BurstRead
                0x00001f6e      0x106 ./php_i2c.o
                0x00001f6e                PHP_I2C_BurstRead
 .text.PHP_KEYPAD_Init
                0x00002074       0xcc ./php_keypad.o
                0x00002074                PHP_KEYPAD_Init
 .text.PHP_KEYPAD_GetKey
                0x00002140      0x140 ./php_keypad.o
                0x00002140                PHP_KEYPAD_GetKey
 .text.PHP_KEYPAD_GetChar
                0x00002280       0x42 ./php_keypad.o
                0x00002280                PHP_KEYPAD_GetChar
 *fill*         0x000022c2        0x2 
 .text.PHP_LCD_Init
                0x000022c4       0x68 ./php_lcd.o
                0x000022c4                PHP_LCD_Init
 .text.PHP_LED_Init
                0x0000232c       0x68 ./php_led.o
                0x0000232c                PHP_LED_Init
 .text.PHP_LED_Toggle_Green
                0x00002394       0x2c ./php_led.o
                0x00002394                PHP_LED_Toggle_Green
 .text.PHP_LED_Toggle_Red
                0x000023c0       0x2c ./php_led.o
                0x000023c0                PHP_LED_Toggle_Red
 .text.PHP_LED_Toggle_Blue
                0x000023ec       0x2c ./php_led.o
                0x000023ec                PHP_LED_Toggle_Blue
 .text.PWM_Init
                0x00002418      0x124 ./php_pwm.o
                0x00002418                PWM_Init
 .text.PWM_SetDutyCycle
                0x0000253c       0x68 ./php_pwm.o
                0x0000253c                PWM_SetDutyCycle
 .text.PHP_SPI_SSInClk_Configure
                0x000025a4       0x8a ./php_spi.o
                0x000025a4                PHP_SPI_SSInClk_Configure
 *fill*         0x0000262e        0x2 
 .text.PHP_SPI_SSI_Init
                0x00002630      0x160 ./php_spi.o
                0x00002630                PHP_SPI_SSI_Init
 .text.__NVIC_EnableIRQ
                0x00002790       0x3c ./php_switch.o
 .text.__NVIC_SetPriority
                0x000027cc       0x54 ./php_switch.o
 .text.PHP_SWITCH_Init
                0x00002820       0xc4 ./php_switch.o
                0x00002820                PHP_SWITCH_Init
 .text.PHP_TIMER_A_OneShotMode_Delay_Us_Ms
                0x000028e4       0xd4 ./php_timer.o
                0x000028e4                PHP_TIMER_A_OneShotMode_Delay_Us_Ms
 .text.PHP_TIMER_B_OneShotMode_Delay_Us_Ms
                0x000029b8       0xd4 ./php_timer.o
                0x000029b8                PHP_TIMER_B_OneShotMode_Delay_Us_Ms
 .text.PHP_TIMER_A_PeriodicMode_Delay_Us_Ms
                0x00002a8c       0xf0 ./php_timer.o
                0x00002a8c                PHP_TIMER_A_PeriodicMode_Delay_Us_Ms
 .text.PHP_TIMER_B_PeriodicMode_Delay_Us_Ms
                0x00002b7c       0xf0 ./php_timer.o
                0x00002b7c                PHP_TIMER_B_PeriodicMode_Delay_Us_Ms
 .text.PHP_TIMER0_A_CaptureMode_EdgeTime_Init
                0x00002c6c       0xcc ./php_timer.o
                0x00002c6c                PHP_TIMER0_A_CaptureMode_EdgeTime_Init
 .text.PHP_TIMER0_A_EdgeTimeCapture
                0x00002d38       0x60 ./php_timer.o
                0x00002d38                PHP_TIMER0_A_EdgeTimeCapture
 .text.PHP_TIMER3_A_CaptureMode_EdgeCount_Init
                0x00002d98       0xd8 ./php_timer.o
                0x00002d98                PHP_TIMER3_A_CaptureMode_EdgeCount_Init
 .text.PHP_TIMER3_A_EdgeCountCapture
                0x00002e70       0x18 ./php_timer.o
                0x00002e70                PHP_TIMER3_A_EdgeCountCapture
 .text.PHP_TIMER_WIDE_A_OneShotMode_DelaySec
                0x00002e88       0xa0 ./php_timer.o
                0x00002e88                PHP_TIMER_WIDE_A_OneShotMode_DelaySec
 .text.PHP_TIMER_A_PWM_Init
                0x00002f28       0xe8 ./php_timer.o
                0x00002f28                PHP_TIMER_A_PWM_Init
 .text.__NVIC_EnableIRQ
                0x00003010       0x3c ./php_uart.o
 .text.__NVIC_SetPriority
                0x0000304c       0x54 ./php_uart.o
 .text.PHP_UART0_Init
                0x000030a0      0x150 ./php_uart.o
                0x000030a0                PHP_UART0_Init
 .text.PHP_UART1_Init
                0x000031f0      0x140 ./php_uart.o
                0x000031f0                PHP_UART1_Init
 .text.PHP_UART_Rx
                0x00003330       0x2a ./php_uart.o
                0x00003330                PHP_UART_Rx
 .text.PHP_UART_Tx
                0x0000335a       0x2c ./php_uart.o
                0x0000335a                PHP_UART_Tx
 .text.PHP_UART_TxString
                0x00003386       0x2c ./php_uart.o
                0x00003386                PHP_UART_TxString
 *fill*         0x000033b2        0x2 
 .text.Reset_Handler
                0x000033b4       0x88 ./startup_tm4c_gnu.o
                0x000033b4                Reset_Handler
 .text.NMI_Handler
                0x0000343c       0x18 ./startup_tm4c_gnu.o
                0x0000343c                NMI_Handler
 .text.MemManage_Handler
                0x00003454       0x1c ./startup_tm4c_gnu.o
                0x00003454                MemManage_Handler
 .text.HardFault_Handler
                0x00003470       0x1c ./startup_tm4c_gnu.o
                0x00003470                HardFault_Handler
 .text.BusFault_Handler
                0x0000348c       0x1c ./startup_tm4c_gnu.o
                0x0000348c                BusFault_Handler
 .text.UsageFault_Handler
                0x000034a8       0x20 ./startup_tm4c_gnu.o
                0x000034a8                UsageFault_Handler
 .text.Default_Handler
                0x000034c8       0x1c ./startup_tm4c_gnu.o
                0x000034c8                uDMAST_IRQHandler
                0x000034c8                GPIOPortP4_IRQHandler
                0x000034c8                PWM1Gen3_IRQHandler
                0x000034c8                WideTimer5B_IRQHandler
                0x000034c8                DebugMon_Handler
                0x000034c8                QEI2_IRQHandler
                0x000034c8                FlashCtrl_IRQHandler
                0x000034c8                GPIOPortP7_IRQHandler
                0x000034c8                Timer0B_IRQHandler
                0x000034c8                I2C0_IRQHandler
                0x000034c8                SysTick_Handler
                0x000034c8                WideTimer4B_IRQHandler
                0x000034c8                PendSV_Handler
                0x000034c8                I2C1_IRQHandler
                0x000034c8                GPIOPortP5_IRQHandler
                0x000034c8                PWMGen0_IRQHandler
                0x000034c8                CAN1_IRQHandler
                0x000034c8                Timer1B_IRQHandler
                0x000034c8                Watchdog_IRQHandler
                0x000034c8                GPIOPortS_IRQHandler
                0x000034c8                GPIOPortQ7_IRQHandler
                0x000034c8                PWM1Gen2_IRQHandler
                0x000034c8                GPIOPortL_IRQHandler
                0x000034c8                SSI0_IRQHandler
                0x000034c8                GPIOPortM_IRQHandler
                0x000034c8                FPU_IRQHandler
                0x000034c8                ADCSeq1_IRQHandler
                0x000034c8                GPIOPortP0_IRQHandler
                0x000034c8                WideTimer0B_IRQHandler
                0x000034c8                PWMFault_IRQHandler
                0x000034c8                WideTimer1A_IRQHandler
                0x000034c8                I2C5_IRQHandler
                0x000034c8                I2C4_IRQHandler
                0x000034c8                GPIOPortQ5_IRQHandler
                0x000034c8                PWMGen1_IRQHandler
                0x000034c8                SSI1_IRQHandler
                0x000034c8                I2C2_IRQHandler
                0x000034c8                UART5_IRQHandler
                0x000034c8                GPIOPortC_IRQHandler
                0x000034c8                GPIOPortK_IRQHandler
                0x000034c8                ADCSeq2_IRQHandler
                0x000034c8                PWMGen2_IRQHandler
                0x000034c8                UART2_IRQHandler
                0x000034c8                GPIOPortP3_IRQHandler
                0x000034c8                ADC1Seq0_IRQHandler
                0x000034c8                UART4_IRQHandler
                0x000034c8                GPIOPortJ_IRQHandler
                0x000034c8                Default_Handler
                0x000034c8                WideTimer0A_IRQHandler
                0x000034c8                Timer5A_IRQHandler
                0x000034c8                WideTimer3B_IRQHandler
                0x000034c8                WideTimer2B_IRQHandler
                0x000034c8                WideTimer5A_IRQHandler
                0x000034c8                Timer4A_IRQHandler
                0x000034c8                QEI1_IRQHandler
                0x000034c8                PWM1Fault_IRQHandler
                0x000034c8                GPIOPortP6_IRQHandler
                0x000034c8                QEI0_IRQHandler
                0x000034c8                ADC1Seq2_IRQHandler
                0x000034c8                ADC1Seq1_IRQHandler
                0x000034c8                PWMGen3_IRQHandler
                0x000034c8                GPIOPortD_IRQHandler
                0x000034c8                USB0_IRQHandler
                0x000034c8                I2C3_IRQHandler
                0x000034c8                SVC_Handler
                0x000034c8                GPIOPortP2_IRQHandler
                0x000034c8                GPIOPortQ4_IRQHandler
                0x000034c8                Timer3B_IRQHandler
                0x000034c8                Timer3A_IRQHandler
                0x000034c8                GPIOPortA_IRQHandler
                0x000034c8                ADC1Seq3_IRQHandler
                0x000034c8                Timer0A_IRQHandler
                0x000034c8                GPIOPortP1_IRQHandler
                0x000034c8                ADCSeq0_IRQHandler
                0x000034c8                Timer1A_IRQHandler
                0x000034c8                GPIOPortG_IRQHandler
                0x000034c8                GPIOPortQ3_IRQHandler
                0x000034c8                GPIOPortQ1_IRQHandler
                0x000034c8                Timer5B_IRQHandler
                0x000034c8                ADCSeq3_IRQHandler
                0x000034c8                WideTimer4A_IRQHandler
                0x000034c8                GPIOPortE_IRQHandler
                0x000034c8                CAN0_IRQHandler
                0x000034c8                GPIOPortQ0_IRQHandler
                0x000034c8                Comp0_IRQHandler
                0x000034c8                Comp1_IRQHandler
                0x000034c8                Comp2_IRQHandler
                0x000034c8                GPIOPortQ6_IRQHandler
                0x000034c8                SSI2_IRQHandler
                0x000034c8                PWM1Gen0_IRQHandler
                0x000034c8                UART7_IRQHandler
                0x000034c8                UART6_IRQHandler
                0x000034c8                WideTimer2A_IRQHandler
                0x000034c8                GPIOPortB_IRQHandler
                0x000034c8                WideTimer3A_IRQHandler
                0x000034c8                CAN2_IRQHandler
                0x000034c8                WideTimer1B_IRQHandler
                0x000034c8                GPIOPortH_IRQHandler
                0x000034c8                GPIOPortQ2_IRQHandler
                0x000034c8                GPIOPortR_IRQHandler
                0x000034c8                Timer4B_IRQHandler
                0x000034c8                Timer2A_IRQHandler
                0x000034c8                SSI3_IRQHandler
                0x000034c8                Timer2B_IRQHandler
                0x000034c8                uDMAError_IRQHandler
                0x000034c8                GPIOPortN_IRQHandler
                0x000034c8                UART3_IRQHandler
                0x000034c8                SysCtrl_IRQHandler
                0x000034c8                Hibernate_IRQHandler
                0x000034c8                PWM1Gen1_IRQHandler
 .text.exit     0x000034e4       0x20 d:/ti/ccs1031/ccs/tools/compiler/gcc-arm-none-eabi-7-2017-q4-major-win32/bin/../lib/gcc/arm-none-eabi/7.2.1/../../../../arm-none-eabi/lib/thumb/v7e-m/fpv4-sp/hard\libc.a(lib_a-exit.o)
                0x000034e4                exit
 .text.__libc_init_array
                0x00003504       0x48 d:/ti/ccs1031/ccs/tools/compiler/gcc-arm-none-eabi-7-2017-q4-major-win32/bin/../lib/gcc/arm-none-eabi/7.2.1/../../../../arm-none-eabi/lib/thumb/v7e-m/fpv4-sp/hard\libc.a(lib_a-init.o)
                0x00003504                __libc_init_array
 .text.memset   0x0000354c       0x94 d:/ti/ccs1031/ccs/tools/compiler/gcc-arm-none-eabi-7-2017-q4-major-win32/bin/../lib/gcc/arm-none-eabi/7.2.1/../../../../arm-none-eabi/lib/thumb/v7e-m/fpv4-sp/hard\libc.a(lib_a-memset.o)
                0x0000354c                memset
 .text.startup.register_fini
                0x000035e0       0x14 d:/ti/ccs1031/ccs/tools/compiler/gcc-arm-none-eabi-7-2017-q4-major-win32/bin/../lib/gcc/arm-none-eabi/7.2.1/../../../../arm-none-eabi/lib/thumb/v7e-m/fpv4-sp/hard\libc.a(lib_a-__call_atexit.o)
 .text.__call_exitprocs
                0x000035f4       0xe8 d:/ti/ccs1031/ccs/tools/compiler/gcc-arm-none-eabi-7-2017-q4-major-win32/bin/../lib/gcc/arm-none-eabi/7.2.1/../../../../arm-none-eabi/lib/thumb/v7e-m/fpv4-sp/hard\libc.a(lib_a-__call_atexit.o)
                0x000035f4                __call_exitprocs
 .text.atexit   0x000036dc        0xc d:/ti/ccs1031/ccs/tools/compiler/gcc-arm-none-eabi-7-2017-q4-major-win32/bin/../lib/gcc/arm-none-eabi/7.2.1/../../../../arm-none-eabi/lib/thumb/v7e-m/fpv4-sp/hard\libc.a(lib_a-atexit.o)
                0x000036dc                atexit
 .text.__libc_fini_array
                0x000036e8       0x34 d:/ti/ccs1031/ccs/tools/compiler/gcc-arm-none-eabi-7-2017-q4-major-win32/bin/../lib/gcc/arm-none-eabi/7.2.1/../../../../arm-none-eabi/lib/thumb/v7e-m/fpv4-sp/hard\libc.a(lib_a-fini.o)
                0x000036e8                __libc_fini_array
 .text.__retarget_lock_init
                0x0000371c        0x4 d:/ti/ccs1031/ccs/tools/compiler/gcc-arm-none-eabi-7-2017-q4-major-win32/bin/../lib/gcc/arm-none-eabi/7.2.1/../../../../arm-none-eabi/lib/thumb/v7e-m/fpv4-sp/hard\libc.a(lib_a-lock.o)
                0x0000371c                __retarget_lock_init
 .text.__retarget_lock_init_recursive
                0x00003720        0x4 d:/ti/ccs1031/ccs/tools/compiler/gcc-arm-none-eabi-7-2017-q4-major-win32/bin/../lib/gcc/arm-none-eabi/7.2.1/../../../../arm-none-eabi/lib/thumb/v7e-m/fpv4-sp/hard\libc.a(lib_a-lock.o)
                0x00003720                __retarget_lock_init_recursive
 .text.__retarget_lock_close
                0x00003724        0x4 d:/ti/ccs1031/ccs/tools/compiler/gcc-arm-none-eabi-7-2017-q4-major-win32/bin/../lib/gcc/arm-none-eabi/7.2.1/../../../../arm-none-eabi/lib/thumb/v7e-m/fpv4-sp/hard\libc.a(lib_a-lock.o)
                0x00003724                __retarget_lock_close
 .text.__retarget_lock_close_recursive
                0x00003728        0x4 d:/ti/ccs1031/ccs/tools/compiler/gcc-arm-none-eabi-7-2017-q4-major-win32/bin/../lib/gcc/arm-none-eabi/7.2.1/../../../../arm-none-eabi/lib/thumb/v7e-m/fpv4-sp/hard\libc.a(lib_a-lock.o)
                0x00003728                __retarget_lock_close_recursive
 .text.__retarget_lock_acquire
                0x0000372c        0x4 d:/ti/ccs1031/ccs/tools/compiler/gcc-arm-none-eabi-7-2017-q4-major-win32/bin/../lib/gcc/arm-none-eabi/7.2.1/../../../../arm-none-eabi/lib/thumb/v7e-m/fpv4-sp/hard\libc.a(lib_a-lock.o)
                0x0000372c                __retarget_lock_acquire
 .text.__retarget_lock_acquire_recursive
                0x00003730        0x4 d:/ti/ccs1031/ccs/tools/compiler/gcc-arm-none-eabi-7-2017-q4-major-win32/bin/../lib/gcc/arm-none-eabi/7.2.1/../../../../arm-none-eabi/lib/thumb/v7e-m/fpv4-sp/hard\libc.a(lib_a-lock.o)
                0x00003730                __retarget_lock_acquire_recursive
 .text.__retarget_lock_try_acquire
                0x00003734        0x4 d:/ti/ccs1031/ccs/tools/compiler/gcc-arm-none-eabi-7-2017-q4-major-win32/bin/../lib/gcc/arm-none-eabi/7.2.1/../../../../arm-none-eabi/lib/thumb/v7e-m/fpv4-sp/hard\libc.a(lib_a-lock.o)
                0x00003734                __retarget_lock_try_acquire
 .text.__retarget_lock_try_acquire_recursive
                0x00003738        0x4 d:/ti/ccs1031/ccs/tools/compiler/gcc-arm-none-eabi-7-2017-q4-major-win32/bin/../lib/gcc/arm-none-eabi/7.2.1/../../../../arm-none-eabi/lib/thumb/v7e-m/fpv4-sp/hard\libc.a(lib_a-lock.o)
                0x00003738                __retarget_lock_try_acquire_recursive
 .text.__retarget_lock_release
                0x0000373c        0x4 d:/ti/ccs1031/ccs/tools/compiler/gcc-arm-none-eabi-7-2017-q4-major-win32/bin/../lib/gcc/arm-none-eabi/7.2.1/../../../../arm-none-eabi/lib/thumb/v7e-m/fpv4-sp/hard\libc.a(lib_a-lock.o)
                0x0000373c                __retarget_lock_release
 .text.__retarget_lock_release_recursive
                0x00003740        0x4 d:/ti/ccs1031/ccs/tools/compiler/gcc-arm-none-eabi-7-2017-q4-major-win32/bin/../lib/gcc/arm-none-eabi/7.2.1/../../../../arm-none-eabi/lib/thumb/v7e-m/fpv4-sp/hard\libc.a(lib_a-lock.o)
                0x00003740                __retarget_lock_release_recursive
 .text.__register_exitproc
                0x00003744       0xc0 d:/ti/ccs1031/ccs/tools/compiler/gcc-arm-none-eabi-7-2017-q4-major-win32/bin/../lib/gcc/arm-none-eabi/7.2.1/../../../../arm-none-eabi/lib/thumb/v7e-m/fpv4-sp/hard\libc.a(lib_a-__atexit.o)
                0x00003744                __register_exitproc
 .text._exit    0x00003804        0x4 d:/ti/ccs1031/ccs/tools/compiler/gcc-arm-none-eabi-7-2017-q4-major-win32/bin/../lib/gcc/arm-none-eabi/7.2.1/../../../../arm-none-eabi/lib/thumb/v7e-m/fpv4-sp/hard\libnosys.a(_exit.o)
                0x00003804                _exit
 *(.rodata)
 .rodata        0x00003808       0x73 ./bsp.o
 *fill*         0x0000387b        0x1 
 .rodata        0x0000387c       0x75 ./dev_mpu.o
 *fill*         0x000038f1        0x3 
 .rodata        0x000038f4       0x10 ./php_keypad.o
 .rodata        0x00003904        0xe ./startup_tm4c_gnu.o
 *(.rodata*)
 *fill*         0x00003912        0x2 
 .rodata._global_impure_ptr
                0x00003914        0x4 d:/ti/ccs1031/ccs/tools/compiler/gcc-arm-none-eabi-7-2017-q4-major-win32/bin/../lib/gcc/arm-none-eabi/7.2.1/../../../../arm-none-eabi/lib/thumb/v7e-m/fpv4-sp/hard\libc.a(lib_a-impure.o)
                0x00003914                _global_impure_ptr
 *(.init)
 .init          0x00003918        0x4 d:/ti/ccs1031/ccs/tools/compiler/gcc-arm-none-eabi-7-2017-q4-major-win32/bin/../lib/gcc/arm-none-eabi/7.2.1/thumb/v7e-m/fpv4-sp/hard/crti.o
                0x00003918                _init
 .init          0x0000391c        0x8 d:/ti/ccs1031/ccs/tools/compiler/gcc-arm-none-eabi-7-2017-q4-major-win32/bin/../lib/gcc/arm-none-eabi/7.2.1/thumb/v7e-m/fpv4-sp/hard/crtn.o
 *(.fini)
 .fini          0x00003924        0x4 d:/ti/ccs1031/ccs/tools/compiler/gcc-arm-none-eabi-7-2017-q4-major-win32/bin/../lib/gcc/arm-none-eabi/7.2.1/thumb/v7e-m/fpv4-sp/hard/crti.o
                0x00003924                _fini
 .fini          0x00003928        0x8 d:/ti/ccs1031/ccs/tools/compiler/gcc-arm-none-eabi-7-2017-q4-major-win32/bin/../lib/gcc/arm-none-eabi/7.2.1/thumb/v7e-m/fpv4-sp/hard/crtn.o
                0x00003930                . = ALIGN (0x4)

.glue_7         0x00003930        0x0
 .glue_7        0x00003930        0x0 linker stubs

.glue_7t        0x00003930        0x0
 .glue_7t       0x00003930        0x0 linker stubs

.vfp11_veneer   0x00003930        0x0
 .vfp11_veneer  0x00003930        0x0 linker stubs

.v4_bx          0x00003930        0x0
 .v4_bx         0x00003930        0x0 linker stubs

.iplt           0x00003930        0x0
 .iplt          0x00003930        0x0 d:/ti/ccs1031/ccs/tools/compiler/gcc-arm-none-eabi-7-2017-q4-major-win32/bin/../lib/gcc/arm-none-eabi/7.2.1/thumb/v7e-m/fpv4-sp/hard/crtbegin.o

.rel.dyn        0x00003930        0x0
 .rel.iplt      0x00003930        0x0 d:/ti/ccs1031/ccs/tools/compiler/gcc-arm-none-eabi-7-2017-q4-major-win32/bin/../lib/gcc/arm-none-eabi/7.2.1/thumb/v7e-m/fpv4-sp/hard/crtbegin.o

.preinit_array  0x00003930        0x0
                0x00003930                PROVIDE (__preinit_array_start, .)
 *(.preinit_array*)
                0x00003930                PROVIDE (__preinit_array_end, .)

.init_array     0x00003930        0x8
                0x00003930                PROVIDE (__init_array_start, .)
 *(SORT_BY_NAME(.init_array.*))
 .init_array.00000
                0x00003930        0x4 d:/ti/ccs1031/ccs/tools/compiler/gcc-arm-none-eabi-7-2017-q4-major-win32/bin/../lib/gcc/arm-none-eabi/7.2.1/../../../../arm-none-eabi/lib/thumb/v7e-m/fpv4-sp/hard\libc.a(lib_a-__call_atexit.o)
 *(.init_array*)
 .init_array    0x00003934        0x4 d:/ti/ccs1031/ccs/tools/compiler/gcc-arm-none-eabi-7-2017-q4-major-win32/bin/../lib/gcc/arm-none-eabi/7.2.1/thumb/v7e-m/fpv4-sp/hard/crtbegin.o
                0x00003938                PROVIDE (__init_array_end, .)

.fini_array     0x00003938        0x4
                0x00003938                PROVIDE (__fini_array_start, .)
 *(.fini_array*)
 .fini_array    0x00003938        0x4 d:/ti/ccs1031/ccs/tools/compiler/gcc-arm-none-eabi-7-2017-q4-major-win32/bin/../lib/gcc/arm-none-eabi/7.2.1/thumb/v7e-m/fpv4-sp/hard/crtbegin.o
 *(SORT_BY_NAME(.fini_array.*))
                0x0000393c                PROVIDE (__fini_array_end, .)
                0x0000393c                _etext = .

.stack          0x20000000      0x200
                0x20000000                __stack_start__ = .
                0x20000200                . = (. + STACK_SIZE)
 *fill*         0x20000000      0x200 
                0x20000200                . = ALIGN (0x4)
                0x20000200                __stack_end__ = .

.data           0x20000200      0x44c load address 0x0000393c
                0x0000393c                __data_load = LOADADDR (.data)
                0x20000200                __data_start = .
 *(.data)
 .data          0x20000200        0x0 d:/ti/ccs1031/ccs/tools/compiler/gcc-arm-none-eabi-7-2017-q4-major-win32/bin/../lib/gcc/arm-none-eabi/7.2.1/thumb/v7e-m/fpv4-sp/hard/crti.o
 .data          0x20000200        0x4 d:/ti/ccs1031/ccs/tools/compiler/gcc-arm-none-eabi-7-2017-q4-major-win32/bin/../lib/gcc/arm-none-eabi/7.2.1/thumb/v7e-m/fpv4-sp/hard/crtbegin.o
                0x20000200                __dso_handle
 .data          0x20000204        0x0 d:/ti/ccs1031/ccs/tools/compiler/gcc-arm-none-eabi-7-2017-q4-major-win32/bin/../lib/gcc/arm-none-eabi/7.2.1/../../../../arm-none-eabi/lib/thumb/v7e-m/fpv4-sp/hard/crt0.o
 .data          0x20000204        0x0 ./bsp.o
 .data          0x20000204        0x0 ./dev_mpu.o
 .data          0x20000204        0x0 ./dev_servomotor.o
 .data          0x20000204        0x0 ./dev_steppermotor.o
 .data          0x20000204        0x0 ./main.o
 .data          0x20000204        0x0 ./misc.o
 .data          0x20000204        0x0 ./php.o
 .data          0x20000204        0x0 ./php_adc.o
 .data          0x20000204        0x0 ./php_i2c.o
 .data          0x20000204        0x0 ./php_keypad.o
 .data          0x20000204        0x0 ./php_lcd.o
 .data          0x20000204        0x0 ./php_led.o
 .data          0x20000204        0x0 ./php_pwm.o
 .data          0x20000204        0x0 ./php_spi.o
 .data          0x20000204        0x0 ./php_switch.o
 .data          0x20000204        0x0 ./php_timer.o
 .data          0x20000204        0x0 ./php_uart.o
 .data          0x20000204        0x0 ./startup_tm4c_gnu.o
 .data          0x20000204        0x0 d:/ti/ccs1031/ccs/tools/compiler/gcc-arm-none-eabi-7-2017-q4-major-win32/bin/../lib/gcc/arm-none-eabi/7.2.1/../../../../arm-none-eabi/lib/thumb/v7e-m/fpv4-sp/hard\libc.a(lib_a-exit.o)
 .data          0x20000204        0x0 d:/ti/ccs1031/ccs/tools/compiler/gcc-arm-none-eabi-7-2017-q4-major-win32/bin/../lib/gcc/arm-none-eabi/7.2.1/../../../../arm-none-eabi/lib/thumb/v7e-m/fpv4-sp/hard\libc.a(lib_a-impure.o)
 .data          0x20000204        0x0 d:/ti/ccs1031/ccs/tools/compiler/gcc-arm-none-eabi-7-2017-q4-major-win32/bin/../lib/gcc/arm-none-eabi/7.2.1/../../../../arm-none-eabi/lib/thumb/v7e-m/fpv4-sp/hard\libc.a(lib_a-init.o)
 .data          0x20000204        0x0 d:/ti/ccs1031/ccs/tools/compiler/gcc-arm-none-eabi-7-2017-q4-major-win32/bin/../lib/gcc/arm-none-eabi/7.2.1/../../../../arm-none-eabi/lib/thumb/v7e-m/fpv4-sp/hard\libc.a(lib_a-memset.o)
 .data          0x20000204        0x0 d:/ti/ccs1031/ccs/tools/compiler/gcc-arm-none-eabi-7-2017-q4-major-win32/bin/../lib/gcc/arm-none-eabi/7.2.1/../../../../arm-none-eabi/lib/thumb/v7e-m/fpv4-sp/hard\libc.a(lib_a-__call_atexit.o)
 .data          0x20000204        0x0 d:/ti/ccs1031/ccs/tools/compiler/gcc-arm-none-eabi-7-2017-q4-major-win32/bin/../lib/gcc/arm-none-eabi/7.2.1/../../../../arm-none-eabi/lib/thumb/v7e-m/fpv4-sp/hard\libc.a(lib_a-atexit.o)
 .data          0x20000204        0x0 d:/ti/ccs1031/ccs/tools/compiler/gcc-arm-none-eabi-7-2017-q4-major-win32/bin/../lib/gcc/arm-none-eabi/7.2.1/../../../../arm-none-eabi/lib/thumb/v7e-m/fpv4-sp/hard\libc.a(lib_a-fini.o)
 .data          0x20000204        0x0 d:/ti/ccs1031/ccs/tools/compiler/gcc-arm-none-eabi-7-2017-q4-major-win32/bin/../lib/gcc/arm-none-eabi/7.2.1/../../../../arm-none-eabi/lib/thumb/v7e-m/fpv4-sp/hard\libc.a(lib_a-lock.o)
 .data          0x20000204        0x0 d:/ti/ccs1031/ccs/tools/compiler/gcc-arm-none-eabi-7-2017-q4-major-win32/bin/../lib/gcc/arm-none-eabi/7.2.1/../../../../arm-none-eabi/lib/thumb/v7e-m/fpv4-sp/hard\libc.a(lib_a-__atexit.o)
 .data          0x20000204        0x0 d:/ti/ccs1031/ccs/tools/compiler/gcc-arm-none-eabi-7-2017-q4-major-win32/bin/../lib/gcc/arm-none-eabi/7.2.1/thumb/v7e-m/fpv4-sp/hard\libgcc.a(_arm_addsubdf3.o)
 .data          0x20000204        0x0 d:/ti/ccs1031/ccs/tools/compiler/gcc-arm-none-eabi-7-2017-q4-major-win32/bin/../lib/gcc/arm-none-eabi/7.2.1/thumb/v7e-m/fpv4-sp/hard\libgcc.a(_arm_muldivdf3.o)
 .data          0x20000204        0x0 d:/ti/ccs1031/ccs/tools/compiler/gcc-arm-none-eabi-7-2017-q4-major-win32/bin/../lib/gcc/arm-none-eabi/7.2.1/thumb/v7e-m/fpv4-sp/hard\libgcc.a(_arm_fixdfsi.o)
 .data          0x20000204        0x0 d:/ti/ccs1031/ccs/tools/compiler/gcc-arm-none-eabi-7-2017-q4-major-win32/bin/../lib/gcc/arm-none-eabi/7.2.1/thumb/v7e-m/fpv4-sp/hard\libgcc.a(_arm_fixunsdfsi.o)
 .data          0x20000204        0x0 d:/ti/ccs1031/ccs/tools/compiler/gcc-arm-none-eabi-7-2017-q4-major-win32/bin/../lib/gcc/arm-none-eabi/7.2.1/../../../../arm-none-eabi/lib/thumb/v7e-m/fpv4-sp/hard\libnosys.a(_exit.o)
 .data          0x20000204        0x0 d:/ti/ccs1031/ccs/tools/compiler/gcc-arm-none-eabi-7-2017-q4-major-win32/bin/../lib/gcc/arm-none-eabi/7.2.1/thumb/v7e-m/fpv4-sp/hard/crtend.o
 .data          0x20000204        0x0 d:/ti/ccs1031/ccs/tools/compiler/gcc-arm-none-eabi-7-2017-q4-major-win32/bin/../lib/gcc/arm-none-eabi/7.2.1/thumb/v7e-m/fpv4-sp/hard/crtn.o
 *(.data*)
 .data.STEPPERMOTOR_Dir
                0x20000204        0x4 ./dev_steppermotor.o
                0x20000204                STEPPERMOTOR_Dir
 .data.STEPPERMOTOR_Step_Counter
                0x20000208        0x4 ./dev_steppermotor.o
                0x20000208                STEPPERMOTOR_Step_Counter
 .data.STEPPERMOTOR_FullModeSeq
                0x2000020c        0x8 ./dev_steppermotor.o
 .data.sysClkFreq
                0x20000214        0x4 ./php.o
 .data._impure_ptr
                0x20000218        0x4 d:/ti/ccs1031/ccs/tools/compiler/gcc-arm-none-eabi-7-2017-q4-major-win32/bin/../lib/gcc/arm-none-eabi/7.2.1/../../../../arm-none-eabi/lib/thumb/v7e-m/fpv4-sp/hard\libc.a(lib_a-impure.o)
                0x20000218                _impure_ptr
 *fill*         0x2000021c        0x4 
 .data.impure_data
                0x20000220      0x428 d:/ti/ccs1031/ccs/tools/compiler/gcc-arm-none-eabi-7-2017-q4-major-win32/bin/../lib/gcc/arm-none-eabi/7.2.1/../../../../arm-none-eabi/lib/thumb/v7e-m/fpv4-sp/hard\libc.a(lib_a-impure.o)
 .data.__atexit_recursive_mutex
                0x20000648        0x4 d:/ti/ccs1031/ccs/tools/compiler/gcc-arm-none-eabi-7-2017-q4-major-win32/bin/../lib/gcc/arm-none-eabi/7.2.1/../../../../arm-none-eabi/lib/thumb/v7e-m/fpv4-sp/hard\libc.a(lib_a-__call_atexit.o)
                0x20000648                __atexit_recursive_mutex
                0x2000064c                . = ALIGN (0x4)
                0x2000064c                __data_end__ = .
                0x2000064c                _edata = __data_end__

.igot.plt       0x2000064c        0x0 load address 0x00003d88
 .igot.plt      0x2000064c        0x0 d:/ti/ccs1031/ccs/tools/compiler/gcc-arm-none-eabi-7-2017-q4-major-win32/bin/../lib/gcc/arm-none-eabi/7.2.1/thumb/v7e-m/fpv4-sp/hard/crtbegin.o

.bss            0x2000064c       0x5c load address 0x00003d88
                0x2000064c                __bss_start__ = .
 *(.bss)
 .bss           0x2000064c        0x0 d:/ti/ccs1031/ccs/tools/compiler/gcc-arm-none-eabi-7-2017-q4-major-win32/bin/../lib/gcc/arm-none-eabi/7.2.1/thumb/v7e-m/fpv4-sp/hard/crti.o
 .bss           0x2000064c       0x1c d:/ti/ccs1031/ccs/tools/compiler/gcc-arm-none-eabi-7-2017-q4-major-win32/bin/../lib/gcc/arm-none-eabi/7.2.1/thumb/v7e-m/fpv4-sp/hard/crtbegin.o
 .bss           0x20000668        0x0 d:/ti/ccs1031/ccs/tools/compiler/gcc-arm-none-eabi-7-2017-q4-major-win32/bin/../lib/gcc/arm-none-eabi/7.2.1/../../../../arm-none-eabi/lib/thumb/v7e-m/fpv4-sp/hard/crt0.o
 .bss           0x20000668        0x0 ./bsp.o
 .bss           0x20000668        0x0 ./dev_mpu.o
 .bss           0x20000668        0x0 ./dev_servomotor.o
 .bss           0x20000668        0x0 ./dev_steppermotor.o
 .bss           0x20000668        0x0 ./main.o
 .bss           0x20000668        0x0 ./misc.o
 .bss           0x20000668        0x0 ./php.o
 .bss           0x20000668        0x0 ./php_adc.o
 .bss           0x20000668        0x0 ./php_i2c.o
 .bss           0x20000668        0x0 ./php_keypad.o
 .bss           0x20000668        0x0 ./php_lcd.o
 .bss           0x20000668        0x0 ./php_led.o
 .bss           0x20000668        0x0 ./php_pwm.o
 .bss           0x20000668        0x0 ./php_spi.o
 .bss           0x20000668        0x0 ./php_switch.o
 .bss           0x20000668        0x0 ./php_timer.o
 .bss           0x20000668        0x0 ./php_uart.o
 .bss           0x20000668        0x0 ./startup_tm4c_gnu.o
 .bss           0x20000668        0x0 d:/ti/ccs1031/ccs/tools/compiler/gcc-arm-none-eabi-7-2017-q4-major-win32/bin/../lib/gcc/arm-none-eabi/7.2.1/../../../../arm-none-eabi/lib/thumb/v7e-m/fpv4-sp/hard\libc.a(lib_a-exit.o)
 .bss           0x20000668        0x0 d:/ti/ccs1031/ccs/tools/compiler/gcc-arm-none-eabi-7-2017-q4-major-win32/bin/../lib/gcc/arm-none-eabi/7.2.1/../../../../arm-none-eabi/lib/thumb/v7e-m/fpv4-sp/hard\libc.a(lib_a-impure.o)
 .bss           0x20000668        0x0 d:/ti/ccs1031/ccs/tools/compiler/gcc-arm-none-eabi-7-2017-q4-major-win32/bin/../lib/gcc/arm-none-eabi/7.2.1/../../../../arm-none-eabi/lib/thumb/v7e-m/fpv4-sp/hard\libc.a(lib_a-init.o)
 .bss           0x20000668        0x0 d:/ti/ccs1031/ccs/tools/compiler/gcc-arm-none-eabi-7-2017-q4-major-win32/bin/../lib/gcc/arm-none-eabi/7.2.1/../../../../arm-none-eabi/lib/thumb/v7e-m/fpv4-sp/hard\libc.a(lib_a-memset.o)
 .bss           0x20000668        0x0 d:/ti/ccs1031/ccs/tools/compiler/gcc-arm-none-eabi-7-2017-q4-major-win32/bin/../lib/gcc/arm-none-eabi/7.2.1/../../../../arm-none-eabi/lib/thumb/v7e-m/fpv4-sp/hard\libc.a(lib_a-__call_atexit.o)
 .bss           0x20000668        0x0 d:/ti/ccs1031/ccs/tools/compiler/gcc-arm-none-eabi-7-2017-q4-major-win32/bin/../lib/gcc/arm-none-eabi/7.2.1/../../../../arm-none-eabi/lib/thumb/v7e-m/fpv4-sp/hard\libc.a(lib_a-atexit.o)
 .bss           0x20000668        0x0 d:/ti/ccs1031/ccs/tools/compiler/gcc-arm-none-eabi-7-2017-q4-major-win32/bin/../lib/gcc/arm-none-eabi/7.2.1/../../../../arm-none-eabi/lib/thumb/v7e-m/fpv4-sp/hard\libc.a(lib_a-fini.o)
 .bss           0x20000668        0x0 d:/ti/ccs1031/ccs/tools/compiler/gcc-arm-none-eabi-7-2017-q4-major-win32/bin/../lib/gcc/arm-none-eabi/7.2.1/../../../../arm-none-eabi/lib/thumb/v7e-m/fpv4-sp/hard\libc.a(lib_a-lock.o)
 .bss           0x20000668        0x0 d:/ti/ccs1031/ccs/tools/compiler/gcc-arm-none-eabi-7-2017-q4-major-win32/bin/../lib/gcc/arm-none-eabi/7.2.1/../../../../arm-none-eabi/lib/thumb/v7e-m/fpv4-sp/hard\libc.a(lib_a-__atexit.o)
 .bss           0x20000668        0x0 d:/ti/ccs1031/ccs/tools/compiler/gcc-arm-none-eabi-7-2017-q4-major-win32/bin/../lib/gcc/arm-none-eabi/7.2.1/thumb/v7e-m/fpv4-sp/hard\libgcc.a(_arm_addsubdf3.o)
 .bss           0x20000668        0x0 d:/ti/ccs1031/ccs/tools/compiler/gcc-arm-none-eabi-7-2017-q4-major-win32/bin/../lib/gcc/arm-none-eabi/7.2.1/thumb/v7e-m/fpv4-sp/hard\libgcc.a(_arm_muldivdf3.o)
 .bss           0x20000668        0x0 d:/ti/ccs1031/ccs/tools/compiler/gcc-arm-none-eabi-7-2017-q4-major-win32/bin/../lib/gcc/arm-none-eabi/7.2.1/thumb/v7e-m/fpv4-sp/hard\libgcc.a(_arm_fixdfsi.o)
 .bss           0x20000668        0x0 d:/ti/ccs1031/ccs/tools/compiler/gcc-arm-none-eabi-7-2017-q4-major-win32/bin/../lib/gcc/arm-none-eabi/7.2.1/thumb/v7e-m/fpv4-sp/hard\libgcc.a(_arm_fixunsdfsi.o)
 .bss           0x20000668        0x0 d:/ti/ccs1031/ccs/tools/compiler/gcc-arm-none-eabi-7-2017-q4-major-win32/bin/../lib/gcc/arm-none-eabi/7.2.1/../../../../arm-none-eabi/lib/thumb/v7e-m/fpv4-sp/hard\libnosys.a(_exit.o)
 .bss           0x20000668        0x0 d:/ti/ccs1031/ccs/tools/compiler/gcc-arm-none-eabi-7-2017-q4-major-win32/bin/../lib/gcc/arm-none-eabi/7.2.1/thumb/v7e-m/fpv4-sp/hard/crtend.o
 .bss           0x20000668        0x0 d:/ti/ccs1031/ccs/tools/compiler/gcc-arm-none-eabi-7-2017-q4-major-win32/bin/../lib/gcc/arm-none-eabi/7.2.1/thumb/v7e-m/fpv4-sp/hard/crtn.o
 *(.bss*)
 .bss.msg.8013  0x20000668       0x14 ./bsp.o
 .bss.outBuffer.8047
                0x2000067c        0x4 ./bsp.o
 .bss.STEPPERMOTOR_SeqIdx
                0x20000680        0x4 ./dev_steppermotor.o
 *(COMMON)
 COMMON         0x20000684       0x21 d:/ti/ccs1031/ccs/tools/compiler/gcc-arm-none-eabi-7-2017-q4-major-win32/bin/../lib/gcc/arm-none-eabi/7.2.1/../../../../arm-none-eabi/lib/thumb/v7e-m/fpv4-sp/hard\libc.a(lib_a-lock.o)
                0x20000684                __lock___atexit_recursive_mutex
                0x20000688                __lock___arc4random_mutex
                0x2000068c                __lock___env_recursive_mutex
                0x20000690                __lock___sinit_recursive_mutex
                0x20000694                __lock___malloc_recursive_mutex
                0x20000698                __lock___at_quick_exit_mutex
                0x2000069c                __lock___dd_hash_mutex
                0x200006a0                __lock___tz_mutex
                0x200006a4                __lock___sfp_recursive_mutex
                0x200006a8                . = ALIGN (0x4)
 *fill*         0x200006a5        0x3 
                0x200006a8                _ebss = .
                0x200006a8                __bss_end__ = .
                [!provide]                PROVIDE (end, _ebss)
                [!provide]                PROVIDE (_end, _ebss)
                [!provide]                PROVIDE (__end__, _ebss)

.heap           0x200006a8        0x0
                0x200006a8                __heap_start__ = .
                0x200006a8                . = (. + HEAP_SIZE)
                0x200006a8                . = ALIGN (0x4)
                0x200006a8                __heap_end__ = .

/DISCARD/
 libc.a(*)
 libm.a(*)
 libgcc.a(*)
START GROUP
LOAD d:/ti/ccs1031/ccs/tools/compiler/gcc-arm-none-eabi-7-2017-q4-major-win32/bin/../lib/gcc/arm-none-eabi/7.2.1/thumb/v7e-m/fpv4-sp/hard\libgcc.a
LOAD d:/ti/ccs1031/ccs/tools/compiler/gcc-arm-none-eabi-7-2017-q4-major-win32/bin/../lib/gcc/arm-none-eabi/7.2.1/../../../../arm-none-eabi/lib/thumb/v7e-m/fpv4-sp/hard\libg.a
LOAD d:/ti/ccs1031/ccs/tools/compiler/gcc-arm-none-eabi-7-2017-q4-major-win32/bin/../lib/gcc/arm-none-eabi/7.2.1/../../../../arm-none-eabi/lib/thumb/v7e-m/fpv4-sp/hard\libc.a
END GROUP
START GROUP
LOAD d:/ti/ccs1031/ccs/tools/compiler/gcc-arm-none-eabi-7-2017-q4-major-win32/bin/../lib/gcc/arm-none-eabi/7.2.1/thumb/v7e-m/fpv4-sp/hard\libgcc.a
LOAD d:/ti/ccs1031/ccs/tools/compiler/gcc-arm-none-eabi-7-2017-q4-major-win32/bin/../lib/gcc/arm-none-eabi/7.2.1/../../../../arm-none-eabi/lib/thumb/v7e-m/fpv4-sp/hard\libc.a
LOAD d:/ti/ccs1031/ccs/tools/compiler/gcc-arm-none-eabi-7-2017-q4-major-win32/bin/../lib/gcc/arm-none-eabi/7.2.1/../../../../arm-none-eabi/lib/thumb/v7e-m/fpv4-sp/hard\libnosys.a
END GROUP
LOAD d:/ti/ccs1031/ccs/tools/compiler/gcc-arm-none-eabi-7-2017-q4-major-win32/bin/../lib/gcc/arm-none-eabi/7.2.1/thumb/v7e-m/fpv4-sp/hard/crtend.o
LOAD d:/ti/ccs1031/ccs/tools/compiler/gcc-arm-none-eabi-7-2017-q4-major-win32/bin/../lib/gcc/arm-none-eabi/7.2.1/thumb/v7e-m/fpv4-sp/hard/crtn.o
OUTPUT(09_Dev_Servo_Motor.out elf32-littlearm)

.ARM.attributes
                0x00000000       0x30
 .ARM.attributes
                0x00000000       0x22 d:/ti/ccs1031/ccs/tools/compiler/gcc-arm-none-eabi-7-2017-q4-major-win32/bin/../lib/gcc/arm-none-eabi/7.2.1/thumb/v7e-m/fpv4-sp/hard/crti.o
 .ARM.attributes
                0x00000022       0x34 d:/ti/ccs1031/ccs/tools/compiler/gcc-arm-none-eabi-7-2017-q4-major-win32/bin/../lib/gcc/arm-none-eabi/7.2.1/thumb/v7e-m/fpv4-sp/hard/crtbegin.o
 .ARM.attributes
                0x00000056       0x20 d:/ti/ccs1031/ccs/tools/compiler/gcc-arm-none-eabi-7-2017-q4-major-win32/bin/../lib/gcc/arm-none-eabi/7.2.1/../../../../arm-none-eabi/lib/thumb/v7e-m/fpv4-sp/hard/crt0.o
 .ARM.attributes
                0x00000076       0x39 ./bsp.o
 .ARM.attributes
                0x000000af       0x39 ./dev_mpu.o
 .ARM.attributes
                0x000000e8       0x39 ./dev_servomotor.o
 .ARM.attributes
                0x00000121       0x39 ./dev_steppermotor.o
 .ARM.attributes
                0x0000015a       0x39 ./main.o
 .ARM.attributes
                0x00000193       0x39 ./misc.o
 .ARM.attributes
                0x000001cc       0x39 ./php.o
 .ARM.attributes
                0x00000205       0x39 ./php_adc.o
 .ARM.attributes
                0x0000023e       0x39 ./php_i2c.o
 .ARM.attributes
                0x00000277       0x39 ./php_keypad.o
 .ARM.attributes
                0x000002b0       0x39 ./php_lcd.o
 .ARM.attributes
                0x000002e9       0x39 ./php_led.o
 .ARM.attributes
                0x00000322       0x39 ./php_pwm.o
 .ARM.attributes
                0x0000035b       0x39 ./php_spi.o
 .ARM.attributes
                0x00000394       0x39 ./php_switch.o
 .ARM.attributes
                0x000003cd       0x39 ./php_timer.o
 .ARM.attributes
                0x00000406       0x39 ./php_uart.o
 .ARM.attributes
                0x0000043f       0x39 ./startup_tm4c_gnu.o
 .ARM.attributes
                0x00000478       0x34 d:/ti/ccs1031/ccs/tools/compiler/gcc-arm-none-eabi-7-2017-q4-major-win32/bin/../lib/gcc/arm-none-eabi/7.2.1/../../../../arm-none-eabi/lib/thumb/v7e-m/fpv4-sp/hard\libnosys.a(_exit.o)
 .ARM.attributes
                0x000004ac       0x34 d:/ti/ccs1031/ccs/tools/compiler/gcc-arm-none-eabi-7-2017-q4-major-win32/bin/../lib/gcc/arm-none-eabi/7.2.1/thumb/v7e-m/fpv4-sp/hard/crtend.o
 .ARM.attributes
                0x000004e0       0x22 d:/ti/ccs1031/ccs/tools/compiler/gcc-arm-none-eabi-7-2017-q4-major-win32/bin/../lib/gcc/arm-none-eabi/7.2.1/thumb/v7e-m/fpv4-sp/hard/crtn.o

.comment        0x00000000       0x7e
 .comment       0x00000000       0x7e ./bsp.o
                                 0x7f (size before relaxing)
 .comment       0x0000007e       0x7f ./dev_mpu.o
 .comment       0x0000007e       0x7f ./dev_servomotor.o
 .comment       0x0000007e       0x7f ./dev_steppermotor.o
 .comment       0x0000007e       0x7f ./main.o
 .comment       0x0000007e       0x7f ./misc.o
 .comment       0x0000007e       0x7f ./php.o
 .comment       0x0000007e       0x7f ./php_adc.o
 .comment       0x0000007e       0x7f ./php_i2c.o
 .comment       0x0000007e       0x7f ./php_keypad.o
 .comment       0x0000007e       0x7f ./php_lcd.o
 .comment       0x0000007e       0x7f ./php_led.o
 .comment       0x0000007e       0x7f ./php_pwm.o
 .comment       0x0000007e       0x7f ./php_spi.o
 .comment       0x0000007e       0x7f ./php_switch.o
 .comment       0x0000007e       0x7f ./php_timer.o
 .comment       0x0000007e       0x7f ./php_uart.o
 .comment       0x0000007e       0x7f ./startup_tm4c_gnu.o

.debug_info     0x00000000    0x106f3
 .debug_info    0x00000000     0x156e ./bsp.o
 .debug_info    0x0000156e      0x4ce ./dev_mpu.o
 .debug_info    0x00001a3c     0x13cf ./dev_servomotor.o
 .debug_info    0x00002e0b      0xe83 ./dev_steppermotor.o
 .debug_info    0x00003c8e      0x2b4 ./main.o
 .debug_info    0x00003f42      0x134 ./misc.o
 .debug_info    0x00004076     0x1283 ./php.o
 .debug_info    0x000052f9     0x1436 ./php_adc.o
 .debug_info    0x0000672f     0x11e9 ./php_i2c.o
 .debug_info    0x00007918      0xe7d ./php_keypad.o
 .debug_info    0x00008795      0xded ./php_lcd.o
 .debug_info    0x00009582      0xe26 ./php_led.o
 .debug_info    0x0000a3a8     0x13d9 ./php_pwm.o
 .debug_info    0x0000b781      0xfe1 ./php_spi.o
 .debug_info    0x0000c762     0x131c ./php_switch.o
 .debug_info    0x0000da7e     0x14bf ./php_timer.o
 .debug_info    0x0000ef3d     0x160d ./php_uart.o
 .debug_info    0x0001054a      0x1a9 ./startup_tm4c_gnu.o

.debug_abbrev   0x00000000     0x1632
 .debug_abbrev  0x00000000      0x241 ./bsp.o
 .debug_abbrev  0x00000241      0x14f ./dev_mpu.o
 .debug_abbrev  0x00000390      0x12b ./dev_servomotor.o
 .debug_abbrev  0x000004bb      0x104 ./dev_steppermotor.o
 .debug_abbrev  0x000005bf       0xdb ./main.o
 .debug_abbrev  0x0000069a       0x94 ./misc.o
 .debug_abbrev  0x0000072e      0x146 ./php.o
 .debug_abbrev  0x00000874      0x12b ./php_adc.o
 .debug_abbrev  0x0000099f      0x175 ./php_i2c.o
 .debug_abbrev  0x00000b14      0x11b ./php_keypad.o
 .debug_abbrev  0x00000c2f       0xe4 ./php_lcd.o
 .debug_abbrev  0x00000d13       0xe4 ./php_led.o
 .debug_abbrev  0x00000df7      0x12b ./php_pwm.o
 .debug_abbrev  0x00000f22      0x159 ./php_spi.o
 .debug_abbrev  0x0000107b      0x152 ./php_switch.o
 .debug_abbrev  0x000011cd      0x1b4 ./php_timer.o
 .debug_abbrev  0x00001381      0x1d3 ./php_uart.o
 .debug_abbrev  0x00001554       0xde ./startup_tm4c_gnu.o

.debug_aranges  0x00000000      0x4d8
 .debug_aranges
                0x00000000      0x118 ./bsp.o
 .debug_aranges
                0x00000118       0x20 ./dev_mpu.o
 .debug_aranges
                0x00000138       0x38 ./dev_servomotor.o
 .debug_aranges
                0x00000170       0x38 ./dev_steppermotor.o
 .debug_aranges
                0x000001a8       0x28 ./main.o
 .debug_aranges
                0x000001d0       0x28 ./misc.o
 .debug_aranges
                0x000001f8       0x60 ./php.o
 .debug_aranges
                0x00000258       0x28 ./php_adc.o
 .debug_aranges
                0x00000280       0x48 ./php_i2c.o
 .debug_aranges
                0x000002c8       0x30 ./php_keypad.o
 .debug_aranges
                0x000002f8       0x20 ./php_lcd.o
 .debug_aranges
                0x00000318       0x38 ./php_led.o
 .debug_aranges
                0x00000350       0x28 ./php_pwm.o
 .debug_aranges
                0x00000378       0x28 ./php_spi.o
 .debug_aranges
                0x000003a0       0x30 ./php_switch.o
 .debug_aranges
                0x000003d0       0x68 ./php_timer.o
 .debug_aranges
                0x00000438       0x50 ./php_uart.o
 .debug_aranges
                0x00000488       0x50 ./startup_tm4c_gnu.o

.debug_ranges   0x00000000      0x3b8
 .debug_ranges  0x00000000      0x108 ./bsp.o
 .debug_ranges  0x00000108       0x10 ./dev_mpu.o
 .debug_ranges  0x00000118       0x28 ./dev_servomotor.o
 .debug_ranges  0x00000140       0x28 ./dev_steppermotor.o
 .debug_ranges  0x00000168       0x18 ./main.o
 .debug_ranges  0x00000180       0x18 ./misc.o
 .debug_ranges  0x00000198       0x50 ./php.o
 .debug_ranges  0x000001e8       0x18 ./php_adc.o
 .debug_ranges  0x00000200       0x38 ./php_i2c.o
 .debug_ranges  0x00000238       0x20 ./php_keypad.o
 .debug_ranges  0x00000258       0x10 ./php_lcd.o
 .debug_ranges  0x00000268       0x28 ./php_led.o
 .debug_ranges  0x00000290       0x18 ./php_pwm.o
 .debug_ranges  0x000002a8       0x18 ./php_spi.o
 .debug_ranges  0x000002c0       0x20 ./php_switch.o
 .debug_ranges  0x000002e0       0x58 ./php_timer.o
 .debug_ranges  0x00000338       0x40 ./php_uart.o
 .debug_ranges  0x00000378       0x40 ./startup_tm4c_gnu.o

.debug_line     0x00000000     0x287c
 .debug_line    0x00000000      0x516 ./bsp.o
 .debug_line    0x00000516      0x20b ./dev_mpu.o
 .debug_line    0x00000721      0x21c ./dev_servomotor.o
 .debug_line    0x0000093d      0x21f ./dev_steppermotor.o
 .debug_line    0x00000b5c      0x1da ./main.o
 .debug_line    0x00000d36      0x149 ./misc.o
 .debug_line    0x00000e7f      0x27c ./php.o
 .debug_line    0x000010fb      0x200 ./php_adc.o
 .debug_line    0x000012fb      0x2c4 ./php_i2c.o
 .debug_line    0x000015bf      0x23d ./php_keypad.o
 .debug_line    0x000017fc      0x1d3 ./php_lcd.o
 .debug_line    0x000019cf      0x20e ./php_led.o
 .debug_line    0x00001bdd      0x206 ./php_pwm.o
 .debug_line    0x00001de3      0x229 ./php_spi.o
 .debug_line    0x0000200c      0x20f ./php_switch.o
 .debug_line    0x0000221b      0x316 ./php_timer.o
 .debug_line    0x00002531      0x284 ./php_uart.o
 .debug_line    0x000027b5       0xc7 ./startup_tm4c_gnu.o

.debug_str      0x00000000     0x1d69
 .debug_str     0x00000000      0x871 ./bsp.o
                                0x8e8 (size before relaxing)
 .debug_str     0x00000871       0x29 ./dev_mpu.o
                                0x30f (size before relaxing)
 .debug_str     0x0000089a      0x8ac ./dev_servomotor.o
                                0xb41 (size before relaxing)
 .debug_str     0x00001146       0x98 ./dev_steppermotor.o
                                0x8a5 (size before relaxing)
 .debug_str     0x000011de       0x1a ./main.o
                                0x273 (size before relaxing)
 .debug_str     0x000011f8       0x71 ./misc.o
                                0x21b (size before relaxing)
 .debug_str     0x00001269       0xdb ./php.o
                                0x95c (size before relaxing)
 .debug_str     0x00001344       0x88 ./php_adc.o
                                0xa3d (size before relaxing)
 .debug_str     0x000013cc       0x8b ./php_i2c.o
                                0x901 (size before relaxing)
 .debug_str     0x00001457       0x4c ./php_keypad.o
                                0x829 (size before relaxing)
 .debug_str     0x000014a3       0x1a ./php_lcd.o
                                0x7f7 (size before relaxing)
 .debug_str     0x000014bd       0x56 ./php_led.o
                                0x833 (size before relaxing)
 .debug_str     0x00001513       0x53 ./php_pwm.o
                                0xb33 (size before relaxing)
 .debug_str     0x00001566       0xc9 ./php_spi.o
                                0x8af (size before relaxing)
 .debug_str     0x0000162f      0x431 ./php_switch.o
                                0xd15 (size before relaxing)
 .debug_str     0x00001a60      0x181 ./php_timer.o
                                0xa35 (size before relaxing)
 .debug_str     0x00001be1       0x70 ./php_uart.o
                                0xdc5 (size before relaxing)
 .debug_str     0x00001c51      0x118 ./startup_tm4c_gnu.o
                                0x23c (size before relaxing)

.debug_frame    0x00000000      0xe38
 .debug_frame   0x00000000      0x418 ./bsp.o
 .debug_frame   0x00000418       0x34 ./dev_mpu.o
 .debug_frame   0x0000044c       0x94 ./dev_servomotor.o
 .debug_frame   0x000004e0       0x84 ./dev_steppermotor.o
 .debug_frame   0x00000564       0x4c ./main.o
 .debug_frame   0x000005b0       0x5c ./misc.o
 .debug_frame   0x0000060c      0x144 ./php.o
 .debug_frame   0x00000750       0x54 ./php_adc.o
 .debug_frame   0x000007a4       0xec ./php_i2c.o
 .debug_frame   0x00000890       0x7c ./php_keypad.o
 .debug_frame   0x0000090c       0x30 ./php_lcd.o
 .debug_frame   0x0000093c       0x84 ./php_led.o
 .debug_frame   0x000009c0       0x5c ./php_pwm.o
 .debug_frame   0x00000a1c       0x58 ./php_spi.o
 .debug_frame   0x00000a74       0x7c ./php_switch.o
 .debug_frame   0x00000af0      0x170 ./php_timer.o
 .debug_frame   0x00000c60      0x124 ./php_uart.o
 .debug_frame   0x00000d84       0x94 ./startup_tm4c_gnu.o
 .debug_frame   0x00000e18       0x20 d:/ti/ccs1031/ccs/tools/compiler/gcc-arm-none-eabi-7-2017-q4-major-win32/bin/../lib/gcc/arm-none-eabi/7.2.1/../../../../arm-none-eabi/lib/thumb/v7e-m/fpv4-sp/hard\libnosys.a(_exit.o)
