Archive member included to satisfy reference by file (symbol)

d:/ti/ccs1031/ccs/tools/compiler/gcc-arm-none-eabi-7-2017-q4-major-win32/bin/../lib/gcc/arm-none-eabi/7.2.1/../../../../arm-none-eabi/lib/thumb/v7e-m/fpv4-sp/hard\libc.a(lib_a-exit.o)
                              d:/ti/ccs1031/ccs/tools/compiler/gcc-arm-none-eabi-7-2017-q4-major-win32/bin/../lib/gcc/arm-none-eabi/7.2.1/../../../../arm-none-eabi/lib/thumb/v7e-m/fpv4-sp/hard/crt0.o (exit)
d:/ti/ccs1031/ccs/tools/compiler/gcc-arm-none-eabi-7-2017-q4-major-win32/bin/../lib/gcc/arm-none-eabi/7.2.1/../../../../arm-none-eabi/lib/thumb/v7e-m/fpv4-sp/hard\libc.a(lib_a-impure.o)
                              d:/ti/ccs1031/ccs/tools/compiler/gcc-arm-none-eabi-7-2017-q4-major-win32/bin/../lib/gcc/arm-none-eabi/7.2.1/../../../../arm-none-eabi/lib/thumb/v7e-m/fpv4-sp/hard\libc.a(lib_a-exit.o) (_global_impure_ptr)
d:/ti/ccs1031/ccs/tools/compiler/gcc-arm-none-eabi-7-2017-q4-major-win32/bin/../lib/gcc/arm-none-eabi/7.2.1/../../../../arm-none-eabi/lib/thumb/v7e-m/fpv4-sp/hard\libc.a(lib_a-init.o)
                              d:/ti/ccs1031/ccs/tools/compiler/gcc-arm-none-eabi-7-2017-q4-major-win32/bin/../lib/gcc/arm-none-eabi/7.2.1/../../../../arm-none-eabi/lib/thumb/v7e-m/fpv4-sp/hard/crt0.o (__libc_init_array)
d:/ti/ccs1031/ccs/tools/compiler/gcc-arm-none-eabi-7-2017-q4-major-win32/bin/../lib/gcc/arm-none-eabi/7.2.1/../../../../arm-none-eabi/lib/thumb/v7e-m/fpv4-sp/hard\libc.a(lib_a-memset.o)
                              d:/ti/ccs1031/ccs/tools/compiler/gcc-arm-none-eabi-7-2017-q4-major-win32/bin/../lib/gcc/arm-none-eabi/7.2.1/../../../../arm-none-eabi/lib/thumb/v7e-m/fpv4-sp/hard/crt0.o (memset)
d:/ti/ccs1031/ccs/tools/compiler/gcc-arm-none-eabi-7-2017-q4-major-win32/bin/../lib/gcc/arm-none-eabi/7.2.1/../../../../arm-none-eabi/lib/thumb/v7e-m/fpv4-sp/hard\libc.a(lib_a-__call_atexit.o)
                              d:/ti/ccs1031/ccs/tools/compiler/gcc-arm-none-eabi-7-2017-q4-major-win32/bin/../lib/gcc/arm-none-eabi/7.2.1/../../../../arm-none-eabi/lib/thumb/v7e-m/fpv4-sp/hard\libc.a(lib_a-exit.o) (__call_exitprocs)
d:/ti/ccs1031/ccs/tools/compiler/gcc-arm-none-eabi-7-2017-q4-major-win32/bin/../lib/gcc/arm-none-eabi/7.2.1/../../../../arm-none-eabi/lib/thumb/v7e-m/fpv4-sp/hard\libc.a(lib_a-atexit.o)
                              d:/ti/ccs1031/ccs/tools/compiler/gcc-arm-none-eabi-7-2017-q4-major-win32/bin/../lib/gcc/arm-none-eabi/7.2.1/../../../../arm-none-eabi/lib/thumb/v7e-m/fpv4-sp/hard\libc.a(lib_a-__call_atexit.o) (atexit)
d:/ti/ccs1031/ccs/tools/compiler/gcc-arm-none-eabi-7-2017-q4-major-win32/bin/../lib/gcc/arm-none-eabi/7.2.1/../../../../arm-none-eabi/lib/thumb/v7e-m/fpv4-sp/hard\libc.a(lib_a-fini.o)
                              d:/ti/ccs1031/ccs/tools/compiler/gcc-arm-none-eabi-7-2017-q4-major-win32/bin/../lib/gcc/arm-none-eabi/7.2.1/../../../../arm-none-eabi/lib/thumb/v7e-m/fpv4-sp/hard\libc.a(lib_a-__call_atexit.o) (__libc_fini_array)
d:/ti/ccs1031/ccs/tools/compiler/gcc-arm-none-eabi-7-2017-q4-major-win32/bin/../lib/gcc/arm-none-eabi/7.2.1/../../../../arm-none-eabi/lib/thumb/v7e-m/fpv4-sp/hard\libc.a(lib_a-lock.o)
                              d:/ti/ccs1031/ccs/tools/compiler/gcc-arm-none-eabi-7-2017-q4-major-win32/bin/../lib/gcc/arm-none-eabi/7.2.1/../../../../arm-none-eabi/lib/thumb/v7e-m/fpv4-sp/hard\libc.a(lib_a-__call_atexit.o) (__retarget_lock_acquire_recursive)
d:/ti/ccs1031/ccs/tools/compiler/gcc-arm-none-eabi-7-2017-q4-major-win32/bin/../lib/gcc/arm-none-eabi/7.2.1/../../../../arm-none-eabi/lib/thumb/v7e-m/fpv4-sp/hard\libc.a(lib_a-__atexit.o)
                              d:/ti/ccs1031/ccs/tools/compiler/gcc-arm-none-eabi-7-2017-q4-major-win32/bin/../lib/gcc/arm-none-eabi/7.2.1/../../../../arm-none-eabi/lib/thumb/v7e-m/fpv4-sp/hard\libc.a(lib_a-atexit.o) (__register_exitproc)
d:/ti/ccs1031/ccs/tools/compiler/gcc-arm-none-eabi-7-2017-q4-major-win32/bin/../lib/gcc/arm-none-eabi/7.2.1/../../../../arm-none-eabi/lib/thumb/v7e-m/fpv4-sp/hard\libnosys.a(_exit.o)
                              d:/ti/ccs1031/ccs/tools/compiler/gcc-arm-none-eabi-7-2017-q4-major-win32/bin/../lib/gcc/arm-none-eabi/7.2.1/../../../../arm-none-eabi/lib/thumb/v7e-m/fpv4-sp/hard\libc.a(lib_a-exit.o) (_exit)

Allocating common symbols
Common symbol       size              file

__lock___atexit_recursive_mutex
                    0x1               d:/ti/ccs1031/ccs/tools/compiler/gcc-arm-none-eabi-7-2017-q4-major-win32/bin/../lib/gcc/arm-none-eabi/7.2.1/../../../../arm-none-eabi/lib/thumb/v7e-m/fpv4-sp/hard\libc.a(lib_a-lock.o)
__lock___arc4random_mutex
                    0x1               d:/ti/ccs1031/ccs/tools/compiler/gcc-arm-none-eabi-7-2017-q4-major-win32/bin/../lib/gcc/arm-none-eabi/7.2.1/../../../../arm-none-eabi/lib/thumb/v7e-m/fpv4-sp/hard\libc.a(lib_a-lock.o)
__lock___env_recursive_mutex
                    0x1               d:/ti/ccs1031/ccs/tools/compiler/gcc-arm-none-eabi-7-2017-q4-major-win32/bin/../lib/gcc/arm-none-eabi/7.2.1/../../../../arm-none-eabi/lib/thumb/v7e-m/fpv4-sp/hard\libc.a(lib_a-lock.o)
__lock___sinit_recursive_mutex
                    0x1               d:/ti/ccs1031/ccs/tools/compiler/gcc-arm-none-eabi-7-2017-q4-major-win32/bin/../lib/gcc/arm-none-eabi/7.2.1/../../../../arm-none-eabi/lib/thumb/v7e-m/fpv4-sp/hard\libc.a(lib_a-lock.o)
__lock___malloc_recursive_mutex
                    0x1               d:/ti/ccs1031/ccs/tools/compiler/gcc-arm-none-eabi-7-2017-q4-major-win32/bin/../lib/gcc/arm-none-eabi/7.2.1/../../../../arm-none-eabi/lib/thumb/v7e-m/fpv4-sp/hard\libc.a(lib_a-lock.o)
__lock___at_quick_exit_mutex
                    0x1               d:/ti/ccs1031/ccs/tools/compiler/gcc-arm-none-eabi-7-2017-q4-major-win32/bin/../lib/gcc/arm-none-eabi/7.2.1/../../../../arm-none-eabi/lib/thumb/v7e-m/fpv4-sp/hard\libc.a(lib_a-lock.o)
__lock___dd_hash_mutex
                    0x1               d:/ti/ccs1031/ccs/tools/compiler/gcc-arm-none-eabi-7-2017-q4-major-win32/bin/../lib/gcc/arm-none-eabi/7.2.1/../../../../arm-none-eabi/lib/thumb/v7e-m/fpv4-sp/hard\libc.a(lib_a-lock.o)
__lock___tz_mutex   0x1               d:/ti/ccs1031/ccs/tools/compiler/gcc-arm-none-eabi-7-2017-q4-major-win32/bin/../lib/gcc/arm-none-eabi/7.2.1/../../../../arm-none-eabi/lib/thumb/v7e-m/fpv4-sp/hard\libc.a(lib_a-lock.o)
__lock___sfp_recursive_mutex
                    0x1               d:/ti/ccs1031/ccs/tools/compiler/gcc-arm-none-eabi-7-2017-q4-major-win32/bin/../lib/gcc/arm-none-eabi/7.2.1/../../../../arm-none-eabi/lib/thumb/v7e-m/fpv4-sp/hard\libc.a(lib_a-lock.o)

Discarded input sections

 .debug_frame   0x00000000       0x28 d:/ti/ccs1031/ccs/tools/compiler/gcc-arm-none-eabi-7-2017-q4-major-win32/bin/../lib/gcc/arm-none-eabi/7.2.1/../../../../arm-none-eabi/lib/thumb/v7e-m/fpv4-sp/hard\libc.a(lib_a-exit.o)
 .ARM.attributes
                0x00000000       0x34 d:/ti/ccs1031/ccs/tools/compiler/gcc-arm-none-eabi-7-2017-q4-major-win32/bin/../lib/gcc/arm-none-eabi/7.2.1/../../../../arm-none-eabi/lib/thumb/v7e-m/fpv4-sp/hard\libc.a(lib_a-exit.o)
 .ARM.attributes
                0x00000000       0x34 d:/ti/ccs1031/ccs/tools/compiler/gcc-arm-none-eabi-7-2017-q4-major-win32/bin/../lib/gcc/arm-none-eabi/7.2.1/../../../../arm-none-eabi/lib/thumb/v7e-m/fpv4-sp/hard\libc.a(lib_a-impure.o)
 .debug_frame   0x00000000       0x2c d:/ti/ccs1031/ccs/tools/compiler/gcc-arm-none-eabi-7-2017-q4-major-win32/bin/../lib/gcc/arm-none-eabi/7.2.1/../../../../arm-none-eabi/lib/thumb/v7e-m/fpv4-sp/hard\libc.a(lib_a-init.o)
 .ARM.attributes
                0x00000000       0x34 d:/ti/ccs1031/ccs/tools/compiler/gcc-arm-none-eabi-7-2017-q4-major-win32/bin/../lib/gcc/arm-none-eabi/7.2.1/../../../../arm-none-eabi/lib/thumb/v7e-m/fpv4-sp/hard\libc.a(lib_a-init.o)
 .debug_frame   0x00000000       0x38 d:/ti/ccs1031/ccs/tools/compiler/gcc-arm-none-eabi-7-2017-q4-major-win32/bin/../lib/gcc/arm-none-eabi/7.2.1/../../../../arm-none-eabi/lib/thumb/v7e-m/fpv4-sp/hard\libc.a(lib_a-memset.o)
 .ARM.attributes
                0x00000000       0x34 d:/ti/ccs1031/ccs/tools/compiler/gcc-arm-none-eabi-7-2017-q4-major-win32/bin/../lib/gcc/arm-none-eabi/7.2.1/../../../../arm-none-eabi/lib/thumb/v7e-m/fpv4-sp/hard\libc.a(lib_a-memset.o)
 .debug_frame   0x00000000       0x5c d:/ti/ccs1031/ccs/tools/compiler/gcc-arm-none-eabi-7-2017-q4-major-win32/bin/../lib/gcc/arm-none-eabi/7.2.1/../../../../arm-none-eabi/lib/thumb/v7e-m/fpv4-sp/hard\libc.a(lib_a-__call_atexit.o)
 .ARM.attributes
                0x00000000       0x34 d:/ti/ccs1031/ccs/tools/compiler/gcc-arm-none-eabi-7-2017-q4-major-win32/bin/../lib/gcc/arm-none-eabi/7.2.1/../../../../arm-none-eabi/lib/thumb/v7e-m/fpv4-sp/hard\libc.a(lib_a-__call_atexit.o)
 .debug_frame   0x00000000       0x20 d:/ti/ccs1031/ccs/tools/compiler/gcc-arm-none-eabi-7-2017-q4-major-win32/bin/../lib/gcc/arm-none-eabi/7.2.1/../../../../arm-none-eabi/lib/thumb/v7e-m/fpv4-sp/hard\libc.a(lib_a-atexit.o)
 .ARM.attributes
                0x00000000       0x34 d:/ti/ccs1031/ccs/tools/compiler/gcc-arm-none-eabi-7-2017-q4-major-win32/bin/../lib/gcc/arm-none-eabi/7.2.1/../../../../arm-none-eabi/lib/thumb/v7e-m/fpv4-sp/hard\libc.a(lib_a-atexit.o)
 .debug_frame   0x00000000       0x34 d:/ti/ccs1031/ccs/tools/compiler/gcc-arm-none-eabi-7-2017-q4-major-win32/bin/../lib/gcc/arm-none-eabi/7.2.1/../../../../arm-none-eabi/lib/thumb/v7e-m/fpv4-sp/hard\libc.a(lib_a-fini.o)
 .ARM.attributes
                0x00000000       0x34 d:/ti/ccs1031/ccs/tools/compiler/gcc-arm-none-eabi-7-2017-q4-major-win32/bin/../lib/gcc/arm-none-eabi/7.2.1/../../../../arm-none-eabi/lib/thumb/v7e-m/fpv4-sp/hard\libc.a(lib_a-fini.o)
 .debug_frame   0x00000000       0xb0 d:/ti/ccs1031/ccs/tools/compiler/gcc-arm-none-eabi-7-2017-q4-major-win32/bin/../lib/gcc/arm-none-eabi/7.2.1/../../../../arm-none-eabi/lib/thumb/v7e-m/fpv4-sp/hard\libc.a(lib_a-lock.o)
 .ARM.attributes
                0x00000000       0x34 d:/ti/ccs1031/ccs/tools/compiler/gcc-arm-none-eabi-7-2017-q4-major-win32/bin/../lib/gcc/arm-none-eabi/7.2.1/../../../../arm-none-eabi/lib/thumb/v7e-m/fpv4-sp/hard\libc.a(lib_a-lock.o)
 .debug_frame   0x00000000       0x34 d:/ti/ccs1031/ccs/tools/compiler/gcc-arm-none-eabi-7-2017-q4-major-win32/bin/../lib/gcc/arm-none-eabi/7.2.1/../../../../arm-none-eabi/lib/thumb/v7e-m/fpv4-sp/hard\libc.a(lib_a-__atexit.o)
 .ARM.attributes
                0x00000000       0x34 d:/ti/ccs1031/ccs/tools/compiler/gcc-arm-none-eabi-7-2017-q4-major-win32/bin/../lib/gcc/arm-none-eabi/7.2.1/../../../../arm-none-eabi/lib/thumb/v7e-m/fpv4-sp/hard\libc.a(lib_a-__atexit.o)

Memory Configuration

Name             Origin             Length             Attributes
ROM              0x00000000         0x00040000         xr
RAM              0x20000000         0x00008000         xrw
*default*        0x00000000         0xffffffff

Linker script and memory map

LOAD d:/ti/ccs1031/ccs/tools/compiler/gcc-arm-none-eabi-7-2017-q4-major-win32/bin/../lib/gcc/arm-none-eabi/7.2.1/thumb/v7e-m/fpv4-sp/hard/crti.o
LOAD d:/ti/ccs1031/ccs/tools/compiler/gcc-arm-none-eabi-7-2017-q4-major-win32/bin/../lib/gcc/arm-none-eabi/7.2.1/thumb/v7e-m/fpv4-sp/hard/crtbegin.o
LOAD d:/ti/ccs1031/ccs/tools/compiler/gcc-arm-none-eabi-7-2017-q4-major-win32/bin/../lib/gcc/arm-none-eabi/7.2.1/../../../../arm-none-eabi/lib/thumb/v7e-m/fpv4-sp/hard/crt0.o
LOAD ./bsp.o
LOAD ./main.o
LOAD ./php.o
LOAD ./php_keypad.o
LOAD ./php_lcd.o
LOAD ./php_uart.o
LOAD ./startup_tm4c_gnu.o
                0x00000200                STACK_SIZE = 0x200
                0x00000000                HEAP_SIZE = 0x0

.isr_vector     0x00000000      0x26c
 *(.isr_vector)
 .isr_vector    0x00000000      0x26c ./startup_tm4c_gnu.o
                0x00000000                g_pfnVectors
                0x0000026c                . = ALIGN (0x4)

.eh_frame       0x0000026c        0x4
 .eh_frame      0x0000026c        0x0 d:/ti/ccs1031/ccs/tools/compiler/gcc-arm-none-eabi-7-2017-q4-major-win32/bin/../lib/gcc/arm-none-eabi/7.2.1/thumb/v7e-m/fpv4-sp/hard/crtbegin.o
 .eh_frame      0x0000026c        0x4 d:/ti/ccs1031/ccs/tools/compiler/gcc-arm-none-eabi-7-2017-q4-major-win32/bin/../lib/gcc/arm-none-eabi/7.2.1/thumb/v7e-m/fpv4-sp/hard/crtend.o

.ARM.extab      0x00000270        0x0
 .ARM.extab     0x00000270        0x0 d:/ti/ccs1031/ccs/tools/compiler/gcc-arm-none-eabi-7-2017-q4-major-win32/bin/../lib/gcc/arm-none-eabi/7.2.1/../../../../arm-none-eabi/lib/thumb/v7e-m/fpv4-sp/hard/crt0.o

.ARM.exidx      0x00000270        0x8
 .ARM.exidx     0x00000270        0x8 d:/ti/ccs1031/ccs/tools/compiler/gcc-arm-none-eabi-7-2017-q4-major-win32/bin/../lib/gcc/arm-none-eabi/7.2.1/../../../../arm-none-eabi/lib/thumb/v7e-m/fpv4-sp/hard/crt0.o

.text           0x00000278      0xe08
                0x00000278                . = ALIGN (0x4)
 *(.text)
 .text          0x00000278        0x0 d:/ti/ccs1031/ccs/tools/compiler/gcc-arm-none-eabi-7-2017-q4-major-win32/bin/../lib/gcc/arm-none-eabi/7.2.1/thumb/v7e-m/fpv4-sp/hard/crti.o
 .text          0x00000278       0x40 d:/ti/ccs1031/ccs/tools/compiler/gcc-arm-none-eabi-7-2017-q4-major-win32/bin/../lib/gcc/arm-none-eabi/7.2.1/thumb/v7e-m/fpv4-sp/hard/crtbegin.o
 .text          0x000002b8       0x74 d:/ti/ccs1031/ccs/tools/compiler/gcc-arm-none-eabi-7-2017-q4-major-win32/bin/../lib/gcc/arm-none-eabi/7.2.1/../../../../arm-none-eabi/lib/thumb/v7e-m/fpv4-sp/hard/crt0.o
                0x000002b8                _start
                0x000002b8                _mainCRTStartup
 .text          0x0000032c        0x0 ./bsp.o
 .text          0x0000032c        0x0 ./main.o
 .text          0x0000032c        0x0 ./php.o
 .text          0x0000032c        0x0 ./php_keypad.o
 .text          0x0000032c        0x0 ./php_lcd.o
 .text          0x0000032c        0x0 ./php_uart.o
 .text          0x0000032c        0x0 ./startup_tm4c_gnu.o
 .text          0x0000032c        0x0 d:/ti/ccs1031/ccs/tools/compiler/gcc-arm-none-eabi-7-2017-q4-major-win32/bin/../lib/gcc/arm-none-eabi/7.2.1/../../../../arm-none-eabi/lib/thumb/v7e-m/fpv4-sp/hard\libc.a(lib_a-exit.o)
 .text          0x0000032c        0x0 d:/ti/ccs1031/ccs/tools/compiler/gcc-arm-none-eabi-7-2017-q4-major-win32/bin/../lib/gcc/arm-none-eabi/7.2.1/../../../../arm-none-eabi/lib/thumb/v7e-m/fpv4-sp/hard\libc.a(lib_a-impure.o)
 .text          0x0000032c        0x0 d:/ti/ccs1031/ccs/tools/compiler/gcc-arm-none-eabi-7-2017-q4-major-win32/bin/../lib/gcc/arm-none-eabi/7.2.1/../../../../arm-none-eabi/lib/thumb/v7e-m/fpv4-sp/hard\libc.a(lib_a-init.o)
 .text          0x0000032c        0x0 d:/ti/ccs1031/ccs/tools/compiler/gcc-arm-none-eabi-7-2017-q4-major-win32/bin/../lib/gcc/arm-none-eabi/7.2.1/../../../../arm-none-eabi/lib/thumb/v7e-m/fpv4-sp/hard\libc.a(lib_a-memset.o)
 .text          0x0000032c        0x0 d:/ti/ccs1031/ccs/tools/compiler/gcc-arm-none-eabi-7-2017-q4-major-win32/bin/../lib/gcc/arm-none-eabi/7.2.1/../../../../arm-none-eabi/lib/thumb/v7e-m/fpv4-sp/hard\libc.a(lib_a-__call_atexit.o)
 .text          0x0000032c        0x0 d:/ti/ccs1031/ccs/tools/compiler/gcc-arm-none-eabi-7-2017-q4-major-win32/bin/../lib/gcc/arm-none-eabi/7.2.1/../../../../arm-none-eabi/lib/thumb/v7e-m/fpv4-sp/hard\libc.a(lib_a-atexit.o)
 .text          0x0000032c        0x0 d:/ti/ccs1031/ccs/tools/compiler/gcc-arm-none-eabi-7-2017-q4-major-win32/bin/../lib/gcc/arm-none-eabi/7.2.1/../../../../arm-none-eabi/lib/thumb/v7e-m/fpv4-sp/hard\libc.a(lib_a-fini.o)
 .text          0x0000032c        0x0 d:/ti/ccs1031/ccs/tools/compiler/gcc-arm-none-eabi-7-2017-q4-major-win32/bin/../lib/gcc/arm-none-eabi/7.2.1/../../../../arm-none-eabi/lib/thumb/v7e-m/fpv4-sp/hard\libc.a(lib_a-lock.o)
 .text          0x0000032c        0x0 d:/ti/ccs1031/ccs/tools/compiler/gcc-arm-none-eabi-7-2017-q4-major-win32/bin/../lib/gcc/arm-none-eabi/7.2.1/../../../../arm-none-eabi/lib/thumb/v7e-m/fpv4-sp/hard\libc.a(lib_a-__atexit.o)
 .text          0x0000032c        0x0 d:/ti/ccs1031/ccs/tools/compiler/gcc-arm-none-eabi-7-2017-q4-major-win32/bin/../lib/gcc/arm-none-eabi/7.2.1/../../../../arm-none-eabi/lib/thumb/v7e-m/fpv4-sp/hard\libnosys.a(_exit.o)
 .text          0x0000032c        0x0 d:/ti/ccs1031/ccs/tools/compiler/gcc-arm-none-eabi-7-2017-q4-major-win32/bin/../lib/gcc/arm-none-eabi/7.2.1/thumb/v7e-m/fpv4-sp/hard/crtend.o
 .text          0x0000032c        0x0 d:/ti/ccs1031/ccs/tools/compiler/gcc-arm-none-eabi-7-2017-q4-major-win32/bin/../lib/gcc/arm-none-eabi/7.2.1/thumb/v7e-m/fpv4-sp/hard/crtn.o
 *(.text*)
 .text.__NVIC_SystemReset
                0x0000032c       0x28 ./bsp.o
 .text.BSP_init
                0x00000354       0x14 ./bsp.o
                0x00000354                BSP_init
 .text.BSP_LCD_ReturnHome
                0x00000368        0xe ./bsp.o
                0x00000368                BSP_LCD_ReturnHome
 .text.BSP_LCD_ClearDisplay
                0x00000376        0xe ./bsp.o
                0x00000376                BSP_LCD_ClearDisplay
 .text.BSP_LCD_DisplayOff
                0x00000384        0xe ./bsp.o
                0x00000384                BSP_LCD_DisplayOff
 .text.BSP_LCD_PrintStringData
                0x00000392       0x28 ./bsp.o
                0x00000392                BSP_LCD_PrintStringData
 *fill*         0x000003ba        0x2 
 .text.BSP_LCD_NibbleWrite
                0x000003bc       0x64 ./bsp.o
                0x000003bc                BSP_LCD_NibbleWrite
 .text.BSP_LCD_Command
                0x00000420       0x44 ./bsp.o
                0x00000420                BSP_LCD_Command
 .text.BSP_LCD_Data
                0x00000464       0x36 ./bsp.o
                0x00000464                BSP_LCD_Data
 .text.BSP_LCD_Init
                0x0000049a       0x7c ./bsp.o
                0x0000049a                BSP_LCD_Init
 *fill*         0x00000516        0x2 
 .text.BSP_LCD_Test
                0x00000518       0x3c ./bsp.o
                0x00000518                BSP_LCD_Test
 .text.BSP_UART_Test
                0x00000554       0x50 ./bsp.o
                0x00000554                BSP_UART_Test
 .text.BSP_DelayUs
                0x000005a4       0x3a ./bsp.o
                0x000005a4                BSP_DelayUs
 .text.BSP_DelayMs
                0x000005de       0x3e ./bsp.o
                0x000005de                BSP_DelayMs
 .text.Q_onAssert
                0x0000061c        0xe ./bsp.o
                0x0000061c                Q_onAssert
 .text.assert_failed
                0x0000062a        0x4 ./bsp.o
                0x0000062a                assert_failed
 *fill*         0x0000062e        0x2 
 .text.main     0x00000630       0x44 ./main.o
                0x00000630                main
 .text.PHP_DelayUs
                0x00000674       0x3a ./php.o
                0x00000674                PHP_DelayUs
 .text.PHP_DelayMs
                0x000006ae       0x3e ./php.o
                0x000006ae                PHP_DelayMs
 .text.PHP_KEYPAD_Init
                0x000006ec       0xcc ./php_keypad.o
                0x000006ec                PHP_KEYPAD_Init
 .text.PHP_KEYPAD_GetKey
                0x000007b8      0x140 ./php_keypad.o
                0x000007b8                PHP_KEYPAD_GetKey
 .text.PHP_KEYPAD_GetChar
                0x000008f8       0x42 ./php_keypad.o
                0x000008f8                PHP_KEYPAD_GetChar
 *fill*         0x0000093a        0x2 
 .text.PHP_LCD_Init
                0x0000093c       0x68 ./php_lcd.o
                0x0000093c                PHP_LCD_Init
 .text.PHP_UART0_Init
                0x000009a4       0xc8 ./php_uart.o
                0x000009a4                PHP_UART0_Init
 .text.PHP_UART1_Init
                0x00000a6c       0xe8 ./php_uart.o
                0x00000a6c                PHP_UART1_Init
 .text.PHP_UART_Rx
                0x00000b54       0x2a ./php_uart.o
                0x00000b54                PHP_UART_Rx
 .text.PHP_UART_Tx
                0x00000b7e       0x2c ./php_uart.o
                0x00000b7e                PHP_UART_Tx
 .text.PHP_UART_TxString
                0x00000baa       0x2c ./php_uart.o
                0x00000baa                PHP_UART_TxString
 *fill*         0x00000bd6        0x2 
 .text.Reset_Handler
                0x00000bd8       0x88 ./startup_tm4c_gnu.o
                0x00000bd8                Reset_Handler
 .text.NMI_Handler
                0x00000c60       0x18 ./startup_tm4c_gnu.o
                0x00000c60                NMI_Handler
 .text.MemManage_Handler
                0x00000c78       0x1c ./startup_tm4c_gnu.o
                0x00000c78                MemManage_Handler
 .text.HardFault_Handler
                0x00000c94       0x1c ./startup_tm4c_gnu.o
                0x00000c94                HardFault_Handler
 .text.BusFault_Handler
                0x00000cb0       0x1c ./startup_tm4c_gnu.o
                0x00000cb0                BusFault_Handler
 .text.UsageFault_Handler
                0x00000ccc       0x20 ./startup_tm4c_gnu.o
                0x00000ccc                UsageFault_Handler
 .text.Default_Handler
                0x00000cec       0x1c ./startup_tm4c_gnu.o
                0x00000cec                uDMAST_IRQHandler
                0x00000cec                GPIOPortP4_IRQHandler
                0x00000cec                PWM1Gen3_IRQHandler
                0x00000cec                WideTimer5B_IRQHandler
                0x00000cec                DebugMon_Handler
                0x00000cec                QEI2_IRQHandler
                0x00000cec                FlashCtrl_IRQHandler
                0x00000cec                GPIOPortP7_IRQHandler
                0x00000cec                Timer0B_IRQHandler
                0x00000cec                I2C0_IRQHandler
                0x00000cec                SysTick_Handler
                0x00000cec                WideTimer4B_IRQHandler
                0x00000cec                PendSV_Handler
                0x00000cec                I2C1_IRQHandler
                0x00000cec                GPIOPortP5_IRQHandler
                0x00000cec                PWMGen0_IRQHandler
                0x00000cec                UART1_IRQHandler
                0x00000cec                CAN1_IRQHandler
                0x00000cec                Timer1B_IRQHandler
                0x00000cec                Watchdog_IRQHandler
                0x00000cec                GPIOPortS_IRQHandler
                0x00000cec                GPIOPortQ7_IRQHandler
                0x00000cec                PWM1Gen2_IRQHandler
                0x00000cec                UART0_IRQHandler
                0x00000cec                GPIOPortL_IRQHandler
                0x00000cec                SSI0_IRQHandler
                0x00000cec                GPIOPortM_IRQHandler
                0x00000cec                FPU_IRQHandler
                0x00000cec                ADCSeq1_IRQHandler
                0x00000cec                GPIOPortP0_IRQHandler
                0x00000cec                WideTimer0B_IRQHandler
                0x00000cec                PWMFault_IRQHandler
                0x00000cec                WideTimer1A_IRQHandler
                0x00000cec                I2C5_IRQHandler
                0x00000cec                I2C4_IRQHandler
                0x00000cec                GPIOPortQ5_IRQHandler
                0x00000cec                PWMGen1_IRQHandler
                0x00000cec                SSI1_IRQHandler
                0x00000cec                I2C2_IRQHandler
                0x00000cec                UART5_IRQHandler
                0x00000cec                GPIOPortC_IRQHandler
                0x00000cec                GPIOPortK_IRQHandler
                0x00000cec                ADCSeq2_IRQHandler
                0x00000cec                PWMGen2_IRQHandler
                0x00000cec                UART2_IRQHandler
                0x00000cec                GPIOPortP3_IRQHandler
                0x00000cec                ADC1Seq0_IRQHandler
                0x00000cec                UART4_IRQHandler
                0x00000cec                GPIOPortJ_IRQHandler
                0x00000cec                Default_Handler
                0x00000cec                WideTimer0A_IRQHandler
                0x00000cec                Timer5A_IRQHandler
                0x00000cec                WideTimer3B_IRQHandler
                0x00000cec                WideTimer2B_IRQHandler
                0x00000cec                WideTimer5A_IRQHandler
                0x00000cec                Timer4A_IRQHandler
                0x00000cec                QEI1_IRQHandler
                0x00000cec                PWM1Fault_IRQHandler
                0x00000cec                GPIOPortP6_IRQHandler
                0x00000cec                QEI0_IRQHandler
                0x00000cec                ADC1Seq2_IRQHandler
                0x00000cec                ADC1Seq1_IRQHandler
                0x00000cec                PWMGen3_IRQHandler
                0x00000cec                GPIOPortD_IRQHandler
                0x00000cec                USB0_IRQHandler
                0x00000cec                I2C3_IRQHandler
                0x00000cec                SVC_Handler
                0x00000cec                GPIOPortP2_IRQHandler
                0x00000cec                GPIOPortQ4_IRQHandler
                0x00000cec                Timer3B_IRQHandler
                0x00000cec                Timer3A_IRQHandler
                0x00000cec                GPIOPortA_IRQHandler
                0x00000cec                ADC1Seq3_IRQHandler
                0x00000cec                Timer0A_IRQHandler
                0x00000cec                GPIOPortP1_IRQHandler
                0x00000cec                ADCSeq0_IRQHandler
                0x00000cec                Timer1A_IRQHandler
                0x00000cec                GPIOPortG_IRQHandler
                0x00000cec                GPIOPortQ3_IRQHandler
                0x00000cec                GPIOPortQ1_IRQHandler
                0x00000cec                Timer5B_IRQHandler
                0x00000cec                ADCSeq3_IRQHandler
                0x00000cec                WideTimer4A_IRQHandler
                0x00000cec                GPIOPortE_IRQHandler
                0x00000cec                CAN0_IRQHandler
                0x00000cec                GPIOPortQ0_IRQHandler
                0x00000cec                Comp0_IRQHandler
                0x00000cec                Comp1_IRQHandler
                0x00000cec                Comp2_IRQHandler
                0x00000cec                GPIOPortQ6_IRQHandler
                0x00000cec                SSI2_IRQHandler
                0x00000cec                PWM1Gen0_IRQHandler
                0x00000cec                GPIOPortF_IRQHandler
                0x00000cec                UART7_IRQHandler
                0x00000cec                UART6_IRQHandler
                0x00000cec                WideTimer2A_IRQHandler
                0x00000cec                GPIOPortB_IRQHandler
                0x00000cec                WideTimer3A_IRQHandler
                0x00000cec                CAN2_IRQHandler
                0x00000cec                WideTimer1B_IRQHandler
                0x00000cec                GPIOPortH_IRQHandler
                0x00000cec                GPIOPortQ2_IRQHandler
                0x00000cec                GPIOPortR_IRQHandler
                0x00000cec                Timer4B_IRQHandler
                0x00000cec                Timer2A_IRQHandler
                0x00000cec                SSI3_IRQHandler
                0x00000cec                Timer2B_IRQHandler
                0x00000cec                uDMAError_IRQHandler
                0x00000cec                GPIOPortN_IRQHandler
                0x00000cec                UART3_IRQHandler
                0x00000cec                SysCtrl_IRQHandler
                0x00000cec                Hibernate_IRQHandler
                0x00000cec                PWM1Gen1_IRQHandler
 .text.exit     0x00000d08       0x20 d:/ti/ccs1031/ccs/tools/compiler/gcc-arm-none-eabi-7-2017-q4-major-win32/bin/../lib/gcc/arm-none-eabi/7.2.1/../../../../arm-none-eabi/lib/thumb/v7e-m/fpv4-sp/hard\libc.a(lib_a-exit.o)
                0x00000d08                exit
 .text.__libc_init_array
                0x00000d28       0x48 d:/ti/ccs1031/ccs/tools/compiler/gcc-arm-none-eabi-7-2017-q4-major-win32/bin/../lib/gcc/arm-none-eabi/7.2.1/../../../../arm-none-eabi/lib/thumb/v7e-m/fpv4-sp/hard\libc.a(lib_a-init.o)
                0x00000d28                __libc_init_array
 .text.memset   0x00000d70       0x94 d:/ti/ccs1031/ccs/tools/compiler/gcc-arm-none-eabi-7-2017-q4-major-win32/bin/../lib/gcc/arm-none-eabi/7.2.1/../../../../arm-none-eabi/lib/thumb/v7e-m/fpv4-sp/hard\libc.a(lib_a-memset.o)
                0x00000d70                memset
 .text.startup.register_fini
                0x00000e04       0x14 d:/ti/ccs1031/ccs/tools/compiler/gcc-arm-none-eabi-7-2017-q4-major-win32/bin/../lib/gcc/arm-none-eabi/7.2.1/../../../../arm-none-eabi/lib/thumb/v7e-m/fpv4-sp/hard\libc.a(lib_a-__call_atexit.o)
 .text.__call_exitprocs
                0x00000e18       0xe8 d:/ti/ccs1031/ccs/tools/compiler/gcc-arm-none-eabi-7-2017-q4-major-win32/bin/../lib/gcc/arm-none-eabi/7.2.1/../../../../arm-none-eabi/lib/thumb/v7e-m/fpv4-sp/hard\libc.a(lib_a-__call_atexit.o)
                0x00000e18                __call_exitprocs
 .text.atexit   0x00000f00        0xc d:/ti/ccs1031/ccs/tools/compiler/gcc-arm-none-eabi-7-2017-q4-major-win32/bin/../lib/gcc/arm-none-eabi/7.2.1/../../../../arm-none-eabi/lib/thumb/v7e-m/fpv4-sp/hard\libc.a(lib_a-atexit.o)
                0x00000f00                atexit
 .text.__libc_fini_array
                0x00000f0c       0x34 d:/ti/ccs1031/ccs/tools/compiler/gcc-arm-none-eabi-7-2017-q4-major-win32/bin/../lib/gcc/arm-none-eabi/7.2.1/../../../../arm-none-eabi/lib/thumb/v7e-m/fpv4-sp/hard\libc.a(lib_a-fini.o)
                0x00000f0c                __libc_fini_array
 .text.__retarget_lock_init
                0x00000f40        0x4 d:/ti/ccs1031/ccs/tools/compiler/gcc-arm-none-eabi-7-2017-q4-major-win32/bin/../lib/gcc/arm-none-eabi/7.2.1/../../../../arm-none-eabi/lib/thumb/v7e-m/fpv4-sp/hard\libc.a(lib_a-lock.o)
                0x00000f40                __retarget_lock_init
 .text.__retarget_lock_init_recursive
                0x00000f44        0x4 d:/ti/ccs1031/ccs/tools/compiler/gcc-arm-none-eabi-7-2017-q4-major-win32/bin/../lib/gcc/arm-none-eabi/7.2.1/../../../../arm-none-eabi/lib/thumb/v7e-m/fpv4-sp/hard\libc.a(lib_a-lock.o)
                0x00000f44                __retarget_lock_init_recursive
 .text.__retarget_lock_close
                0x00000f48        0x4 d:/ti/ccs1031/ccs/tools/compiler/gcc-arm-none-eabi-7-2017-q4-major-win32/bin/../lib/gcc/arm-none-eabi/7.2.1/../../../../arm-none-eabi/lib/thumb/v7e-m/fpv4-sp/hard\libc.a(lib_a-lock.o)
                0x00000f48                __retarget_lock_close
 .text.__retarget_lock_close_recursive
                0x00000f4c        0x4 d:/ti/ccs1031/ccs/tools/compiler/gcc-arm-none-eabi-7-2017-q4-major-win32/bin/../lib/gcc/arm-none-eabi/7.2.1/../../../../arm-none-eabi/lib/thumb/v7e-m/fpv4-sp/hard\libc.a(lib_a-lock.o)
                0x00000f4c                __retarget_lock_close_recursive
 .text.__retarget_lock_acquire
                0x00000f50        0x4 d:/ti/ccs1031/ccs/tools/compiler/gcc-arm-none-eabi-7-2017-q4-major-win32/bin/../lib/gcc/arm-none-eabi/7.2.1/../../../../arm-none-eabi/lib/thumb/v7e-m/fpv4-sp/hard\libc.a(lib_a-lock.o)
                0x00000f50                __retarget_lock_acquire
 .text.__retarget_lock_acquire_recursive
                0x00000f54        0x4 d:/ti/ccs1031/ccs/tools/compiler/gcc-arm-none-eabi-7-2017-q4-major-win32/bin/../lib/gcc/arm-none-eabi/7.2.1/../../../../arm-none-eabi/lib/thumb/v7e-m/fpv4-sp/hard\libc.a(lib_a-lock.o)
                0x00000f54                __retarget_lock_acquire_recursive
 .text.__retarget_lock_try_acquire
                0x00000f58        0x4 d:/ti/ccs1031/ccs/tools/compiler/gcc-arm-none-eabi-7-2017-q4-major-win32/bin/../lib/gcc/arm-none-eabi/7.2.1/../../../../arm-none-eabi/lib/thumb/v7e-m/fpv4-sp/hard\libc.a(lib_a-lock.o)
                0x00000f58                __retarget_lock_try_acquire
 .text.__retarget_lock_try_acquire_recursive
                0x00000f5c        0x4 d:/ti/ccs1031/ccs/tools/compiler/gcc-arm-none-eabi-7-2017-q4-major-win32/bin/../lib/gcc/arm-none-eabi/7.2.1/../../../../arm-none-eabi/lib/thumb/v7e-m/fpv4-sp/hard\libc.a(lib_a-lock.o)
                0x00000f5c                __retarget_lock_try_acquire_recursive
 .text.__retarget_lock_release
                0x00000f60        0x4 d:/ti/ccs1031/ccs/tools/compiler/gcc-arm-none-eabi-7-2017-q4-major-win32/bin/../lib/gcc/arm-none-eabi/7.2.1/../../../../arm-none-eabi/lib/thumb/v7e-m/fpv4-sp/hard\libc.a(lib_a-lock.o)
                0x00000f60                __retarget_lock_release
 .text.__retarget_lock_release_recursive
                0x00000f64        0x4 d:/ti/ccs1031/ccs/tools/compiler/gcc-arm-none-eabi-7-2017-q4-major-win32/bin/../lib/gcc/arm-none-eabi/7.2.1/../../../../arm-none-eabi/lib/thumb/v7e-m/fpv4-sp/hard\libc.a(lib_a-lock.o)
                0x00000f64                __retarget_lock_release_recursive
 .text.__register_exitproc
                0x00000f68       0xc0 d:/ti/ccs1031/ccs/tools/compiler/gcc-arm-none-eabi-7-2017-q4-major-win32/bin/../lib/gcc/arm-none-eabi/7.2.1/../../../../arm-none-eabi/lib/thumb/v7e-m/fpv4-sp/hard\libc.a(lib_a-__atexit.o)
                0x00000f68                __register_exitproc
 .text._exit    0x00001028        0x4 d:/ti/ccs1031/ccs/tools/compiler/gcc-arm-none-eabi-7-2017-q4-major-win32/bin/../lib/gcc/arm-none-eabi/7.2.1/../../../../arm-none-eabi/lib/thumb/v7e-m/fpv4-sp/hard\libnosys.a(_exit.o)
                0x00001028                _exit
 *(.rodata)
 .rodata        0x0000102c       0x17 ./bsp.o
 *fill*         0x00001043        0x1 
 .rodata        0x00001044       0x10 ./php_keypad.o
 .rodata        0x00001054        0xe ./startup_tm4c_gnu.o
 *(.rodata*)
 *fill*         0x00001062        0x2 
 .rodata._global_impure_ptr
                0x00001064        0x4 d:/ti/ccs1031/ccs/tools/compiler/gcc-arm-none-eabi-7-2017-q4-major-win32/bin/../lib/gcc/arm-none-eabi/7.2.1/../../../../arm-none-eabi/lib/thumb/v7e-m/fpv4-sp/hard\libc.a(lib_a-impure.o)
                0x00001064                _global_impure_ptr
 *(.init)
 .init          0x00001068        0x4 d:/ti/ccs1031/ccs/tools/compiler/gcc-arm-none-eabi-7-2017-q4-major-win32/bin/../lib/gcc/arm-none-eabi/7.2.1/thumb/v7e-m/fpv4-sp/hard/crti.o
                0x00001068                _init
 .init          0x0000106c        0x8 d:/ti/ccs1031/ccs/tools/compiler/gcc-arm-none-eabi-7-2017-q4-major-win32/bin/../lib/gcc/arm-none-eabi/7.2.1/thumb/v7e-m/fpv4-sp/hard/crtn.o
 *(.fini)
 .fini          0x00001074        0x4 d:/ti/ccs1031/ccs/tools/compiler/gcc-arm-none-eabi-7-2017-q4-major-win32/bin/../lib/gcc/arm-none-eabi/7.2.1/thumb/v7e-m/fpv4-sp/hard/crti.o
                0x00001074                _fini
 .fini          0x00001078        0x8 d:/ti/ccs1031/ccs/tools/compiler/gcc-arm-none-eabi-7-2017-q4-major-win32/bin/../lib/gcc/arm-none-eabi/7.2.1/thumb/v7e-m/fpv4-sp/hard/crtn.o
                0x00001080                . = ALIGN (0x4)

.glue_7         0x00001080        0x0
 .glue_7        0x00001080        0x0 linker stubs

.glue_7t        0x00001080        0x0
 .glue_7t       0x00001080        0x0 linker stubs

.vfp11_veneer   0x00001080        0x0
 .vfp11_veneer  0x00001080        0x0 linker stubs

.v4_bx          0x00001080        0x0
 .v4_bx         0x00001080        0x0 linker stubs

.iplt           0x00001080        0x0
 .iplt          0x00001080        0x0 d:/ti/ccs1031/ccs/tools/compiler/gcc-arm-none-eabi-7-2017-q4-major-win32/bin/../lib/gcc/arm-none-eabi/7.2.1/thumb/v7e-m/fpv4-sp/hard/crtbegin.o

.rel.dyn        0x00001080        0x0
 .rel.iplt      0x00001080        0x0 d:/ti/ccs1031/ccs/tools/compiler/gcc-arm-none-eabi-7-2017-q4-major-win32/bin/../lib/gcc/arm-none-eabi/7.2.1/thumb/v7e-m/fpv4-sp/hard/crtbegin.o

.preinit_array  0x00001080        0x0
                0x00001080                PROVIDE (__preinit_array_start, .)
 *(.preinit_array*)
                0x00001080                PROVIDE (__preinit_array_end, .)

.init_array     0x00001080        0x8
                0x00001080                PROVIDE (__init_array_start, .)
 *(SORT_BY_NAME(.init_array.*))
 .init_array.00000
                0x00001080        0x4 d:/ti/ccs1031/ccs/tools/compiler/gcc-arm-none-eabi-7-2017-q4-major-win32/bin/../lib/gcc/arm-none-eabi/7.2.1/../../../../arm-none-eabi/lib/thumb/v7e-m/fpv4-sp/hard\libc.a(lib_a-__call_atexit.o)
 *(.init_array*)
 .init_array    0x00001084        0x4 d:/ti/ccs1031/ccs/tools/compiler/gcc-arm-none-eabi-7-2017-q4-major-win32/bin/../lib/gcc/arm-none-eabi/7.2.1/thumb/v7e-m/fpv4-sp/hard/crtbegin.o
                0x00001088                PROVIDE (__init_array_end, .)

.fini_array     0x00001088        0x4
                0x00001088                PROVIDE (__fini_array_start, .)
 *(.fini_array*)
 .fini_array    0x00001088        0x4 d:/ti/ccs1031/ccs/tools/compiler/gcc-arm-none-eabi-7-2017-q4-major-win32/bin/../lib/gcc/arm-none-eabi/7.2.1/thumb/v7e-m/fpv4-sp/hard/crtbegin.o
 *(SORT_BY_NAME(.fini_array.*))
                0x0000108c                PROVIDE (__fini_array_end, .)
                0x0000108c                _etext = .

.stack          0x20000000      0x200
                0x20000000                __stack_start__ = .
                0x20000200                . = (. + STACK_SIZE)
 *fill*         0x20000000      0x200 
                0x20000200                . = ALIGN (0x4)
                0x20000200                __stack_end__ = .

.data           0x20000200      0x434 load address 0x0000108c
                0x0000108c                __data_load = LOADADDR (.data)
                0x20000200                __data_start = .
 *(.data)
 .data          0x20000200        0x0 d:/ti/ccs1031/ccs/tools/compiler/gcc-arm-none-eabi-7-2017-q4-major-win32/bin/../lib/gcc/arm-none-eabi/7.2.1/thumb/v7e-m/fpv4-sp/hard/crti.o
 .data          0x20000200        0x4 d:/ti/ccs1031/ccs/tools/compiler/gcc-arm-none-eabi-7-2017-q4-major-win32/bin/../lib/gcc/arm-none-eabi/7.2.1/thumb/v7e-m/fpv4-sp/hard/crtbegin.o
                0x20000200                __dso_handle
 .data          0x20000204        0x0 d:/ti/ccs1031/ccs/tools/compiler/gcc-arm-none-eabi-7-2017-q4-major-win32/bin/../lib/gcc/arm-none-eabi/7.2.1/../../../../arm-none-eabi/lib/thumb/v7e-m/fpv4-sp/hard/crt0.o
 .data          0x20000204        0x0 ./bsp.o
 .data          0x20000204        0x0 ./main.o
 .data          0x20000204        0x0 ./php.o
 .data          0x20000204        0x0 ./php_keypad.o
 .data          0x20000204        0x0 ./php_lcd.o
 .data          0x20000204        0x0 ./php_uart.o
 .data          0x20000204        0x0 ./startup_tm4c_gnu.o
 .data          0x20000204        0x0 d:/ti/ccs1031/ccs/tools/compiler/gcc-arm-none-eabi-7-2017-q4-major-win32/bin/../lib/gcc/arm-none-eabi/7.2.1/../../../../arm-none-eabi/lib/thumb/v7e-m/fpv4-sp/hard\libc.a(lib_a-exit.o)
 .data          0x20000204        0x0 d:/ti/ccs1031/ccs/tools/compiler/gcc-arm-none-eabi-7-2017-q4-major-win32/bin/../lib/gcc/arm-none-eabi/7.2.1/../../../../arm-none-eabi/lib/thumb/v7e-m/fpv4-sp/hard\libc.a(lib_a-impure.o)
 .data          0x20000204        0x0 d:/ti/ccs1031/ccs/tools/compiler/gcc-arm-none-eabi-7-2017-q4-major-win32/bin/../lib/gcc/arm-none-eabi/7.2.1/../../../../arm-none-eabi/lib/thumb/v7e-m/fpv4-sp/hard\libc.a(lib_a-init.o)
 .data          0x20000204        0x0 d:/ti/ccs1031/ccs/tools/compiler/gcc-arm-none-eabi-7-2017-q4-major-win32/bin/../lib/gcc/arm-none-eabi/7.2.1/../../../../arm-none-eabi/lib/thumb/v7e-m/fpv4-sp/hard\libc.a(lib_a-memset.o)
 .data          0x20000204        0x0 d:/ti/ccs1031/ccs/tools/compiler/gcc-arm-none-eabi-7-2017-q4-major-win32/bin/../lib/gcc/arm-none-eabi/7.2.1/../../../../arm-none-eabi/lib/thumb/v7e-m/fpv4-sp/hard\libc.a(lib_a-__call_atexit.o)
 .data          0x20000204        0x0 d:/ti/ccs1031/ccs/tools/compiler/gcc-arm-none-eabi-7-2017-q4-major-win32/bin/../lib/gcc/arm-none-eabi/7.2.1/../../../../arm-none-eabi/lib/thumb/v7e-m/fpv4-sp/hard\libc.a(lib_a-atexit.o)
 .data          0x20000204        0x0 d:/ti/ccs1031/ccs/tools/compiler/gcc-arm-none-eabi-7-2017-q4-major-win32/bin/../lib/gcc/arm-none-eabi/7.2.1/../../../../arm-none-eabi/lib/thumb/v7e-m/fpv4-sp/hard\libc.a(lib_a-fini.o)
 .data          0x20000204        0x0 d:/ti/ccs1031/ccs/tools/compiler/gcc-arm-none-eabi-7-2017-q4-major-win32/bin/../lib/gcc/arm-none-eabi/7.2.1/../../../../arm-none-eabi/lib/thumb/v7e-m/fpv4-sp/hard\libc.a(lib_a-lock.o)
 .data          0x20000204        0x0 d:/ti/ccs1031/ccs/tools/compiler/gcc-arm-none-eabi-7-2017-q4-major-win32/bin/../lib/gcc/arm-none-eabi/7.2.1/../../../../arm-none-eabi/lib/thumb/v7e-m/fpv4-sp/hard\libc.a(lib_a-__atexit.o)
 .data          0x20000204        0x0 d:/ti/ccs1031/ccs/tools/compiler/gcc-arm-none-eabi-7-2017-q4-major-win32/bin/../lib/gcc/arm-none-eabi/7.2.1/../../../../arm-none-eabi/lib/thumb/v7e-m/fpv4-sp/hard\libnosys.a(_exit.o)
 .data          0x20000204        0x0 d:/ti/ccs1031/ccs/tools/compiler/gcc-arm-none-eabi-7-2017-q4-major-win32/bin/../lib/gcc/arm-none-eabi/7.2.1/thumb/v7e-m/fpv4-sp/hard/crtend.o
 .data          0x20000204        0x0 d:/ti/ccs1031/ccs/tools/compiler/gcc-arm-none-eabi-7-2017-q4-major-win32/bin/../lib/gcc/arm-none-eabi/7.2.1/thumb/v7e-m/fpv4-sp/hard/crtn.o
 *(.data*)
 .data._impure_ptr
                0x20000204        0x4 d:/ti/ccs1031/ccs/tools/compiler/gcc-arm-none-eabi-7-2017-q4-major-win32/bin/../lib/gcc/arm-none-eabi/7.2.1/../../../../arm-none-eabi/lib/thumb/v7e-m/fpv4-sp/hard\libc.a(lib_a-impure.o)
                0x20000204                _impure_ptr
 .data.impure_data
                0x20000208      0x428 d:/ti/ccs1031/ccs/tools/compiler/gcc-arm-none-eabi-7-2017-q4-major-win32/bin/../lib/gcc/arm-none-eabi/7.2.1/../../../../arm-none-eabi/lib/thumb/v7e-m/fpv4-sp/hard\libc.a(lib_a-impure.o)
 .data.__atexit_recursive_mutex
                0x20000630        0x4 d:/ti/ccs1031/ccs/tools/compiler/gcc-arm-none-eabi-7-2017-q4-major-win32/bin/../lib/gcc/arm-none-eabi/7.2.1/../../../../arm-none-eabi/lib/thumb/v7e-m/fpv4-sp/hard\libc.a(lib_a-__call_atexit.o)
                0x20000630                __atexit_recursive_mutex
                0x20000634                . = ALIGN (0x4)
                0x20000634                __data_end__ = .
                0x20000634                _edata = __data_end__

.igot.plt       0x20000634        0x0 load address 0x000014c0
 .igot.plt      0x20000634        0x0 d:/ti/ccs1031/ccs/tools/compiler/gcc-arm-none-eabi-7-2017-q4-major-win32/bin/../lib/gcc/arm-none-eabi/7.2.1/thumb/v7e-m/fpv4-sp/hard/crtbegin.o

.bss            0x20000634       0x40 load address 0x000014c0
                0x20000634                __bss_start__ = .
 *(.bss)
 .bss           0x20000634        0x0 d:/ti/ccs1031/ccs/tools/compiler/gcc-arm-none-eabi-7-2017-q4-major-win32/bin/../lib/gcc/arm-none-eabi/7.2.1/thumb/v7e-m/fpv4-sp/hard/crti.o
 .bss           0x20000634       0x1c d:/ti/ccs1031/ccs/tools/compiler/gcc-arm-none-eabi-7-2017-q4-major-win32/bin/../lib/gcc/arm-none-eabi/7.2.1/thumb/v7e-m/fpv4-sp/hard/crtbegin.o
 .bss           0x20000650        0x0 d:/ti/ccs1031/ccs/tools/compiler/gcc-arm-none-eabi-7-2017-q4-major-win32/bin/../lib/gcc/arm-none-eabi/7.2.1/../../../../arm-none-eabi/lib/thumb/v7e-m/fpv4-sp/hard/crt0.o
 .bss           0x20000650        0x0 ./bsp.o
 .bss           0x20000650        0x0 ./main.o
 .bss           0x20000650        0x0 ./php.o
 .bss           0x20000650        0x0 ./php_keypad.o
 .bss           0x20000650        0x0 ./php_lcd.o
 .bss           0x20000650        0x0 ./php_uart.o
 .bss           0x20000650        0x0 ./startup_tm4c_gnu.o
 .bss           0x20000650        0x0 d:/ti/ccs1031/ccs/tools/compiler/gcc-arm-none-eabi-7-2017-q4-major-win32/bin/../lib/gcc/arm-none-eabi/7.2.1/../../../../arm-none-eabi/lib/thumb/v7e-m/fpv4-sp/hard\libc.a(lib_a-exit.o)
 .bss           0x20000650        0x0 d:/ti/ccs1031/ccs/tools/compiler/gcc-arm-none-eabi-7-2017-q4-major-win32/bin/../lib/gcc/arm-none-eabi/7.2.1/../../../../arm-none-eabi/lib/thumb/v7e-m/fpv4-sp/hard\libc.a(lib_a-impure.o)
 .bss           0x20000650        0x0 d:/ti/ccs1031/ccs/tools/compiler/gcc-arm-none-eabi-7-2017-q4-major-win32/bin/../lib/gcc/arm-none-eabi/7.2.1/../../../../arm-none-eabi/lib/thumb/v7e-m/fpv4-sp/hard\libc.a(lib_a-init.o)
 .bss           0x20000650        0x0 d:/ti/ccs1031/ccs/tools/compiler/gcc-arm-none-eabi-7-2017-q4-major-win32/bin/../lib/gcc/arm-none-eabi/7.2.1/../../../../arm-none-eabi/lib/thumb/v7e-m/fpv4-sp/hard\libc.a(lib_a-memset.o)
 .bss           0x20000650        0x0 d:/ti/ccs1031/ccs/tools/compiler/gcc-arm-none-eabi-7-2017-q4-major-win32/bin/../lib/gcc/arm-none-eabi/7.2.1/../../../../arm-none-eabi/lib/thumb/v7e-m/fpv4-sp/hard\libc.a(lib_a-__call_atexit.o)
 .bss           0x20000650        0x0 d:/ti/ccs1031/ccs/tools/compiler/gcc-arm-none-eabi-7-2017-q4-major-win32/bin/../lib/gcc/arm-none-eabi/7.2.1/../../../../arm-none-eabi/lib/thumb/v7e-m/fpv4-sp/hard\libc.a(lib_a-atexit.o)
 .bss           0x20000650        0x0 d:/ti/ccs1031/ccs/tools/compiler/gcc-arm-none-eabi-7-2017-q4-major-win32/bin/../lib/gcc/arm-none-eabi/7.2.1/../../../../arm-none-eabi/lib/thumb/v7e-m/fpv4-sp/hard\libc.a(lib_a-fini.o)
 .bss           0x20000650        0x0 d:/ti/ccs1031/ccs/tools/compiler/gcc-arm-none-eabi-7-2017-q4-major-win32/bin/../lib/gcc/arm-none-eabi/7.2.1/../../../../arm-none-eabi/lib/thumb/v7e-m/fpv4-sp/hard\libc.a(lib_a-lock.o)
 .bss           0x20000650        0x0 d:/ti/ccs1031/ccs/tools/compiler/gcc-arm-none-eabi-7-2017-q4-major-win32/bin/../lib/gcc/arm-none-eabi/7.2.1/../../../../arm-none-eabi/lib/thumb/v7e-m/fpv4-sp/hard\libc.a(lib_a-__atexit.o)
 .bss           0x20000650        0x0 d:/ti/ccs1031/ccs/tools/compiler/gcc-arm-none-eabi-7-2017-q4-major-win32/bin/../lib/gcc/arm-none-eabi/7.2.1/../../../../arm-none-eabi/lib/thumb/v7e-m/fpv4-sp/hard\libnosys.a(_exit.o)
 .bss           0x20000650        0x0 d:/ti/ccs1031/ccs/tools/compiler/gcc-arm-none-eabi-7-2017-q4-major-win32/bin/../lib/gcc/arm-none-eabi/7.2.1/thumb/v7e-m/fpv4-sp/hard/crtend.o
 .bss           0x20000650        0x0 d:/ti/ccs1031/ccs/tools/compiler/gcc-arm-none-eabi-7-2017-q4-major-win32/bin/../lib/gcc/arm-none-eabi/7.2.1/thumb/v7e-m/fpv4-sp/hard/crtn.o
 *(.bss*)
 *(COMMON)
 COMMON         0x20000650       0x21 d:/ti/ccs1031/ccs/tools/compiler/gcc-arm-none-eabi-7-2017-q4-major-win32/bin/../lib/gcc/arm-none-eabi/7.2.1/../../../../arm-none-eabi/lib/thumb/v7e-m/fpv4-sp/hard\libc.a(lib_a-lock.o)
                0x20000650                __lock___atexit_recursive_mutex
                0x20000654                __lock___arc4random_mutex
                0x20000658                __lock___env_recursive_mutex
                0x2000065c                __lock___sinit_recursive_mutex
                0x20000660                __lock___malloc_recursive_mutex
                0x20000664                __lock___at_quick_exit_mutex
                0x20000668                __lock___dd_hash_mutex
                0x2000066c                __lock___tz_mutex
                0x20000670                __lock___sfp_recursive_mutex
                0x20000674                . = ALIGN (0x4)
 *fill*         0x20000671        0x3 
                0x20000674                _ebss = .
                0x20000674                __bss_end__ = .
                [!provide]                PROVIDE (end, _ebss)
                [!provide]                PROVIDE (_end, _ebss)
                [!provide]                PROVIDE (__end__, _ebss)

.heap           0x20000674        0x0
                0x20000674                __heap_start__ = .
                0x20000674                . = (. + HEAP_SIZE)
                0x20000674                . = ALIGN (0x4)
                0x20000674                __heap_end__ = .

/DISCARD/
 libc.a(*)
 libm.a(*)
 libgcc.a(*)
START GROUP
LOAD d:/ti/ccs1031/ccs/tools/compiler/gcc-arm-none-eabi-7-2017-q4-major-win32/bin/../lib/gcc/arm-none-eabi/7.2.1/thumb/v7e-m/fpv4-sp/hard\libgcc.a
LOAD d:/ti/ccs1031/ccs/tools/compiler/gcc-arm-none-eabi-7-2017-q4-major-win32/bin/../lib/gcc/arm-none-eabi/7.2.1/../../../../arm-none-eabi/lib/thumb/v7e-m/fpv4-sp/hard\libg.a
LOAD d:/ti/ccs1031/ccs/tools/compiler/gcc-arm-none-eabi-7-2017-q4-major-win32/bin/../lib/gcc/arm-none-eabi/7.2.1/../../../../arm-none-eabi/lib/thumb/v7e-m/fpv4-sp/hard\libc.a
END GROUP
START GROUP
LOAD d:/ti/ccs1031/ccs/tools/compiler/gcc-arm-none-eabi-7-2017-q4-major-win32/bin/../lib/gcc/arm-none-eabi/7.2.1/thumb/v7e-m/fpv4-sp/hard\libgcc.a
LOAD d:/ti/ccs1031/ccs/tools/compiler/gcc-arm-none-eabi-7-2017-q4-major-win32/bin/../lib/gcc/arm-none-eabi/7.2.1/../../../../arm-none-eabi/lib/thumb/v7e-m/fpv4-sp/hard\libc.a
LOAD d:/ti/ccs1031/ccs/tools/compiler/gcc-arm-none-eabi-7-2017-q4-major-win32/bin/../lib/gcc/arm-none-eabi/7.2.1/../../../../arm-none-eabi/lib/thumb/v7e-m/fpv4-sp/hard\libnosys.a
END GROUP
LOAD d:/ti/ccs1031/ccs/tools/compiler/gcc-arm-none-eabi-7-2017-q4-major-win32/bin/../lib/gcc/arm-none-eabi/7.2.1/thumb/v7e-m/fpv4-sp/hard/crtend.o
LOAD d:/ti/ccs1031/ccs/tools/compiler/gcc-arm-none-eabi-7-2017-q4-major-win32/bin/../lib/gcc/arm-none-eabi/7.2.1/thumb/v7e-m/fpv4-sp/hard/crtn.o
OUTPUT(Peripheral_UART.out elf32-littlearm)

.ARM.attributes
                0x00000000       0x30
 .ARM.attributes
                0x00000000       0x22 d:/ti/ccs1031/ccs/tools/compiler/gcc-arm-none-eabi-7-2017-q4-major-win32/bin/../lib/gcc/arm-none-eabi/7.2.1/thumb/v7e-m/fpv4-sp/hard/crti.o
 .ARM.attributes
                0x00000022       0x34 d:/ti/ccs1031/ccs/tools/compiler/gcc-arm-none-eabi-7-2017-q4-major-win32/bin/../lib/gcc/arm-none-eabi/7.2.1/thumb/v7e-m/fpv4-sp/hard/crtbegin.o
 .ARM.attributes
                0x00000056       0x20 d:/ti/ccs1031/ccs/tools/compiler/gcc-arm-none-eabi-7-2017-q4-major-win32/bin/../lib/gcc/arm-none-eabi/7.2.1/../../../../arm-none-eabi/lib/thumb/v7e-m/fpv4-sp/hard/crt0.o
 .ARM.attributes
                0x00000076       0x39 ./bsp.o
 .ARM.attributes
                0x000000af       0x39 ./main.o
 .ARM.attributes
                0x000000e8       0x39 ./php.o
 .ARM.attributes
                0x00000121       0x39 ./php_keypad.o
 .ARM.attributes
                0x0000015a       0x39 ./php_lcd.o
 .ARM.attributes
                0x00000193       0x39 ./php_uart.o
 .ARM.attributes
                0x000001cc       0x39 ./startup_tm4c_gnu.o
 .ARM.attributes
                0x00000205       0x34 d:/ti/ccs1031/ccs/tools/compiler/gcc-arm-none-eabi-7-2017-q4-major-win32/bin/../lib/gcc/arm-none-eabi/7.2.1/../../../../arm-none-eabi/lib/thumb/v7e-m/fpv4-sp/hard\libnosys.a(_exit.o)
 .ARM.attributes
                0x00000239       0x34 d:/ti/ccs1031/ccs/tools/compiler/gcc-arm-none-eabi-7-2017-q4-major-win32/bin/../lib/gcc/arm-none-eabi/7.2.1/thumb/v7e-m/fpv4-sp/hard/crtend.o
 .ARM.attributes
                0x0000026d       0x22 d:/ti/ccs1031/ccs/tools/compiler/gcc-arm-none-eabi-7-2017-q4-major-win32/bin/../lib/gcc/arm-none-eabi/7.2.1/thumb/v7e-m/fpv4-sp/hard/crtn.o

.comment        0x00000000       0x7e
 .comment       0x00000000       0x7e ./bsp.o
                                 0x7f (size before relaxing)
 .comment       0x0000007e       0x7f ./main.o
 .comment       0x0000007e       0x7f ./php.o
 .comment       0x0000007e       0x7f ./php_keypad.o
 .comment       0x0000007e       0x7f ./php_lcd.o
 .comment       0x0000007e       0x7f ./php_uart.o
 .comment       0x0000007e       0x7f ./startup_tm4c_gnu.o

.debug_info     0x00000000     0x3a70
 .debug_info    0x00000000      0x84d ./bsp.o
 .debug_info    0x0000084d      0x298 ./main.o
 .debug_info    0x00000ae5      0x130 ./php.o
 .debug_info    0x00000c15      0xe7d ./php_keypad.o
 .debug_info    0x00001a92      0xded ./php_lcd.o
 .debug_info    0x0000287f     0x1048 ./php_uart.o
 .debug_info    0x000038c7      0x1a9 ./startup_tm4c_gnu.o

.debug_abbrev   0x00000000      0x7ef
 .debug_abbrev  0x00000000      0x1b9 ./bsp.o
 .debug_abbrev  0x000001b9      0x12c ./main.o
 .debug_abbrev  0x000002e5       0xaa ./php.o
 .debug_abbrev  0x0000038f      0x11b ./php_keypad.o
 .debug_abbrev  0x000004aa       0xe4 ./php_lcd.o
 .debug_abbrev  0x0000058e      0x183 ./php_uart.o
 .debug_abbrev  0x00000711       0xde ./startup_tm4c_gnu.o

.debug_aranges  0x00000000      0x1c0
 .debug_aranges
                0x00000000       0x98 ./bsp.o
 .debug_aranges
                0x00000098       0x20 ./main.o
 .debug_aranges
                0x000000b8       0x28 ./php.o
 .debug_aranges
                0x000000e0       0x30 ./php_keypad.o
 .debug_aranges
                0x00000110       0x20 ./php_lcd.o
 .debug_aranges
                0x00000130       0x40 ./php_uart.o
 .debug_aranges
                0x00000170       0x50 ./startup_tm4c_gnu.o

.debug_ranges   0x00000000      0x150
 .debug_ranges  0x00000000       0x88 ./bsp.o
 .debug_ranges  0x00000088       0x10 ./main.o
 .debug_ranges  0x00000098       0x18 ./php.o
 .debug_ranges  0x000000b0       0x20 ./php_keypad.o
 .debug_ranges  0x000000d0       0x10 ./php_lcd.o
 .debug_ranges  0x000000e0       0x30 ./php_uart.o
 .debug_ranges  0x00000110       0x40 ./startup_tm4c_gnu.o

.debug_line     0x00000000      0xe13
 .debug_line    0x00000000      0x353 ./bsp.o
 .debug_line    0x00000353      0x1d4 ./main.o
 .debug_line    0x00000527      0x1d9 ./php.o
 .debug_line    0x00000700      0x23d ./php_keypad.o
 .debug_line    0x0000093d      0x1d3 ./php_lcd.o
 .debug_line    0x00000b10      0x23c ./php_uart.o
 .debug_line    0x00000d4c       0xc7 ./startup_tm4c_gnu.o

.debug_str      0x00000000      0xb72
 .debug_str     0x00000000      0x3f3 ./bsp.o
                                0x44f (size before relaxing)
 .debug_str     0x000003f3        0xf ./main.o
                                0x269 (size before relaxing)
 .debug_str     0x00000402       0x21 ./php.o
                                0x1fd (size before relaxing)
 .debug_str     0x00000423      0x5c7 ./php_keypad.o
                                0x826 (size before relaxing)
 .debug_str     0x000009ea       0x1a ./php_lcd.o
                                0x7f4 (size before relaxing)
 .debug_str     0x00000a04       0x56 ./php_uart.o
                                0x885 (size before relaxing)
 .debug_str     0x00000a5a      0x118 ./startup_tm4c_gnu.o
                                0x239 (size before relaxing)

.debug_frame    0x00000000      0x4bc
 .debug_frame   0x00000000      0x20c ./bsp.o
 .debug_frame   0x0000020c       0x30 ./main.o
 .debug_frame   0x0000023c       0x60 ./php.o
 .debug_frame   0x0000029c       0x7c ./php_keypad.o
 .debug_frame   0x00000318       0x30 ./php_lcd.o
 .debug_frame   0x00000348       0xc0 ./php_uart.o
 .debug_frame   0x00000408       0x94 ./startup_tm4c_gnu.o
 .debug_frame   0x0000049c       0x20 d:/ti/ccs1031/ccs/tools/compiler/gcc-arm-none-eabi-7-2017-q4-major-win32/bin/../lib/gcc/arm-none-eabi/7.2.1/../../../../arm-none-eabi/lib/thumb/v7e-m/fpv4-sp/hard\libnosys.a(_exit.o)
